Archive member included to satisfy reference by file (symbol)

app/libapp.a(main.c.obj)      (--whole-archive)
app/libapp.a(qepn.c.obj)      (--whole-archive)
app/libapp.a(ClockAlarm_SM.c.obj)
                              (--whole-archive)
app/libapp.a(mui.c.obj)       (--whole-archive)
app/libapp.a(mui_u8g2.c.obj)  (--whole-archive)
app/libapp.a(u8g2_bitmap.c.obj)
                              (--whole-archive)
app/libapp.a(u8g2_box.c.obj)  (--whole-archive)
app/libapp.a(u8g2_buffer.c.obj)
                              (--whole-archive)
app/libapp.a(u8g2_button.c.obj)
                              (--whole-archive)
app/libapp.a(u8g2_circle.c.obj)
                              (--whole-archive)
app/libapp.a(u8g2_cleardisplay.c.obj)
                              (--whole-archive)
app/libapp.a(u8g2_d_memory.c.obj)
                              (--whole-archive)
app/libapp.a(u8g2_d_setup.c.obj)
                              (--whole-archive)
app/libapp.a(u8g2_font.c.obj)
                              (--whole-archive)
app/libapp.a(u8g2_fonts.c.obj)
                              (--whole-archive)
app/libapp.a(u8g2_hvline.c.obj)
                              (--whole-archive)
app/libapp.a(u8g2_input_value.c.obj)
                              (--whole-archive)
app/libapp.a(u8g2_intersection.c.obj)
                              (--whole-archive)
app/libapp.a(u8g2_kerning.c.obj)
                              (--whole-archive)
app/libapp.a(u8g2_line.c.obj)
                              (--whole-archive)
app/libapp.a(u8g2_ll_hvline.c.obj)
                              (--whole-archive)
app/libapp.a(u8g2_message.c.obj)
                              (--whole-archive)
app/libapp.a(u8g2_polygon.c.obj)
                              (--whole-archive)
app/libapp.a(u8g2_selection_list.c.obj)
                              (--whole-archive)
app/libapp.a(u8g2_setup.c.obj)
                              (--whole-archive)
app/libapp.a(u8log.c.obj)     (--whole-archive)
app/libapp.a(u8log_u8g2.c.obj)
                              (--whole-archive)
app/libapp.a(u8log_u8x8.c.obj)
                              (--whole-archive)
app/libapp.a(u8x8_8x8.c.obj)  (--whole-archive)
app/libapp.a(u8x8_byte.c.obj)
                              (--whole-archive)
app/libapp.a(u8x8_cad.c.obj)  (--whole-archive)
app/libapp.a(u8x8_capture.c.obj)
                              (--whole-archive)
app/libapp.a(u8x8_d_a2printer.c.obj)
                              (--whole-archive)
app/libapp.a(u8x8_d_gu800.c.obj)
                              (--whole-archive)
app/libapp.a(u8x8_d_st7565.c.obj)
                              (--whole-archive)
app/libapp.a(u8x8_debounce.c.obj)
                              (--whole-archive)
app/libapp.a(u8x8_display.c.obj)
                              (--whole-archive)
app/libapp.a(u8x8_fonts.c.obj)
                              (--whole-archive)
app/libapp.a(u8x8_gpio.c.obj)
                              (--whole-archive)
app/libapp.a(u8x8_input_value.c.obj)
                              (--whole-archive)
app/libapp.a(u8x8_message.c.obj)
                              (--whole-archive)
app/libapp.a(u8x8_selection_list.c.obj)
                              (--whole-archive)
app/libapp.a(u8x8_setup.c.obj)
                              (--whole-archive)
app/libapp.a(u8x8_string.c.obj)
                              (--whole-archive)
app/libapp.a(u8x8_u16toa.c.obj)
                              (--whole-archive)
app/libapp.a(u8x8_u8toa.c.obj)
                              (--whole-archive)
zephyr/libzephyr.a(cbprintf.c.obj)
                              (--whole-archive)
zephyr/libzephyr.a(cbprintf_packaged.c.obj)
                              (--whole-archive)
zephyr/libzephyr.a(crc32c_sw.c.obj)
                              (--whole-archive)
zephyr/libzephyr.a(crc32_sw.c.obj)
                              (--whole-archive)
zephyr/libzephyr.a(crc16_sw.c.obj)
                              (--whole-archive)
zephyr/libzephyr.a(crc8_sw.c.obj)
                              (--whole-archive)
zephyr/libzephyr.a(crc7_sw.c.obj)
                              (--whole-archive)
zephyr/libzephyr.a(dec.c.obj)
                              (--whole-archive)
zephyr/libzephyr.a(fdtable.c.obj)
                              (--whole-archive)
zephyr/libzephyr.a(hex.c.obj)
                              (--whole-archive)
zephyr/libzephyr.a(notify.c.obj)
                              (--whole-archive)
zephyr/libzephyr.a(printk.c.obj)
                              (--whole-archive)
zephyr/libzephyr.a(onoff.c.obj)
                              (--whole-archive)
zephyr/libzephyr.a(rb.c.obj)  (--whole-archive)
zephyr/libzephyr.a(sem.c.obj)
                              (--whole-archive)
zephyr/libzephyr.a(thread_entry.c.obj)
                              (--whole-archive)
zephyr/libzephyr.a(timeutil.c.obj)
                              (--whole-archive)
zephyr/libzephyr.a(heap.c.obj)
                              (--whole-archive)
[...]
Memory Configuration

Name             Origin             Length             Attributes
FLASH            0x00000000         0x00080000         xr
SRAM             0x20000000         0x00010000         xw
IDT_LIST         0xfffff7ff         0x00000800         xw
*default*        0x00000000         0xffffffff

Linker script and memory map

LOAD zephyr/CMakeFiles/zephyr_prebuilt.dir/misc/empty_file.c.obj
                0x00000020                _region_min_align = 0x20

.rel.plt        0x00000000        0x0
 *(SORT_BY_ALIGNMENT(.rel.plt))
                [!provide]                PROVIDE (__rel_iplt_start = .)
 *(SORT_BY_ALIGNMENT(.rel.iplt))
 .rel.iplt      0x00000000        0x0 app/libapp.a(main.c.obj)
                [!provide]                PROVIDE (__rel_iplt_end = .)

.rela.plt       0x00000000        0x0
 *(SORT_BY_ALIGNMENT(.rela.plt))
                [!provide]                PROVIDE (__rela_iplt_start = .)
 *(SORT_BY_ALIGNMENT(.rela.iplt))
                [!provide]                PROVIDE (__rela_iplt_end = .)

.rel.dyn
 *(SORT_BY_ALIGNMENT(.rel.*))

.rela.dyn
 *(SORT_BY_ALIGNMENT(.rela.*))

/DISCARD/
 *(SORT_BY_ALIGNMENT(.plt))
 *(SORT_BY_ALIGNMENT(.iplt))
 *(SORT_BY_ALIGNMENT(.got.plt))
 *(SORT_BY_ALIGNMENT(.igot.plt))
 *(SORT_BY_ALIGNMENT(.got))
 *(SORT_BY_ALIGNMENT(.igot))
 *(SORT_BY_ALIGNMENT(.note.GNU-stack))
                0x00000000                __rom_region_start = 0x0

rom_start       0x00000000       0xdc
                0x00000000                . = 0x0
                0x00000000                . = ALIGN (0x4)
                0x00000000                . = ALIGN (0x80)
                0x00000000                . = ALIGN (0x100)
                0x00000000                _vector_start = .
 *(SORT_BY_ALIGNMENT(.exc_vector_table))
 *(SORT_BY_ALIGNMENT(.exc_vector_table.*))
 .exc_vector_table._vector_table_section
                0x00000000       0x40 zephyr/arch/arch/arm/core/aarch32/cortex_m/libarch__arm__core__aarch32__cortex_m.a(vector_table.S.obj)
                0x00000000                _vector_table
 *(SORT_BY_ALIGNMENT(.gnu.linkonce.irq_vector_table*))
 .gnu.linkonce.irq_vector_table
                0x00000040       0x9c zephyr/arch/common/libisr_tables.a(isr_tables.c.obj)
                0x00000040                _irq_vector_table
 *(SORT_BY_ALIGNMENT(.vectors))
                0x000000dc                _vector_end = .

text            0x000000dc     0x7700
                0x000000dc                __text_region_start = .
 *(SORT_BY_ALIGNMENT(.text))
 .text          0x000000dc       0x30 c:/nrf/v1.8.0/toolchain/opt/bin/../lib/gcc/arm-none-eabi/9.2.1/thumb/v7e-m/nofp\libgcc.a(_aeabi_uldivmod.o)
                0x000000dc                __aeabi_uldivmod
 .text          0x0000010c      0x2c0 c:/nrf/v1.8.0/toolchain/opt/bin/../lib/gcc/arm-none-eabi/9.2.1/thumb/v7e-m/nofp\libgcc.a(_udivmoddi4.o)
                0x0000010c                __udivmoddi4
 .text          0x000003cc        0x4 c:/nrf/v1.8.0/toolchain/opt/bin/../lib/gcc/arm-none-eabi/9.2.1/thumb/v7e-m/nofp\libgcc.a(_dvmd_tls.o)
                0x000003cc                __aeabi_idiv0
                0x000003cc                __aeabi_ldiv0
 *(SORT_BY_ALIGNMENT(.text.*))
 .text.u8x8_gpio_and_delay
                0x000003d0      0x10c app/libapp.a(main.c.obj)
                0x000003d0                u8x8_gpio_and_delay
 .text.ScanRotaryEncoder
                0x000004dc       0xcc app/libapp.a(main.c.obj)
                0x000004dc                ScanRotaryEncoder
 .text.DisplayInit
                0x000005a8       0x44 app/libapp.a(main.c.obj)
                0x000005a8                DisplayInit
 .text.main     0x000005ec       0xf4 app/libapp.a(main.c.obj)
                0x000005ec                main
 .text.SPI_TX_Data
                0x000006e0       0x4c app/libapp.a(main.c.obj)
                0x000006e0                SPI_TX_Data
 .text.u8x8_byte_hw_spi
                0x0000072c       0x8c app/libapp.a(main.c.obj)
                0x0000072c                u8x8_byte_hw_spi
 .text.QHsm_init_
                0x000007b8       0x94 app/libapp.a(qepn.c.obj)
                0x000007b8                QHsm_init_
 .text.QHsm_tran_
                0x0000084c      0x120 app/libapp.a(qepn.c.obj)
 .text.QHsm_dispatch_
                0x0000096c       0xf4 app/libapp.a(qepn.c.obj)
                0x0000096c                QHsm_dispatch_
 .text.QHsm_ctor
                0x00000a60       0x14 app/libapp.a(qepn.c.obj)
                0x00000a60                QHsm_ctor
 .text.Clock_Alarm_update_current_time
                0x00000a74       0x20 app/libapp.a(ClockAlarm_SM.c.obj)
 .text.Clock_Alarm_set_current_time
                0x00000a94        0xc app/libapp.a(ClockAlarm_SM.c.obj)
 .text.Clock_Alarm_initial
                0x00000aa0       0x28 app/libapp.a(ClockAlarm_SM.c.obj)
 .text.Clock_Alarm_MainClock
                0x00000ac8       0x5c app/libapp.a(ClockAlarm_SM.c.obj)
 .text.Clock_Alarm_SetClock
                0x00000b24       0x20 app/libapp.a(ClockAlarm_SM.c.obj)
 .text.Clock_Alarm_SetAlarm
                0x00000b44       0x20 app/libapp.a(ClockAlarm_SM.c.obj)
 .text.Clock_Alarm_Constructor
                0x00000b64       0x14 app/libapp.a(ClockAlarm_SM.c.obj)
                0x00000b64                Clock_Alarm_Constructor
 .text.MilliSecondInterrupt_Cb
                0x00000b78       0x14 app/libapp.a(ClockAlarm_SM.c.obj)
                0x00000b78                MilliSecondInterrupt_Cb
 .text.RefreshDisplay
                0x00000b8c       0x50 app/libapp.a(ClockAlarm_SM.c.obj)
                0x00000b8c                RefreshDisplay
 .text.Clock_Alarm_Ticking
                0x00000bdc      0x184 app/libapp.a(ClockAlarm_SM.c.obj)
 .text.Clock_Alarm_NotifyAlarm
                0x00000d60       0xa4 app/libapp.a(ClockAlarm_SM.c.obj)
 .text.Clock_Alarm_MessageON
                0x00000e04       0x8c app/libapp.a(ClockAlarm_SM.c.obj)
 .text.Clock_Alarm_MessageOFF
                0x00000e90       0x8c app/libapp.a(ClockAlarm_SM.c.obj)
 .text.Clock_Alarm_SettingsParent
                0x00000f1c       0xdc app/libapp.a(ClockAlarm_SM.c.obj)
 .text.Clock_Alarm_SetHour_Alarm
                0x00000ff8      0x1b0 app/libapp.a(ClockAlarm_SM.c.obj)
 .text.Clock_Alarm_SetMin_Alarm
                0x000011a8      0x1ac app/libapp.a(ClockAlarm_SM.c.obj)
 .text.Clock_Alarm_Arm_Alarm
                0x00001354      0x170 app/libapp.a(ClockAlarm_SM.c.obj)
 .text.Clock_Alarm_SetHour
                0x000014c4      0x254 app/libapp.a(ClockAlarm_SM.c.obj)
 .text.Clock_Alarm_SetMin
                0x00001718      0x1a8 app/libapp.a(ClockAlarm_SM.c.obj)
 .text.u8g2_m_16_8_1
                0x000018c0        0xc app/libapp.a(u8g2_d_memory.c.obj)
                0x000018c0                u8g2_m_16_8_1
 .text.u8g2_Setup_st7565_zolen_128x64_1
                0x000018cc       0x3c app/libapp.a(u8g2_d_setup.c.obj)
                0x000018cc                u8g2_Setup_st7565_zolen_128x64_1
 .text.u8g2_draw_string
                0x00001908       0x7c app/libapp.a(u8g2_font.c.obj)
 .text.u8g2_DrawStr
                0x00001984       0x10 app/libapp.a(u8g2_font.c.obj)
                0x00001984                u8g2_DrawStr
 .text.u8g2_SetFontPosBaseline
                0x00001994        0xc app/libapp.a(u8g2_font.c.obj)
                0x00001994                u8g2_SetFontPosBaseline
 .text.u8x8_d_st7565_common
                0x000019a0       0xc4 app/libapp.a(u8x8_d_st7565.c.obj)
                0x000019a0                u8x8_d_st7565_common
 .text.u8x8_d_st7565_zolen_128x64
                0x00001a64       0x78 app/libapp.a(u8x8_d_st7565.c.obj)
                0x00001a64                u8x8_d_st7565_zolen_128x64
 .text.u8x8_SetupDefaults
                0x00001adc       0x28 app/libapp.a(u8x8_setup.c.obj)
                0x00001adc                u8x8_SetupDefaults
 .text.char_out
                0x00001b04       0x14 zephyr/libzephyr.a(printk.c.obj)
 .text.__printk_hook_install
                0x00001b18        0xc zephyr/libzephyr.a(printk.c.obj)
                0x00001b18                __printk_hook_install
 .text.vprintk  0x00001b24       0x20 zephyr/libzephyr.a(printk.c.obj)
                0x00001b24                vprintk
 .text.vsnprintk
                0x00001b44       0x2c zephyr/libzephyr.a(printk.c.obj)
                0x00001b44                vsnprintk
 .text.process_event
                0x00001b70      0x158 zephyr/libzephyr.a(onoff.c.obj)
 .text.cbvprintf
                0x00001cc8      0x9d4 zephyr/libzephyr.a(cbprintf_complete.c.obj)
                0x00001cc8                cbvprintf
 .text.pm_system_resume
                0x0000269c       0x80 zephyr/libzephyr.a(power.c.obj)
                0x0000269c                pm_system_resume
 .text.pm_system_suspend
                0x0000271c       0xc8 zephyr/libzephyr.a(power.c.obj)
                0x0000271c                pm_system_suspend
 .text.z_arm_cpu_idle_init
                0x000027e4        0xc zephyr/arch/arch/arm/core/aarch32/libarch__arm__core__aarch32.a(cpu_idle.S.obj)
                0x000027e4                z_arm_cpu_idle_init
 .text.arch_cpu_idle
                0x000027f0       0x1c zephyr/arch/arch/arm/core/aarch32/libarch__arm__core__aarch32.a(cpu_idle.S.obj)
                0x000027f0                arch_cpu_idle
 .text.arch_cpu_atomic_idle
                0x0000280c       0x14 zephyr/arch/arch/arm/core/aarch32/libarch__arm__core__aarch32.a(cpu_idle.S.obj)
                0x0000280c                arch_cpu_atomic_idle
 .text.arch_irq_enable
                0x00002820       0x20 zephyr/arch/arch/arm/core/aarch32/libarch__arm__core__aarch32.a(irq_manage.c.obj)
                0x00002820                arch_irq_enable
 .text.arch_irq_is_enabled
                0x00002840       0x1c zephyr/arch/arch/arm/core/aarch32/libarch__arm__core__aarch32.a(irq_manage.c.obj)
                0x00002840                arch_irq_is_enabled
 .text.z_arm_irq_priority_set
                0x0000285c       0x2c zephyr/arch/arch/arm/core/aarch32/libarch__arm__core__aarch32.a(irq_manage.c.obj)
                0x0000285c                z_arm_irq_priority_set
 .text.z_SysNmiOnReset
                0x00002888        0x8 zephyr/arch/arch/arm/core/aarch32/libarch__arm__core__aarch32.a(nmi_on_reset.S.obj)
                0x00002888                z_SysNmiOnReset
 .text.z_arm_prep_c
                0x00002890       0x38 zephyr/arch/arch/arm/core/aarch32/libarch__arm__core__aarch32.a(prep_c.c.obj)
                0x00002890                z_arm_prep_c
 .text.arch_swap
                0x000028c8       0x38 zephyr/arch/arch/arm/core/aarch32/libarch__arm__core__aarch32.a(swap.c.obj)
                0x000028c8                arch_swap
 .text.z_arm_pendsv
                0x00002900       0x58 zephyr/arch/arch/arm/core/aarch32/libarch__arm__core__aarch32.a(swap_helper.S.obj)
                0x00002900                z_arm_pendsv
 .text.z_arm_svc
                0x00002958       0x20 zephyr/arch/arch/arm/core/aarch32/libarch__arm__core__aarch32.a(swap_helper.S.obj)
                0x00002958                z_arm_svc
 .text.arch_new_thread
                0x00002978       0x40 zephyr/arch/arch/arm/core/aarch32/libarch__arm__core__aarch32.a(thread.c.obj)
                0x00002978                arch_new_thread
 .text.z_check_thread_stack_fail
                0x000029b8       0x60 zephyr/arch/arch/arm/core/aarch32/libarch__arm__core__aarch32.a(thread.c.obj)
                0x000029b8                z_check_thread_stack_fail
 .text.arch_switch_to_main_thread
                0x00002a18       0x2c zephyr/arch/arch/arm/core/aarch32/libarch__arm__core__aarch32.a(thread.c.obj)
                0x00002a18                arch_switch_to_main_thread
 .text._isr_wrapper
                0x00002a44       0x40 zephyr/arch/arch/arm/core/aarch32/libarch__arm__core__aarch32.a(isr_wrapper.S.obj)
                0x00002a44                _isr_wrapper
 .text._HandlerModeExit
                0x00002a84       0x1c zephyr/arch/arch/arm/core/aarch32/cortex_m/libarch__arm__core__aarch32__cortex_m.a(exc_exit.S.obj)
                0x00002a84                z_arm_exc_exit
                0x00002a84                z_arm_int_exit
 .text.bus_fault
                0x00002aa0       0x54 zephyr/arch/arch/arm/core/aarch32/cortex_m/libarch__arm__core__aarch32__cortex_m.a(fault.c.obj)
 .text.usage_fault
                0x00002af4       0x24 zephyr/arch/arch/arm/core/aarch32/cortex_m/libarch__arm__core__aarch32__cortex_m.a(fault.c.obj)
 .text.mem_manage_fault
                0x00002b18       0x8c zephyr/arch/arch/arm/core/aarch32/cortex_m/libarch__arm__core__aarch32__cortex_m.a(fault.c.obj)
 .text.hard_fault
                0x00002ba4       0x84 zephyr/arch/arch/arm/core/aarch32/cortex_m/libarch__arm__core__aarch32__cortex_m.a(fault.c.obj)
 .text.z_arm_fault
                0x00002c28       0x94 zephyr/arch/arch/arm/core/aarch32/cortex_m/libarch__arm__core__aarch32__cortex_m.a(fault.c.obj)
                0x00002c28                z_arm_fault
 .text.z_arm_fault_init
                0x00002cbc       0x10 zephyr/arch/arch/arm/core/aarch32/cortex_m/libarch__arm__core__aarch32__cortex_m.a(fault.c.obj)
                0x00002cbc                z_arm_fault_init
 .text.__fault  0x00002ccc       0x14 zephyr/arch/arch/arm/core/aarch32/cortex_m/libarch__arm__core__aarch32__cortex_m.a(fault_s.S.obj)
                0x00002ccc                z_arm_usage_fault
                0x00002ccc                z_arm_mpu_fault
                0x00002ccc                z_arm_debug_monitor
                0x00002ccc                z_arm_hard_fault
                0x00002ccc                z_arm_bus_fault
                0x00002ccc                z_arm_exc_spurious
 .text.z_arm_interrupt_init
                0x00002ce0       0x34 zephyr/arch/arch/arm/core/aarch32/cortex_m/libarch__arm__core__aarch32__cortex_m.a(irq_init.c.obj)
                0x00002ce0                z_arm_interrupt_init
 .text._reset_section
                0x00002d14       0x54 zephyr/arch/arch/arm/core/aarch32/cortex_m/libarch__arm__core__aarch32__cortex_m.a(reset.S.obj)
                0x00002d14                z_arm_reset
                0x00002d14                __start
 .text.z_arm_clear_arm_mpu_config
                0x00002d68       0x20 zephyr/arch/arch/arm/core/aarch32/cortex_m/libarch__arm__core__aarch32__cortex_m.a(scb.c.obj)
                0x00002d68                z_arm_clear_arm_mpu_config
 .text.z_arm_init_arch_hw_at_boot
                0x00002d88       0x54 zephyr/arch/arch/arm/core/aarch32/cortex_m/libarch__arm__core__aarch32__cortex_m.a(scb.c.obj)
                0x00002d88                z_arm_init_arch_hw_at_boot
 .text.z_impl_k_thread_abort
                0x00002ddc       0x2c zephyr/arch/arch/arm/core/aarch32/cortex_m/libarch__arm__core__aarch32__cortex_m.a(thread_abort.c.obj)
                0x00002ddc                z_impl_k_thread_abort
 .text.z_arm_configure_static_mpu_regions
                0x00002e08       0x1c zephyr/arch/arch/arm/core/aarch32/mpu/libarch__arm__core__aarch32__mpu.a(arm_core_mpu.c.obj)
                0x00002e08                z_arm_configure_static_mpu_regions
 .text.z_arm_configure_dynamic_mpu_regions
                0x00002e24       0x24 zephyr/arch/arch/arm/core/aarch32/mpu/libarch__arm__core__aarch32__mpu.a(arm_core_mpu.c.obj)
                0x00002e24                z_arm_configure_dynamic_mpu_regions
 .text.region_init
                0x00002e48       0x20 zephyr/arch/arch/arm/core/aarch32/mpu/libarch__arm__core__aarch32__mpu.a(arm_mpu.c.obj)
 .text.mpu_configure_static_mpu_regions
                0x00002e68       0x14 zephyr/arch/arch/arm/core/aarch32/mpu/libarch__arm__core__aarch32__mpu.a(arm_mpu.c.obj)
 .text.mpu_configure_dynamic_mpu_regions
                0x00002e7c       0x30 zephyr/arch/arch/arm/core/aarch32/mpu/libarch__arm__core__aarch32__mpu.a(arm_mpu.c.obj)
 .text.arm_core_mpu_enable
                0x00002eac       0x14 zephyr/arch/arch/arm/core/aarch32/mpu/libarch__arm__core__aarch32__mpu.a(arm_mpu.c.obj)
                0x00002eac                arm_core_mpu_enable
 .text.arm_core_mpu_disable
                0x00002ec0       0x10 zephyr/arch/arch/arm/core/aarch32/mpu/libarch__arm__core__aarch32__mpu.a(arm_mpu.c.obj)
                0x00002ec0                arm_core_mpu_disable
 .text.z_arm_mpu_init
                0x00002ed0       0x44 zephyr/arch/arch/arm/core/aarch32/mpu/libarch__arm__core__aarch32__mpu.a(arm_mpu.c.obj)
                0x00002ed0                z_arm_mpu_init
 .text.__stdout_hook_install
                0x00002f14        0xc zephyr/lib/libc/minimal/liblib__libc__minimal.a(stdout_console.c.obj)
                0x00002f14                __stdout_hook_install
 .text.sprintf  0x00002f20       0x34 zephyr/lib/libc/minimal/liblib__libc__minimal.a(sprintf.c.obj)
                0x00002f20                sprintf
 .text.nordicsemi_nrf52_init
                0x00002f54       0x28 zephyr/soc/arm/nordic_nrf/nrf52/libsoc__arm__nordic_nrf__nrf52.a(soc.c.obj)
 .text.sys_arch_reboot
                0x00002f7c       0x2c zephyr/soc/arm/nordic_nrf/nrf52/libsoc__arm__nordic_nrf__nrf52.a(soc.c.obj)
                0x00002f7c                sys_arch_reboot
 .text.arch_busy_wait
                0x00002fa8       0x18 zephyr/soc/arm/nordic_nrf/nrf52/libsoc__arm__nordic_nrf__nrf52.a(soc.c.obj)
                0x00002fa8                arch_busy_wait
 .text.get_hf_flags
                0x00002fc0        0x8 zephyr/drivers/clock_control/libdrivers__clock_control.a(clock_control_nrf.c.obj)
 .text.get_subsys
                0x00002fc8       0x18 zephyr/drivers/clock_control/libdrivers__clock_control.a(clock_control_nrf.c.obj)
 .text.onoff_stop
                0x00002fe0       0x20 zephyr/drivers/clock_control/libdrivers__clock_control.a(clock_control_nrf.c.obj)
 .text.onoff_start
                0x00003000       0x34 zephyr/drivers/clock_control/libdrivers__clock_control.a(clock_control_nrf.c.obj)
 .text.clock_event_handler
                0x00003034       0x34 zephyr/drivers/clock_control/libdrivers__clock_control.a(clock_control_nrf.c.obj)
 .text.generic_hfclk_start
                0x00003068       0x68 zephyr/drivers/clock_control/libdrivers__clock_control.a(clock_control_nrf.c.obj)
 .text.generic_hfclk_stop
                0x000030d0       0x30 zephyr/drivers/clock_control/libdrivers__clock_control.a(clock_control_nrf.c.obj)
 .text.api_blocking_start
                0x00003100       0x38 zephyr/drivers/clock_control/libdrivers__clock_control.a(clock_control_nrf.c.obj)
 .text.lfclk_start
                0x00003138       0x24 zephyr/drivers/clock_control/libdrivers__clock_control.a(clock_control_nrf.c.obj)
 .text.clk_init
                0x0000315c       0x68 zephyr/drivers/clock_control/libdrivers__clock_control.a(clock_control_nrf.c.obj)
 .text.lfclk_spinwait
                0x000031c4       0xe8 zephyr/drivers/clock_control/libdrivers__clock_control.a(clock_control_nrf.c.obj)
 .text.z_nrf_clock_control_lf_on
                0x000032ac       0x54 zephyr/drivers/clock_control/libdrivers__clock_control.a(clock_control_nrf.c.obj)
                0x000032ac                z_nrf_clock_control_lf_on
 .text.console_out
                0x00003300       0x2c zephyr/drivers/console/libdrivers__console.a(uart_console.c.obj)
 .text.uart_console_hook_install
                0x0000332c       0x18 zephyr/drivers/console/libdrivers__console.a(uart_console.c.obj)
 .text.uart_console_init
                0x00003344       0x24 zephyr/drivers/console/libdrivers__console.a(uart_console.c.obj)
 .text.gpio_nrfx_config
                0x00003368       0xdc zephyr/drivers/gpio/libdrivers__gpio.a(gpio_nrfx.c.obj)
 .text.gpiote_event_handler
                0x00003444       0xd4 zephyr/drivers/gpio/libdrivers__gpio.a(gpio_nrfx.c.obj)
 .text.gpiote_pin_cleanup
                0x00003518       0x58 zephyr/drivers/gpio/libdrivers__gpio.a(gpio_nrfx.c.obj)
 .text.gpiote_channel_alloc
                0x00003570       0x8c zephyr/drivers/gpio/libdrivers__gpio.a(gpio_nrfx.c.obj)
 .text.gpio_nrfx_init
                0x000035fc       0x38 zephyr/drivers/gpio/libdrivers__gpio.a(gpio_nrfx.c.obj)
 .text.baudrate_set
                0x00003634      0x150 zephyr/drivers/serial/libdrivers__serial.a(uart_nrfx_uarte.c.obj)
 .text.uarte_nrfx_poll_out
                0x00003784       0x70 zephyr/drivers/serial/libdrivers__serial.a(uart_nrfx_uarte.c.obj)
 .text.endtx_stoptx_ppi_init
                0x000037f4       0x48 zephyr/drivers/serial/libdrivers__serial.a(uart_nrfx_uarte.c.obj)
 .text.set_comparator
                0x0000383c       0x14 zephyr/drivers/timer/libdrivers__timer.a(nrf_rtc_timer.c.obj)
 .text.get_comparator
                0x00003850       0x10 zephyr/drivers/timer/libdrivers__timer.a(nrf_rtc_timer.c.obj)
 .text.event_enable
                0x00003860       0x14 zephyr/drivers/timer/libdrivers__timer.a(nrf_rtc_timer.c.obj)
 .text.event_disable
                0x00003874       0x14 zephyr/drivers/timer/libdrivers__timer.a(nrf_rtc_timer.c.obj)
 .text.counter  0x00003888        0xc zephyr/drivers/timer/libdrivers__timer.a(nrf_rtc_timer.c.obj)
 .text.compare_int_lock
                0x00003894       0x50 zephyr/drivers/timer/libdrivers__timer.a(nrf_rtc_timer.c.obj)
 .text.channel_processing_check_and_clear
                0x000038e4       0x78 zephyr/drivers/timer/libdrivers__timer.a(nrf_rtc_timer.c.obj)
 .text.compare_int_unlock
                0x0000395c       0x60 zephyr/drivers/timer/libdrivers__timer.a(nrf_rtc_timer.c.obj)
 .text.sys_clock_timeout_handler
                0x000039bc       0x74 zephyr/drivers/timer/libdrivers__timer.a(nrf_rtc_timer.c.obj)
 .text.z_nrf_rtc_timer_read
                0x00003a30       0x40 zephyr/drivers/timer/libdrivers__timer.a(nrf_rtc_timer.c.obj)
                0x00003a30                z_nrf_rtc_timer_read
 .text.compare_set_nolocks
                0x00003a70       0xa4 zephyr/drivers/timer/libdrivers__timer.a(nrf_rtc_timer.c.obj)
 .text.process_channel
                0x00003b14       0x74 zephyr/drivers/timer/libdrivers__timer.a(nrf_rtc_timer.c.obj)
 .text.rtc_nrf_isr
                0x00003b88       0x44 zephyr/drivers/timer/libdrivers__timer.a(nrf_rtc_timer.c.obj)
                0x00003b88                rtc_nrf_isr
 .text.sys_clock_driver_init
                0x00003bcc       0xa0 zephyr/drivers/timer/libdrivers__timer.a(nrf_rtc_timer.c.obj)
                0x00003bcc                sys_clock_driver_init
 .text.sys_clock_set_timeout
                0x00003c6c       0x68 zephyr/drivers/timer/libdrivers__timer.a(nrf_rtc_timer.c.obj)
                0x00003c6c                sys_clock_set_timeout
 .text.sys_clock_elapsed
                0x00003cd4       0x14 zephyr/drivers/timer/libdrivers__timer.a(nrf_rtc_timer.c.obj)
                0x00003cd4                sys_clock_elapsed
 .text.nrf52_errata_12
                0x00003ce8       0x24 modules/hal_nordic/nrfx/libmodules__hal_nordic__nrfx.a(system_nrf52.c.obj)
 .text.nrf52_errata_16
                0x00003d0c       0x2c modules/hal_nordic/nrfx/libmodules__hal_nordic__nrfx.a(system_nrf52.c.obj)
 .text.nrf52_errata_31
                0x00003d38       0x24 modules/hal_nordic/nrfx/libmodules__hal_nordic__nrfx.a(system_nrf52.c.obj)
 .text.nrf52_errata_32
                0x00003d5c       0x2c modules/hal_nordic/nrfx/libmodules__hal_nordic__nrfx.a(system_nrf52.c.obj)
 .text.nrf52_errata_36
                0x00003d88       0x24 modules/hal_nordic/nrfx/libmodules__hal_nordic__nrfx.a(system_nrf52.c.obj)
 .text.nrf52_errata_37
                0x00003dac       0x2c modules/hal_nordic/nrfx/libmodules__hal_nordic__nrfx.a(system_nrf52.c.obj)
 .text.nrf52_errata_57
                0x00003dd8       0x2c modules/hal_nordic/nrfx/libmodules__hal_nordic__nrfx.a(system_nrf52.c.obj)
 .text.nrf52_errata_66
                0x00003e04       0x44 modules/hal_nordic/nrfx/libmodules__hal_nordic__nrfx.a(system_nrf52.c.obj)
 .text.nrf52_errata_108
                0x00003e48       0x24 modules/hal_nordic/nrfx/libmodules__hal_nordic__nrfx.a(system_nrf52.c.obj)
 .text.nrf52_errata_136
                0x00003e6c       0x24 modules/hal_nordic/nrfx/libmodules__hal_nordic__nrfx.a(system_nrf52.c.obj)
 .text.nrf52_errata_182
                0x00003e90       0x2c modules/hal_nordic/nrfx/libmodules__hal_nordic__nrfx.a(system_nrf52.c.obj)
 .text.nrf52_errata_249
                0x00003ebc       0x2c modules/hal_nordic/nrfx/libmodules__hal_nordic__nrfx.a(system_nrf52.c.obj)
 .text.nvmc_wait
                0x00003ee8       0x10 modules/hal_nordic/nrfx/libmodules__hal_nordic__nrfx.a(system_nrf52.c.obj)
                0x00003ee8                nvmc_wait
 .text.nvmc_config
                0x00003ef8       0x14 modules/hal_nordic/nrfx/libmodules__hal_nordic__nrfx.a(system_nrf52.c.obj)
                0x00003ef8                nvmc_config
 .text.SystemCoreClockUpdate
                0x00003f0c       0x10 modules/hal_nordic/nrfx/libmodules__hal_nordic__nrfx.a(system_nrf52.c.obj)
                0x00003f0c                SystemCoreClockUpdate
 .text.SystemInit
                0x00003f1c      0x208 modules/hal_nordic/nrfx/libmodules__hal_nordic__nrfx.a(system_nrf52.c.obj)
                0x00003f1c                SystemInit
 .text.nrfx_clock_anomaly_132
                0x00004124       0x38 modules/hal_nordic/nrfx/libmodules__hal_nordic__nrfx.a(nrfx_clock.c.obj)
 .text.nrfx_clock_init
                0x0000415c       0x28 modules/hal_nordic/nrfx/libmodules__hal_nordic__nrfx.a(nrfx_clock.c.obj)
                0x0000415c                nrfx_clock_init
 .text.nrfx_clock_start
                0x00004184       0x7c modules/hal_nordic/nrfx/libmodules__hal_nordic__nrfx.a(nrfx_clock.c.obj)
                0x00004184                nrfx_clock_start
 .text.nrfx_clock_stop
                0x00004200      0x118 modules/hal_nordic/nrfx/libmodules__hal_nordic__nrfx.a(nrfx_clock.c.obj)
                0x00004200                nrfx_clock_stop
 .text.nrfx_power_clock_irq_handler
                0x00004318       0x7c modules/hal_nordic/nrfx/libmodules__hal_nordic__nrfx.a(nrfx_clock.c.obj)
                0x00004318                nrfx_power_clock_irq_handler
 .text.is_allocated_channel
                0x00004394       0x18 modules/hal_nordic/nrfx/libmodules__hal_nordic__nrfx.a(nrfx_gpiote.c.obj)
 .text.channel_allocated_set
                0x000043ac       0x14 modules/hal_nordic/nrfx/libmodules__hal_nordic__nrfx.a(nrfx_gpiote.c.obj)
 .text.channel_allocated_clr
                0x000043c0       0x18 modules/hal_nordic/nrfx/libmodules__hal_nordic__nrfx.a(nrfx_gpiote.c.obj)
 .text.nrfx_gpiote_channel_free
                0x000043d8       0x38 modules/hal_nordic/nrfx/libmodules__hal_nordic__nrfx.a(nrfx_gpiote.c.obj)
                0x000043d8                nrfx_gpiote_channel_free
 .text.nrfx_gpiote_channel_alloc
                0x00004410       0x70 modules/hal_nordic/nrfx/libmodules__hal_nordic__nrfx.a(nrfx_gpiote.c.obj)
                0x00004410                nrfx_gpiote_channel_alloc
 .text.is_allocated_channel
                0x00004480       0x18 modules/hal_nordic/nrfx/libmodules__hal_nordic__nrfx.a(nrfx_ppi.c.obj)
 .text.channel_allocated_set
                0x00004498       0x14 modules/hal_nordic/nrfx/libmodules__hal_nordic__nrfx.a(nrfx_ppi.c.obj)
 .text.nrfx_ppi_channel_alloc
                0x000044ac       0x6c modules/hal_nordic/nrfx/libmodules__hal_nordic__nrfx.a(nrfx_ppi.c.obj)
                0x000044ac                nrfx_ppi_channel_alloc
 .text._DoInit  0x00004518       0x6c modules/segger/libmodules__segger.a(SEGGER_RTT.c.obj)
 .text.z_device_state_init
                0x00004584       0x18 zephyr/kernel/libkernel.a(device.c.obj)
                0x00004584                z_device_state_init
 .text.z_sys_init_run_level
                0x0000459c       0x50 zephyr/kernel/libkernel.a(device.c.obj)
                0x0000459c                z_sys_init_run_level
 .text.z_impl_device_get_binding
                0x000045ec       0x64 zephyr/kernel/libkernel.a(device.c.obj)
                0x000045ec                z_impl_device_get_binding
 .text.init_idle_thread
                0x00004650       0x70 zephyr/kernel/libkernel.a(init.c.obj)
 .text.prepare_multithreading
                0x000046c0       0x94 zephyr/kernel/libkernel.a(init.c.obj)
 .text.bg_thread_main
                0x00004754       0x34 zephyr/kernel/libkernel.a(init.c.obj)
 .text.switch_to_main_thread
                0x00004788       0x14 zephyr/kernel/libkernel.a(init.c.obj)
 .text.z_bss_zero
                0x0000479c       0x18 zephyr/kernel/libkernel.a(init.c.obj)
                0x0000479c                z_bss_zero
 .text.z_cstart
                0x000047b4       0x84 zephyr/kernel/libkernel.a(init.c.obj)
                0x000047b4                z_cstart
 .text.z_thread_monitor_exit
                0x00004838       0x40 zephyr/kernel/libkernel.a(thread.c.obj)
                0x00004838                z_thread_monitor_exit
 .text.schedule_new_thread
                0x00004878       0x24 zephyr/kernel/libkernel.a(thread.c.obj)
 .text.z_setup_new_thread
                0x0000489c       0xc8 zephyr/kernel/libkernel.a(thread.c.obj)
                0x0000489c                z_setup_new_thread
 .text.z_init_static_threads
                0x00004964       0x9c zephyr/kernel/libkernel.a(thread.c.obj)
                0x00004964                z_init_static_threads
 .text.pm_save_idle
                0x00004a00       0x1c zephyr/kernel/libkernel.a(idle.c.obj)
 .text.z_impl_k_sem_give
                0x00004a1c       0x48 zephyr/kernel/libkernel.a(sem.c.obj)
                0x00004a1c                z_impl_k_sem_give
 .text.z_impl_k_sem_take
                0x00004a64       0x54 zephyr/kernel/libkernel.a(sem.c.obj)
                0x00004a64                z_impl_k_sem_take
 .text.add_thread_timeout
                0x00004ab8       0x20 zephyr/kernel/libkernel.a(sched.c.obj)
 .text.z_reset_time_slice
                0x00004ad8       0x2c zephyr/kernel/libkernel.a(sched.c.obj)
                0x00004ad8                z_reset_time_slice
 .text.k_sched_time_slice_set
                0x00004b04       0x78 zephyr/kernel/libkernel.a(sched.c.obj)
                0x00004b04                k_sched_time_slice_set
 .text.z_reschedule
                0x00004b7c       0x38 zephyr/kernel/libkernel.a(sched.c.obj)
                0x00004b7c                z_reschedule
 .text.k_sched_lock
                0x00004bb4       0x30 zephyr/kernel/libkernel.a(sched.c.obj)
                0x00004bb4                k_sched_lock
 .text.update_cache
                0x00004be4       0x4c zephyr/kernel/libkernel.a(sched.c.obj)
 .text.move_thread_to_end_of_prio_q
                0x00004c30       0x88 zephyr/kernel/libkernel.a(sched.c.obj)
 .text.z_time_slice
                0x00004cb8       0x98 zephyr/kernel/libkernel.a(sched.c.obj)
                0x00004cb8                z_time_slice
 .text.ready_thread
                0x00004d50       0x80 zephyr/kernel/libkernel.a(sched.c.obj)
 .text.z_sched_start
                0x00004dd0       0x3c zephyr/kernel/libkernel.a(sched.c.obj)
                0x00004dd0                z_sched_start
 .text.unready_thread
                0x00004e0c       0x38 zephyr/kernel/libkernel.a(sched.c.obj)
 .text.z_pend_curr
                0x00004e44       0x28 zephyr/kernel/libkernel.a(sched.c.obj)
                0x00004e44                z_pend_curr
 .text.z_impl_k_thread_suspend
                0x00004e6c       0x84 zephyr/kernel/libkernel.a(sched.c.obj)
                0x00004e6c                z_impl_k_thread_suspend
 .text.k_sched_unlock
                0x00004ef0       0x4c zephyr/kernel/libkernel.a(sched.c.obj)
                0x00004ef0                k_sched_unlock
 .text.end_thread
                0x00004f3c       0x9c zephyr/kernel/libkernel.a(sched.c.obj)
 .text.z_sched_init
                0x00004fd8       0x1c zephyr/kernel/libkernel.a(sched.c.obj)
                0x00004fd8                z_sched_init
 .text.z_impl_k_yield
                0x00004ff4       0x88 zephyr/kernel/libkernel.a(sched.c.obj)
                0x00004ff4                z_impl_k_yield
 .text.z_tick_sleep
                0x0000507c       0xa0 zephyr/kernel/libkernel.a(sched.c.obj)
 .text.z_impl_k_sleep
                0x0000511c       0x58 zephyr/kernel/libkernel.a(sched.c.obj)
                0x0000511c                z_impl_k_sleep
 .text.z_impl_z_current_get
                0x00005174        0xc zephyr/kernel/libkernel.a(sched.c.obj)
                0x00005174                z_impl_z_current_get
 .text.z_thread_abort
                0x00005180       0x50 zephyr/kernel/libkernel.a(sched.c.obj)
                0x00005180                z_thread_abort
 .text.z_data_copy
                0x000051d0       0x34 zephyr/kernel/libkernel.a(xip.c.obj)
                0x000051d0                z_data_copy
 .text.first    0x00005204       0x14 zephyr/kernel/libkernel.a(timeout.c.obj)
 .text.next     0x00005218       0x18 zephyr/kernel/libkernel.a(timeout.c.obj)
 .text.elapsed  0x00005230       0x18 zephyr/kernel/libkernel.a(timeout.c.obj)
 .text.next_timeout
                0x00005248       0x4c zephyr/kernel/libkernel.a(timeout.c.obj)
 .text.z_add_timeout
                0x00005294      0x154 zephyr/kernel/libkernel.a(timeout.c.obj)
                0x00005294                z_add_timeout
 .text.sys_clock_announce
                0x000053e8       0xc4 zephyr/kernel/libkernel.a(timeout.c.obj)
                0x000053e8                sys_clock_announce
 .text.sys_clock_tick_get
                0x000054ac       0x40 zephyr/kernel/libkernel.a(timeout.c.obj)
                0x000054ac                sys_clock_tick_get
 .text.z_timer_expiration_handler
                0x000054ec       0x78 zephyr/kernel/libkernel.a(timer.c.obj)
                0x000054ec                z_timer_expiration_handler
 .text.z_impl_k_timer_start
                0x00005564       0xe0 zephyr/kernel/libkernel.a(timer.c.obj)
                0x00005564                z_impl_k_timer_start
 .text.boot_banner
                0x00005644       0x1c zephyr/kernel/libkernel.a(banner.c.obj)
                0x00005644                boot_banner
 .text.z_impl_gpio_pin_configure
                0x00005660       0x4a app/libapp.a(main.c.obj)
 .text.gpio_pin_get
                0x000056aa       0x34 app/libapp.a(main.c.obj)
 .text.Q_onAssert
                0x000056de        0x0 app/libapp.a(main.c.obj)
                0x000056de                Q_onAssert
 .text.InitializeSPI
                0x000056de       0x66 app/libapp.a(main.c.obj)
                0x000056de                InitializeSPI
 .text.QHsm_top
                0x00005744        0x4 app/libapp.a(qepn.c.obj)
                0x00005744                QHsm_top
 .text.u8g2_send_tile_row
                0x00005748       0x20 app/libapp.a(u8g2_buffer.c.obj)
 .text.u8g2_send_buffer
                0x00005768       0x34 app/libapp.a(u8g2_buffer.c.obj)
 .text.u8g2_ClearBuffer
                0x0000579c       0x1a app/libapp.a(u8g2_buffer.c.obj)
                0x0000579c                u8g2_ClearBuffer
 .text.u8g2_SetBufferCurrTileRow
                0x000057b6       0x18 app/libapp.a(u8g2_buffer.c.obj)
                0x000057b6                u8g2_SetBufferCurrTileRow
 .text.u8g2_FirstPage
                0x000057ce       0x1a app/libapp.a(u8g2_buffer.c.obj)
                0x000057ce                u8g2_FirstPage
 .text.u8g2_NextPage
                0x000057e8       0x40 app/libapp.a(u8g2_buffer.c.obj)
                0x000057e8                u8g2_NextPage
 .text.u8g2_font_get_byte
                0x00005828        0x4 app/libapp.a(u8g2_font.c.obj)
 .text.u8g2_font_get_word
                0x0000582c        0xe app/libapp.a(u8g2_font.c.obj)
 .text.u8g2_font_calc_vref_font
                0x0000583a        0x4 app/libapp.a(u8g2_font.c.obj)
                0x0000583a                u8g2_font_calc_vref_font
 .text.u8g2_read_font_info
                0x0000583e       0xd0 app/libapp.a(u8g2_font.c.obj)
                0x0000583e                u8g2_read_font_info
 .text.u8g2_font_decode_get_unsigned_bits
                0x0000590e       0x3e app/libapp.a(u8g2_font.c.obj)
                0x0000590e                u8g2_font_decode_get_unsigned_bits
 .text.u8g2_font_setup_decode
                0x0000594c       0x40 app/libapp.a(u8g2_font.c.obj)
 .text.u8g2_font_decode_get_signed_bits
                0x0000598c       0x1c app/libapp.a(u8g2_font.c.obj)
                0x0000598c                u8g2_font_decode_get_signed_bits
 .text.u8g2_add_vector_y
                0x000059a8       0x22 app/libapp.a(u8g2_font.c.obj)
                0x000059a8                u8g2_add_vector_y
 .text.u8g2_add_vector_x
                0x000059ca       0x22 app/libapp.a(u8g2_font.c.obj)
                0x000059ca                u8g2_add_vector_x
 .text.u8g2_font_decode_len
                0x000059ec       0xca app/libapp.a(u8g2_font.c.obj)
                0x000059ec                u8g2_font_decode_len
 .text.u8g2_font_decode_glyph
                0x00005ab6      0x146 app/libapp.a(u8g2_font.c.obj)
                0x00005ab6                u8g2_font_decode_glyph
 .text.u8g2_font_get_glyph_data
                0x00005bfc       0x74 app/libapp.a(u8g2_font.c.obj)
                0x00005bfc                u8g2_font_get_glyph_data
 .text.u8g2_font_draw_glyph
                0x00005c70       0x24 app/libapp.a(u8g2_font.c.obj)
 .text.u8g2_DrawGlyph
                0x00005c94       0x4e app/libapp.a(u8g2_font.c.obj)
                0x00005c94                u8g2_DrawGlyph
 .text.u8g2_UpdateRefHeight
                0x00005ce2       0x5a app/libapp.a(u8g2_font.c.obj)
                0x00005ce2                u8g2_UpdateRefHeight
 .text.u8g2_SetFont
                0x00005d3c       0x1c app/libapp.a(u8g2_font.c.obj)
                0x00005d3c                u8g2_SetFont
 .text.u8g2_clip_intersection2
                0x00005d58       0x42 app/libapp.a(u8g2_hvline.c.obj)
 .text.u8g2_draw_hv_line_2dir
                0x00005d9a       0x18 app/libapp.a(u8g2_hvline.c.obj)
                0x00005d9a                u8g2_draw_hv_line_2dir
 .text.u8g2_DrawHVLine
                0x00005db2       0xc2 app/libapp.a(u8g2_hvline.c.obj)
                0x00005db2                u8g2_DrawHVLine
 .text.u8g2_SetDrawColor
                0x00005e74       0x10 app/libapp.a(u8g2_hvline.c.obj)
                0x00005e74                u8g2_SetDrawColor
 .text.u8g2_is_intersection_decision_tree
                0x00005e84       0x2c app/libapp.a(u8g2_intersection.c.obj)
                0x00005e84                u8g2_is_intersection_decision_tree
 .text.u8g2_IsIntersection
                0x00005eb0       0x2c app/libapp.a(u8g2_intersection.c.obj)
                0x00005eb0                u8g2_IsIntersection
 .text.u8g2_ll_hvline_vertical_top_lsb
                0x00005edc       0x94 app/libapp.a(u8g2_ll_hvline.c.obj)
                0x00005edc                u8g2_ll_hvline_vertical_top_lsb
 .text.u8g2_update_dimension_common
                0x00005f70       0x48 app/libapp.a(u8g2_setup.c.obj)
 .text.u8g2_update_dimension_r0
                0x00005fb8        0x8 app/libapp.a(u8g2_setup.c.obj)
                0x00005fb8                u8g2_update_dimension_r0
 .text.u8g2_apply_clip_window
                0x00005fc0       0x70 app/libapp.a(u8g2_setup.c.obj)
 .text.u8g2_update_page_win_r0
                0x00006030       0x26 app/libapp.a(u8g2_setup.c.obj)
                0x00006030                u8g2_update_page_win_r0
 .text.u8g2_draw_l90_mirrorr_r0
                0x00006056       0x2a app/libapp.a(u8g2_setup.c.obj)
                0x00006056                u8g2_draw_l90_mirrorr_r0
 .text.u8g2_SetMaxClipWindow
                0x00006080       0x20 app/libapp.a(u8g2_setup.c.obj)
                0x00006080                u8g2_SetMaxClipWindow
 .text.u8g2_SetupBuffer
                0x000060a0       0x40 app/libapp.a(u8g2_setup.c.obj)
                0x000060a0                u8g2_SetupBuffer
 .text.u8x8_ascii_next
                0x000060e0       0x16 app/libapp.a(u8x8_8x8.c.obj)
                0x000060e0                u8x8_ascii_next
 .text.u8x8_utf8_init
                0x000060f6        0x8 app/libapp.a(u8x8_8x8.c.obj)
                0x000060f6                u8x8_utf8_init
 .text.u8x8_byte_SetDC
                0x000060fe        0xe app/libapp.a(u8x8_byte.c.obj)
                0x000060fe                u8x8_byte_SetDC
 .text.u8x8_byte_SendBytes
                0x0000610c        0xe app/libapp.a(u8x8_byte.c.obj)
                0x0000610c                u8x8_byte_SendBytes
 .text.u8x8_byte_SendByte
                0x0000611a       0x18 app/libapp.a(u8x8_byte.c.obj)
                0x0000611a                u8x8_byte_SendByte
 .text.u8x8_cad_SendCmd
                0x00006132        0xe app/libapp.a(u8x8_cad.c.obj)
                0x00006132                u8x8_cad_SendCmd
 .text.u8x8_cad_SendArg
                0x00006140        0xe app/libapp.a(u8x8_cad.c.obj)
                0x00006140                u8x8_cad_SendArg
 .text.u8x8_cad_SendData
                0x0000614e        0xe app/libapp.a(u8x8_cad.c.obj)
                0x0000614e                u8x8_cad_SendData
 .text.u8x8_cad_StartTransfer
                0x0000615c        0xe app/libapp.a(u8x8_cad.c.obj)
                0x0000615c                u8x8_cad_StartTransfer
 .text.u8x8_cad_EndTransfer
                0x0000616a        0xe app/libapp.a(u8x8_cad.c.obj)
                0x0000616a                u8x8_cad_EndTransfer
 .text.u8x8_cad_SendSequence
                0x00006178       0x72 app/libapp.a(u8x8_cad.c.obj)
                0x00006178                u8x8_cad_SendSequence
 .text.u8x8_cad_001
                0x000061ea       0x5e app/libapp.a(u8x8_cad.c.obj)
                0x000061ea                u8x8_cad_001
 .text.u8x8_d_helper_display_setup_memory
                0x00006248        0xa app/libapp.a(u8x8_display.c.obj)
                0x00006248                u8x8_d_helper_display_setup_memory
 .text.u8x8_d_helper_display_init
                0x00006252       0x5e app/libapp.a(u8x8_display.c.obj)
                0x00006252                u8x8_d_helper_display_init
 .text.u8x8_DrawTile
                0x000062b0       0x22 app/libapp.a(u8x8_display.c.obj)
                0x000062b0                u8x8_DrawTile
 .text.u8x8_SetupMemory
                0x000062d2        0xe app/libapp.a(u8x8_display.c.obj)
                0x000062d2                u8x8_SetupMemory
 .text.u8x8_InitDisplay
                0x000062e0        0xe app/libapp.a(u8x8_display.c.obj)
                0x000062e0                u8x8_InitDisplay
 .text.u8x8_SetPowerSave
                0x000062ee        0xe app/libapp.a(u8x8_display.c.obj)
                0x000062ee                u8x8_SetPowerSave
 .text.u8x8_RefreshDisplay
                0x000062fc        0xe app/libapp.a(u8x8_display.c.obj)
                0x000062fc                u8x8_RefreshDisplay
 .text.u8x8_gpio_call
                0x0000630a        0xa app/libapp.a(u8x8_gpio.c.obj)
                0x0000630a                u8x8_gpio_call
 .text.u8x8_dummy_cb
                0x00006314        0x4 app/libapp.a(u8x8_setup.c.obj)
                0x00006314                u8x8_dummy_cb
 .text.u8x8_Setup
                0x00006318       0x20 app/libapp.a(u8x8_setup.c.obj)
                0x00006318                u8x8_Setup
 .text.sys_notify_validate
                0x00006338       0x2e zephyr/libzephyr.a(notify.c.obj)
                0x00006338                sys_notify_validate
 .text.sys_notify_finalize
                0x00006366       0x1a zephyr/libzephyr.a(notify.c.obj)
                0x00006366                sys_notify_finalize
 .text.arch_printk_char_out
                0x00006380        0x4 zephyr/libzephyr.a(printk.c.obj)
                0x00006380                arch_printk_char_out
 .text.str_out  0x00006384       0x30 zephyr/libzephyr.a(printk.c.obj)
 .text.printk   0x000063b4       0x1c zephyr/libzephyr.a(printk.c.obj)
                0x000063b4                printk
 .text.snprintk
                0x000063d0       0x1c zephyr/libzephyr.a(printk.c.obj)
                0x000063d0                snprintk
 .text.set_state
                0x000063ec       0x10 zephyr/libzephyr.a(onoff.c.obj)
 .text.notify_monitors
                0x000063fc       0x3e zephyr/libzephyr.a(onoff.c.obj)
 .text.process_recheck
                0x0000643a       0x32 zephyr/libzephyr.a(onoff.c.obj)
 .text.process_complete
                0x0000646c       0x9a zephyr/libzephyr.a(onoff.c.obj)
 .text.validate_args
                0x00006506       0x2c zephyr/libzephyr.a(onoff.c.obj)
 .text.notify_one
                0x00006532       0x26 zephyr/libzephyr.a(onoff.c.obj)
 .text.notify_all
                0x00006558       0x2e zephyr/libzephyr.a(onoff.c.obj)
 .text.transition_complete
                0x00006586       0x1c zephyr/libzephyr.a(onoff.c.obj)
 .text.onoff_manager_init
                0x000065a2       0x38 zephyr/libzephyr.a(onoff.c.obj)
                0x000065a2                onoff_manager_init
 .text.onoff_request
                0x000065da       0xb8 zephyr/libzephyr.a(onoff.c.obj)
                0x000065da                onoff_request
 .text.z_thread_entry
                0x00006692       0x14 zephyr/libzephyr.a(thread_entry.c.obj)
                0x00006692                z_thread_entry
 .text.extract_decimal
                0x000066a6       0x26 zephyr/libzephyr.a(cbprintf_complete.c.obj)
 .text.encode_uint
                0x000066cc       0xd4 zephyr/libzephyr.a(cbprintf_complete.c.obj)
 .text.outs     0x000067a0       0x34 zephyr/libzephyr.a(cbprintf_complete.c.obj)
 .text._ConfigAbsSyms
                0x000067d4        0x2 zephyr/libzephyr.a(configs.c.obj)
                0x000067d4                _ConfigAbsSyms
 .text.pm_policy_next_state
                0x000067d6        0xa zephyr/libzephyr.a(policy_residency.c.obj)
                0x000067d6                pm_policy_next_state
 .text.z_arm_fatal_error
                0x000067e0        0x8 zephyr/arch/arch/arm/core/aarch32/libarch__arm__core__aarch32.a(fatal.c.obj)
                0x000067e0                z_arm_fatal_error
 .text.z_do_kernel_oops
                0x000067e8        0xc zephyr/arch/arch/arm/core/aarch32/libarch__arm__core__aarch32.a(fatal.c.obj)
                0x000067e8                z_do_kernel_oops
 .text.z_irq_spurious
                0x000067f4        0xc zephyr/arch/arch/arm/core/aarch32/libarch__arm__core__aarch32.a(irq_manage.c.obj)
                0x000067f4                z_irq_spurious
 .text.z_arm_nmi
                0x00006800        0xc zephyr/arch/arch/arm/core/aarch32/libarch__arm__core__aarch32.a(nmi.c.obj)
                0x00006800                z_arm_nmi
 .text.memory_fault_recoverable
                0x0000680c        0x4 zephyr/arch/arch/arm/core/aarch32/cortex_m/libarch__arm__core__aarch32__cortex_m.a(fault.c.obj)
 .text.debug_monitor
                0x00006810        0x6 zephyr/arch/arch/arm/core/aarch32/cortex_m/libarch__arm__core__aarch32__cortex_m.a(fault.c.obj)
 .text.fault_handle
                0x00006816       0x46 zephyr/arch/arch/arm/core/aarch32/cortex_m/libarch__arm__core__aarch32__cortex_m.a(fault.c.obj)
 .text.mpu_partition_is_valid
                0x0000685c       0x22 zephyr/arch/arch/arm/core/aarch32/mpu/libarch__arm__core__aarch32__mpu.a(arm_mpu.c.obj)
 .text.region_allocate_and_init
                0x0000687e       0x16 zephyr/arch/arch/arm/core/aarch32/mpu/libarch__arm__core__aarch32__mpu.a(arm_mpu.c.obj)
 .text.mpu_configure_region
                0x00006894       0x3e zephyr/arch/arch/arm/core/aarch32/mpu/libarch__arm__core__aarch32__mpu.a(arm_mpu.c.obj)
 .text.mpu_configure_regions
                0x000068d2       0x50 zephyr/arch/arch/arm/core/aarch32/mpu/libarch__arm__core__aarch32__mpu.a(arm_mpu.c.obj)
 .text.arm_core_mpu_configure_static_mpu_regions
                0x00006922        0x8 zephyr/arch/arch/arm/core/aarch32/mpu/libarch__arm__core__aarch32__mpu.a(arm_mpu.c.obj)
                0x00006922                arm_core_mpu_configure_static_mpu_regions
 .text.arm_core_mpu_configure_dynamic_mpu_regions
                0x0000692a        0x8 zephyr/arch/arch/arm/core/aarch32/mpu/libarch__arm__core__aarch32__mpu.a(arm_mpu.c.obj)
                0x0000692a                arm_core_mpu_configure_dynamic_mpu_regions
 .text.strcpy   0x00006932       0x12 zephyr/lib/libc/minimal/liblib__libc__minimal.a(string.c.obj)
                0x00006932                strcpy
 .text.strncpy  0x00006944       0x34 zephyr/lib/libc/minimal/liblib__libc__minimal.a(string.c.obj)
                0x00006944                strncpy
 .text.strlen   0x00006978       0x10 zephyr/lib/libc/minimal/liblib__libc__minimal.a(string.c.obj)
                0x00006978                strlen
 .text.strnlen  0x00006988       0x14 zephyr/lib/libc/minimal/liblib__libc__minimal.a(string.c.obj)
                0x00006988                strnlen
 .text.strcmp   0x0000699c       0x14 zephyr/lib/libc/minimal/liblib__libc__minimal.a(string.c.obj)
                0x0000699c                strcmp
 .text.memcpy   0x000069b0       0x48 zephyr/lib/libc/minimal/liblib__libc__minimal.a(string.c.obj)
                0x000069b0                memcpy
 .text.memset   0x000069f8       0x3a zephyr/lib/libc/minimal/liblib__libc__minimal.a(string.c.obj)
                0x000069f8                memset
 .text._stdout_hook_default
                0x00006a32        0x6 zephyr/lib/libc/minimal/liblib__libc__minimal.a(stdout_console.c.obj)
 .text.sprintf_out
                0x00006a38       0x1a zephyr/lib/libc/minimal/liblib__libc__minimal.a(sprintf.c.obj)
 .text.pm_power_state_set
                0x00006a52       0x26 zephyr/soc/arm/nordic_nrf/nrf52/libsoc__arm__nordic_nrf__nrf52.a(power.c.obj)
                0x00006a52                pm_power_state_set
 .text.pm_power_state_exit_post_ops
                0x00006a78       0x16 zephyr/soc/arm/nordic_nrf/nrf52/libsoc__arm__nordic_nrf__nrf52.a(power.c.obj)
                0x00006a78                pm_power_state_exit_post_ops
 .text.get_sub_data
                0x00006a8e        0xe zephyr/drivers/clock_control/libdrivers__clock_control.a(clock_control_nrf.c.obj)
 .text.get_sub_config
                0x00006a9c        0x8 zephyr/drivers/clock_control/libdrivers__clock_control.a(clock_control_nrf.c.obj)
 .text.get_onoff_manager
                0x00006aa4        0xc zephyr/drivers/clock_control/libdrivers__clock_control.a(clock_control_nrf.c.obj)
 .text.get_status
                0x00006ab0       0x10 zephyr/drivers/clock_control/libdrivers__clock_control.a(clock_control_nrf.c.obj)
 .text.set_off_state
                0x00006ac0       0x32 zephyr/drivers/clock_control/libdrivers__clock_control.a(clock_control_nrf.c.obj)
 .text.set_starting_state
                0x00006af2       0x40 zephyr/drivers/clock_control/libdrivers__clock_control.a(clock_control_nrf.c.obj)
 .text.set_on_state
                0x00006b32       0x26 zephyr/drivers/clock_control/libdrivers__clock_control.a(clock_control_nrf.c.obj)
 .text.clkstarted_handle
                0x00006b58       0x24 zephyr/drivers/clock_control/libdrivers__clock_control.a(clock_control_nrf.c.obj)
 .text.stop     0x00006b7c       0x2a zephyr/drivers/clock_control/libdrivers__clock_control.a(clock_control_nrf.c.obj)
 .text.api_stop
                0x00006ba6        0xa zephyr/drivers/clock_control/libdrivers__clock_control.a(clock_control_nrf.c.obj)
 .text.async_start
                0x00006bb0       0x38 zephyr/drivers/clock_control/libdrivers__clock_control.a(clock_control_nrf.c.obj)
 .text.api_start
                0x00006be8       0x10 zephyr/drivers/clock_control/libdrivers__clock_control.a(clock_control_nrf.c.obj)
 .text.onoff_started_callback
                0x00006bf8       0x10 zephyr/drivers/clock_control/libdrivers__clock_control.a(clock_control_nrf.c.obj)
 .text.hfclk_start
                0x00006c08        0xa zephyr/drivers/clock_control/libdrivers__clock_control.a(clock_control_nrf.c.obj)
 .text.hfclk_stop
                0x00006c12        0xa zephyr/drivers/clock_control/libdrivers__clock_control.a(clock_control_nrf.c.obj)
 .text.lfclk_stop
                0x00006c1c        0xa zephyr/drivers/clock_control/libdrivers__clock_control.a(clock_control_nrf.c.obj)
 .text.blocking_start_callback
                0x00006c26        0xa zephyr/drivers/clock_control/libdrivers__clock_control.a(clock_control_nrf.c.obj)
 .text.gpio_nrfx_port_get_raw
                0x00006c30        0xe zephyr/drivers/gpio/libdrivers__gpio.a(gpio_nrfx.c.obj)
 .text.gpio_nrfx_port_set_masked_raw
                0x00006c3e       0x16 zephyr/drivers/gpio/libdrivers__gpio.a(gpio_nrfx.c.obj)
 .text.gpio_nrfx_port_set_bits_raw
                0x00006c54        0xc zephyr/drivers/gpio/libdrivers__gpio.a(gpio_nrfx.c.obj)
 .text.gpio_nrfx_port_clear_bits_raw
                0x00006c60        0xc zephyr/drivers/gpio/libdrivers__gpio.a(gpio_nrfx.c.obj)
 .text.gpio_nrfx_port_toggle_bits
                0x00006c6c       0x12 zephyr/drivers/gpio/libdrivers__gpio.a(gpio_nrfx.c.obj)
 .text.gpio_nrfx_manage_callback
                0x00006c7e       0x64 zephyr/drivers/gpio/libdrivers__gpio.a(gpio_nrfx.c.obj)
 .text.cfg_level_pins
                0x00006ce2       0x64 zephyr/drivers/gpio/libdrivers__gpio.a(gpio_nrfx.c.obj)
 .text.check_level_trigger_pins
                0x00006d46       0x86 zephyr/drivers/gpio/libdrivers__gpio.a(gpio_nrfx.c.obj)
 .text.gpiote_pin_int_cfg
                0x00006dcc       0x9e zephyr/drivers/gpio/libdrivers__gpio.a(gpio_nrfx.c.obj)
 .text.gpio_nrfx_pin_interrupt_configure
                0x00006e6a       0xa8 zephyr/drivers/gpio/libdrivers__gpio.a(gpio_nrfx.c.obj)
 .text.endtx_isr
                0x00006f12       0x32 zephyr/drivers/serial/libdrivers__serial.a(uart_nrfx_uarte.c.obj)
 .text.uarte_nrfx_isr_int
                0x00006f44       0x56 zephyr/drivers/serial/libdrivers__serial.a(uart_nrfx_uarte.c.obj)
 .text.uarte_nrfx_configure
                0x00006f9a       0xa6 zephyr/drivers/serial/libdrivers__serial.a(uart_nrfx_uarte.c.obj)
 .text.uarte_nrfx_config_get
                0x00007040       0x10 zephyr/drivers/serial/libdrivers__serial.a(uart_nrfx_uarte.c.obj)
 .text.uarte_nrfx_err_check
                0x00007050        0xe zephyr/drivers/serial/libdrivers__serial.a(uart_nrfx_uarte.c.obj)
 .text.is_tx_ready
                0x0000705e       0x28 zephyr/drivers/serial/libdrivers__serial.a(uart_nrfx_uarte.c.obj)
 .text.uarte_enable
                0x00007086        0xc zephyr/drivers/serial/libdrivers__serial.a(uart_nrfx_uarte.c.obj)
 .text.tx_start
                0x00007092       0x40 zephyr/drivers/serial/libdrivers__serial.a(uart_nrfx_uarte.c.obj)
 .text.uarte_nrfx_poll_in
                0x000070d2       0x2a zephyr/drivers/serial/libdrivers__serial.a(uart_nrfx_uarte.c.obj)
 .text.wait_tx_ready
                0x000070fc       0x4e zephyr/drivers/serial/libdrivers__serial.a(uart_nrfx_uarte.c.obj)
 .text.uarte_instance_init
                0x0000714a      0x12e zephyr/drivers/serial/libdrivers__serial.a(uart_nrfx_uarte.c.obj)
 .text.uarte_0_init
                0x00007278       0x1e zephyr/drivers/serial/libdrivers__serial.a(uart_nrfx_uarte.c.obj)
 .text.sys_clock_isr
                0x00007296        0x2 zephyr/drivers/timer/libdrivers__timer.a(sys_clock_init.c.obj)
                0x00007296                sys_clock_isr
 .text.sys_clock_idle_exit
                0x00007298        0x2 zephyr/drivers/timer/libdrivers__timer.a(sys_clock_init.c.obj)
                0x00007298                sys_clock_idle_exit
 .text.counter_sub
                0x0000729a        0x8 zephyr/drivers/timer/libdrivers__timer.a(nrf_rtc_timer.c.obj)
 .text.event_clear
                0x000072a2       0x18 zephyr/drivers/timer/libdrivers__timer.a(nrf_rtc_timer.c.obj)
 .text.absolute_time_to_cc
                0x000072ba        0x6 zephyr/drivers/timer/libdrivers__timer.a(nrf_rtc_timer.c.obj)
 .text.full_int_lock
                0x000072c0       0x12 zephyr/drivers/timer/libdrivers__timer.a(nrf_rtc_timer.c.obj)
 .text.full_int_unlock
                0x000072d2        0xa zephyr/drivers/timer/libdrivers__timer.a(nrf_rtc_timer.c.obj)
 .text.set_absolute_alarm
                0x000072dc       0x76 zephyr/drivers/timer/libdrivers__timer.a(nrf_rtc_timer.c.obj)
 .text.compare_set
                0x00007352       0x32 zephyr/drivers/timer/libdrivers__timer.a(nrf_rtc_timer.c.obj)
 .text.k_sys_fatal_error_handler
                0x00007384        0x8 modules/nrf/lib/fatal_error/lib..__nrf__lib__fatal_error.a(fatal_error.c.obj)
                0x00007384                k_sys_fatal_error_handler
 .text.nrfx_isr
                0x0000738c        0x6 modules/hal_nordic/nrfx/libmodules__hal_nordic__nrfx.a(nrfx_glue.c.obj)
                0x0000738c                nrfx_isr
 .text.nrfx_busy_wait
                0x00007392        0x8 modules/hal_nordic/nrfx/libmodules__hal_nordic__nrfx.a(nrfx_glue.c.obj)
                0x00007392                nrfx_busy_wait
 .text.nrfx_clock_enable
                0x0000739a       0x12 modules/hal_nordic/nrfx/libmodules__hal_nordic__nrfx.a(nrfx_clock.c.obj)
                0x0000739a                nrfx_clock_enable
 .text.is_app_channel
                0x000073ac       0x10 modules/hal_nordic/nrfx/libmodules__hal_nordic__nrfx.a(nrfx_gpiote.c.obj)
 .text.SEGGER_RTT_Init
                0x000073bc        0x8 modules/segger/libmodules__segger.a(SEGGER_RTT.c.obj)
                0x000073bc                SEGGER_RTT_Init
 .text.rtt_init
                0x000073c4        0xa modules/segger/libmodules__segger.a(SEGGER_RTT_zephyr.c.obj)
 .text.z_device_ready
                0x000073ce       0x1a zephyr/kernel/libkernel.a(device.c.obj)
                0x000073ce                z_device_ready
 .text.z_fatal_error
                0x000073e8       0x34 zephyr/kernel/libkernel.a(fatal.c.obj)
                0x000073e8                z_fatal_error
 .text.setup_thread_stack
                0x0000741c       0x24 zephyr/kernel/libkernel.a(thread.c.obj)
 .text.k_is_in_isr
                0x00007440        0xc zephyr/kernel/libkernel.a(thread.c.obj)
                0x00007440                k_is_in_isr
 .text.z_impl_k_thread_start
                0x0000744c        0x8 zephyr/kernel/libkernel.a(thread.c.obj)
                0x0000744c                z_impl_k_thread_start
 .text.z_init_thread_base
                0x00007454       0x16 zephyr/kernel/libkernel.a(thread.c.obj)
                0x00007454                z_init_thread_base
 .text.z_pm_save_idle_exit
                0x0000746a        0xc zephyr/kernel/libkernel.a(idle.c.obj)
                0x0000746a                z_pm_save_idle_exit
 .text.idle     0x00007476       0x18 zephyr/kernel/libkernel.a(idle.c.obj)
                0x00007476                idle
 .text.thread_active_elsewhere
                0x0000748e        0x4 zephyr/kernel/libkernel.a(sched.c.obj)
 .text.pended_on_thread
                0x00007492        0x4 zephyr/kernel/libkernel.a(sched.c.obj)
 .text.z_sched_prio_cmp
                0x00007496       0x14 zephyr/kernel/libkernel.a(sched.c.obj)
                0x00007496                z_sched_prio_cmp
 .text.z_unpend_thread_no_timeout
                0x000074aa       0x3e zephyr/kernel/libkernel.a(sched.c.obj)
                0x000074aa                z_unpend_thread_no_timeout
 .text.z_reschedule_irqlock
                0x000074e8       0x2a zephyr/kernel/libkernel.a(sched.c.obj)
                0x000074e8                z_reschedule_irqlock
 .text.z_priq_dumb_remove
                0x00007512       0x10 zephyr/kernel/libkernel.a(sched.c.obj)
                0x00007512                z_priq_dumb_remove
 .text.z_priq_dumb_best
                0x00007522        0xe zephyr/kernel/libkernel.a(sched.c.obj)
                0x00007522                z_priq_dumb_best
 .text.z_ready_thread
                0x00007530       0x38 zephyr/kernel/libkernel.a(sched.c.obj)
                0x00007530                z_ready_thread
 .text.z_thread_timeout
                0x00007568       0x68 zephyr/kernel/libkernel.a(sched.c.obj)
                0x00007568                z_thread_timeout
 .text.add_to_waitq_locked
                0x000075d0       0x54 zephyr/kernel/libkernel.a(sched.c.obj)
 .text.pend     0x00007624       0x42 zephyr/kernel/libkernel.a(sched.c.obj)
 .text.z_unpend_first_thread
                0x00007666       0x56 zephyr/kernel/libkernel.a(sched.c.obj)
                0x00007666                z_unpend_first_thread
 .text.remove_timeout
                0x000076bc       0x2e zephyr/kernel/libkernel.a(timeout.c.obj)
 .text.z_abort_timeout
                0x000076ea       0x3c zephyr/kernel/libkernel.a(timeout.c.obj)
                0x000076ea                z_abort_timeout
 .text.z_get_next_timeout_expiry
                0x00007726       0x2c zephyr/kernel/libkernel.a(timeout.c.obj)
                0x00007726                z_get_next_timeout_expiry
 .text.z_set_timeout_expiry
                0x00007752       0x56 zephyr/kernel/libkernel.a(timeout.c.obj)
                0x00007752                z_set_timeout_expiry
 .text.sys_clock_tick_get_32
                0x000077a8        0x8 zephyr/kernel/libkernel.a(timeout.c.obj)
                0x000077a8                sys_clock_tick_get_32
 .text.z_impl_k_busy_wait
                0x000077b0        0xc zephyr/kernel/libkernel.a(timeout.c.obj)
                0x000077b0                z_impl_k_busy_wait
 .text.k_timer_init
                0x000077bc       0x18 zephyr/kernel/libkernel.a(timer.c.obj)
                0x000077bc                k_timer_init
 .text._OffsetAbsSyms
                0x000077d4        0x2 zephyr/CMakeFiles/offsets.dir/./arch/arm/core/offsets/offsets.c.obj
                0x000077d4                _OffsetAbsSyms
 *(SORT_BY_ALIGNMENT(.TEXT.*))
 *fill*         0x000077d6        0x2 
 .TEXT.z_arm_platform_init
                0x000077d8        0x4 zephyr/libzephyr.a(soc_nrf_common.S.obj)
                0x000077d8                z_arm_platform_init
 *(SORT_BY_ALIGNMENT(.gnu.linkonce.t.*))
 *(SORT_BY_ALIGNMENT(.glue_7t))
 .glue_7t       0x000077dc        0x0 linker stubs
 *(SORT_BY_ALIGNMENT(.glue_7))
 .glue_7        0x000077dc        0x0 linker stubs
 *(SORT_BY_ALIGNMENT(.vfp11_veneer))
 .vfp11_veneer  0x000077dc        0x0 linker stubs
 *(SORT_BY_ALIGNMENT(.v4_bx))
 .v4_bx         0x000077dc        0x0 linker stubs
                0x000077dc                __text_region_end = .

.ARM.exidx      0x000077dc        0x8
                0x000077dc                __exidx_start = .
 *(SORT_BY_ALIGNMENT(.ARM.exidx*) SORT_BY_ALIGNMENT(gnu.linkonce.armexidx.*))
 .ARM.exidx     0x000077dc        0x8 c:/nrf/v1.8.0/toolchain/opt/bin/../lib/gcc/arm-none-eabi/9.2.1/thumb/v7e-m/nofp\libgcc.a(_udivmoddi4.o)
                0x000077e4                __exidx_end = .
                0x000077e4                __rodata_region_start = .

initlevel       0x000077e4       0x38
                0x000077e4                __init_start = .
                0x000077e4                __init_PRE_KERNEL_1_start = .
 *(SORT_BY_NAME(SORT_BY_ALIGNMENT(.z_init_PRE_KERNEL_1[0-9]_*)))
 .z_init_PRE_KERNEL_10_
                0x000077e4        0x8 zephyr/soc/arm/nordic_nrf/nrf52/libsoc__arm__nordic_nrf__nrf52.a(soc.c.obj)
 *(SORT_BY_NAME(SORT_BY_ALIGNMENT(.z_init_PRE_KERNEL_1[1-9][0-9]_*)))
 .z_init_PRE_KERNEL_130_
                0x000077ec        0x8 modules/segger/libmodules__segger.a(SEGGER_RTT_zephyr.c.obj)
 .z_init_PRE_KERNEL_150_
                0x000077f4        0x8 zephyr/drivers/clock_control/libdrivers__clock_control.a(clock_control_nrf.c.obj)
 .z_init_PRE_KERNEL_150_
                0x000077fc        0x8 zephyr/drivers/serial/libdrivers__serial.a(uart_nrfx_uarte.c.obj)
 .z_init_PRE_KERNEL_160_
                0x00007804        0x8 zephyr/drivers/console/libdrivers__console.a(uart_console.c.obj)
                0x0000780c                __init_PRE_KERNEL_2_start = .
 *(SORT_BY_NAME(SORT_BY_ALIGNMENT(.z_init_PRE_KERNEL_2[0-9]_*)))
 .z_init_PRE_KERNEL_20_
                0x0000780c        0x8 zephyr/drivers/timer/libdrivers__timer.a(sys_clock_init.c.obj)
 *(SORT_BY_NAME(SORT_BY_ALIGNMENT(.z_init_PRE_KERNEL_2[1-9][0-9]_*)))
                0x00007814                __init_POST_KERNEL_start = .
 *(SORT_BY_NAME(SORT_BY_ALIGNMENT(.z_init_POST_KERNEL[0-9]_*)))
 *(SORT_BY_NAME(SORT_BY_ALIGNMENT(.z_init_POST_KERNEL[1-9][0-9]_*)))
 .z_init_POST_KERNEL40_
                0x00007814        0x8 zephyr/drivers/gpio/libdrivers__gpio.a(gpio_nrfx.c.obj)
                0x0000781c                __init_APPLICATION_start = .
 *(SORT_BY_NAME(SORT_BY_ALIGNMENT(.z_init_APPLICATION[0-9]_*)))
 *(SORT_BY_NAME(SORT_BY_ALIGNMENT(.z_init_APPLICATION[1-9][0-9]_*)))
                0x0000781c                __init_SMP_start = .
 *(SORT_BY_NAME(SORT_BY_ALIGNMENT(.z_init_SMP[0-9]_*)))
 *(SORT_BY_NAME(SORT_BY_ALIGNMENT(.z_init_SMP[1-9][0-9]_*)))
                0x0000781c                __init_end = .

devices         0x0000781c       0x60
                0x0000781c                __device_start = .
                0x0000781c                __device_PRE_KERNEL_1_start = .
 *(SORT_BY_NAME(SORT_BY_ALIGNMENT(.z_device_PRE_KERNEL_1[0-9]_*)))
 *(SORT_BY_NAME(SORT_BY_ALIGNMENT(.z_device_PRE_KERNEL_1[1-9][0-9]_*)))
 .z_device_PRE_KERNEL_150_
                0x0000781c       0x18 zephyr/drivers/clock_control/libdrivers__clock_control.a(clock_control_nrf.c.obj)
                0x0000781c                __device_dts_ord_17
 .z_device_PRE_KERNEL_150_
                0x00007834       0x18 zephyr/drivers/serial/libdrivers__serial.a(uart_nrfx_uarte.c.obj)
                0x00007834                __device_dts_ord_50
                0x0000784c                __device_PRE_KERNEL_2_start = .
 *(SORT_BY_NAME(SORT_BY_ALIGNMENT(.z_device_PRE_KERNEL_2[0-9]_*)))
 .z_device_PRE_KERNEL_20_
                0x0000784c       0x18 zephyr/drivers/timer/libdrivers__timer.a(sys_clock_init.c.obj)
 *(SORT_BY_NAME(SORT_BY_ALIGNMENT(.z_device_PRE_KERNEL_2[1-9][0-9]_*)))
                0x00007864                __device_POST_KERNEL_start = .
 *(SORT_BY_NAME(SORT_BY_ALIGNMENT(.z_device_POST_KERNEL[0-9]_*)))
 *(SORT_BY_NAME(SORT_BY_ALIGNMENT(.z_device_POST_KERNEL[1-9][0-9]_*)))
 .z_device_POST_KERNEL40_
                0x00007864       0x18 zephyr/drivers/gpio/libdrivers__gpio.a(gpio_nrfx.c.obj)
                0x00007864                __device_dts_ord_8
                0x0000787c                __device_APPLICATION_start = .
 *(SORT_BY_NAME(SORT_BY_ALIGNMENT(.z_device_APPLICATION[0-9]_*)))
 *(SORT_BY_NAME(SORT_BY_ALIGNMENT(.z_device_APPLICATION[1-9][0-9]_*)))
                0x0000787c                __device_SMP_start = .
 *(SORT_BY_NAME(SORT_BY_ALIGNMENT(.z_device_SMP[0-9]_*)))
 *(SORT_BY_NAME(SORT_BY_ALIGNMENT(.z_device_SMP[1-9][0-9]_*)))
                0x0000787c                __device_end = .

sw_isr_table    0x0000787c      0x138
                0x0000787c                . = ALIGN (0x0)
 *(SORT_BY_ALIGNMENT(.gnu.linkonce.sw_isr_table*))
 .gnu.linkonce.sw_isr_table
                0x0000787c      0x138 zephyr/arch/common/libisr_tables.a(isr_tables.c.obj)
                0x0000787c                _sw_isr_table

initlevel_error
                0x000077e4        0x0
 *(SORT_BY_NAME(SORT_BY_ALIGNMENT(.z_init_[_A-Z0-9]*)))
                0x00000001                ASSERT ((SIZEOF (initlevel_error) == 0x0), Undefined initialization levels used.)

app_shmem_regions
                0x000079b4        0x0
                0x000079b4                __app_shmem_regions_start = .
 *(SORT_BY_NAME(SORT_BY_ALIGNMENT(.app_regions.*)))
                0x000079b4                __app_shmem_regions_end = .

bt_l2cap_fixed_chan_area
                0x000079b4        0x0
                0x000079b4                _bt_l2cap_fixed_chan_list_start = .
 *(SORT_BY_NAME(SORT_BY_ALIGNMENT(._bt_l2cap_fixed_chan.static.*)))
                0x000079b4                _bt_l2cap_fixed_chan_list_end = .

bt_gatt_service_static_area
                0x000079b4        0x0
                0x000079b4                _bt_gatt_service_static_list_start = .
 *(SORT_BY_NAME(SORT_BY_ALIGNMENT(._bt_gatt_service_static.static.*)))
                0x000079b4                _bt_gatt_service_static_list_end = .

k_p4wq_initparam_area
                0x000079b4        0x0
                0x000079b4                _k_p4wq_initparam_list_start = .
 *(SORT_BY_NAME(SORT_BY_ALIGNMENT(._k_p4wq_initparam.static.*)))
                0x000079b4                _k_p4wq_initparam_list_end = .

log_strings_sections
                0x000079b4        0x0
                0x000079b4                __log_strings_start = .
 *(SORT_BY_NAME(SORT_BY_ALIGNMENT(.log_strings*)))
                0x000079b4                __log_strings_end = .

log_const_sections
                0x000079b4        0x0
                0x000079b4                __log_const_start = .
 *(SORT_BY_NAME(SORT_BY_ALIGNMENT(.log_const_*)))
                0x000079b4                __log_const_end = .

log_backends_sections
                0x000079b4        0x0
                0x000079b4                __log_backends_start = .
 *(SORT_BY_ALIGNMENT(._log_backend.*))
                0x000079b4                __log_backends_end = .

shell_area      0x000079b4        0x0
                0x000079b4                _shell_list_start = .
 *(SORT_BY_NAME(SORT_BY_ALIGNMENT(._shell.static.*)))
                0x000079b4                _shell_list_end = .

shell_root_cmds_sections
                0x000079b4        0x0
                0x000079b4                __shell_root_cmds_start = .
 *(SORT_BY_NAME(SORT_BY_ALIGNMENT(.shell_root_cmd_*)))
                0x000079b4                __shell_root_cmds_end = .

font_entry_sections
                0x000079b4        0x0
                0x000079b4                __font_entry_start = .
 *(SORT_BY_NAME(SORT_BY_ALIGNMENT(._cfb_font.*)))
                0x000079b4                __font_entry_end = .

tracing_backend_area
                0x000079b4        0x0
                0x000079b4                _tracing_backend_list_start = .
 *(SORT_BY_NAME(SORT_BY_ALIGNMENT(._tracing_backend.static.*)))
                0x000079b4                _tracing_backend_list_end = .

zephyr_dbg_info
                0x000079b4       0x3c
 *(SORT_BY_ALIGNMENT(.dbg_thread_info))
 .dbg_thread_info
                0x000079b4       0x3c zephyr/libzephyr.a(thread_info.c.obj)
                0x000079b4                _kernel_openocd_size_t_size
                0x000079b4                _kernel_thread_info_size_t_size
                0x000079b8                _kernel_thread_info_num_offsets
                0x000079b8                _kernel_openocd_num_offsets
                0x000079bc                _kernel_thread_info_offsets
                0x000079bc                _kernel_openocd_offsets

device_handles  0x000079f0       0x1a
                0x000079f0                __device_handles_start = .
 *(SORT_BY_NAME(SORT_BY_ALIGNMENT(.__device_handles_pass1*)))
 .__device_handles_pass1
                0x000079f0        0x8 zephyr/drivers/clock_control/libdrivers__clock_control.a(clock_control_nrf.c.obj)
                0x000079f0                __devicehdl_DT_N_S_soc_S_clock_40000000
 .__device_handles_pass1
                0x000079f8        0x6 zephyr/drivers/gpio/libdrivers__gpio.a(gpio_nrfx.c.obj)
                0x000079f8                __devicehdl_DT_N_S_soc_S_gpio_50000000
 .__device_handles_pass1
                0x000079fe        0x8 zephyr/drivers/serial/libdrivers__serial.a(uart_nrfx_uarte.c.obj)
                0x000079fe                __devicehdl_DT_N_S_soc_S_uart_40002000
 .__device_handles_pass1
                0x00007a06        0x4 zephyr/drivers/timer/libdrivers__timer.a(sys_clock_init.c.obj)
                0x00007a06                __devicehdl_sys_init_sys_clock_driver_init0
                0x00007a0a                __device_handles_end = .

rodata          0x00007a10      0xb24
 *(SORT_BY_ALIGNMENT(.rodata))
 *(SORT_BY_ALIGNMENT(.rodata.*))
 .rodata.delay_machine_code.11809
                0x00007a10        0x6 zephyr/soc/arm/nordic_nrf/nrf52/libsoc__arm__nordic_nrf__nrf52.a(soc.c.obj)
 *fill*         0x00007a16        0x2 
 .rodata.main.str1.4
                0x00007a18        0x7 app/libapp.a(main.c.obj)
 *fill*         0x00007a1f        0x1 
 .rodata.Q_this_module_
                0x00007a20        0xe app/libapp.a(main.c.obj)
 *fill*         0x00007a2e        0x2 
 .rodata.Q_this_module_
                0x00007a30        0x5 app/libapp.a(qepn.c.obj)
 *fill*         0x00007a35        0x3 
 .rodata.vtable.3825
                0x00007a38        0x8 app/libapp.a(qepn.c.obj)
 .rodata.Clock_Alarm_Ticking.str1.4
                0x00007a40       0x33 app/libapp.a(ClockAlarm_SM.c.obj)
 *fill*         0x00007a73        0x1 
 .rodata.Clock_Alarm_NotifyAlarm.str1.4
                0x00007a74       0x18 app/libapp.a(ClockAlarm_SM.c.obj)
 .rodata.Clock_Alarm_MessageOFF.str1.4
                0x00007a8c       0x23 app/libapp.a(ClockAlarm_SM.c.obj)
 *fill*         0x00007aaf        0x1 
 .rodata.Clock_Alarm_SettingsParent.str1.4
                0x00007ab0        0xa app/libapp.a(ClockAlarm_SM.c.obj)
 *fill*         0x00007aba        0x2 
 .rodata.Clock_Alarm_SetHour_Alarm.str1.4
                0x00007abc        0xb app/libapp.a(ClockAlarm_SM.c.obj)
 *fill*         0x00007ac7        0x1 
 .rodata.Clock_Alarm_SetMin_Alarm.str1.4
                0x00007ac8        0xa app/libapp.a(ClockAlarm_SM.c.obj)
 *fill*         0x00007ad2        0x2 
 .rodata.Clock_Alarm_Arm_Alarm.str1.4
                0x00007ad4       0x1e app/libapp.a(ClockAlarm_SM.c.obj)
 *fill*         0x00007af2        0x2 
 .rodata.Clock_Alarm_SetHour.str1.4
                0x00007af4        0x9 app/libapp.a(ClockAlarm_SM.c.obj)
 *fill*         0x00007afd        0x3 
 .rodata.Clock_Alarm_SetMin.str1.4
                0x00007b00        0xb app/libapp.a(ClockAlarm_SM.c.obj)
 *fill*         0x00007b0b        0x1 
 .rodata.SuperClass_Qhsm_Clock
                0x00007b0c        0x4 app/libapp.a(ClockAlarm_SM.c.obj)
                0x00007b0c                SuperClass_Qhsm_Clock
 .rodata.u8g2_font_ncenB14_tr
                0x00007b10      0x851 app/libapp.a(u8g2_fonts.c.obj)
                0x00007b10                u8g2_font_ncenB14_tr
 *fill*         0x00008361        0x3 
 .rodata.u8g2_cb_mirror
                0x00008364        0xc app/libapp.a(u8g2_setup.c.obj)
                0x00008364                u8g2_cb_mirror
 .rodata.u8x8_d_st7565_powersave0_seq
                0x00008370        0x7 app/libapp.a(u8x8_d_st7565.c.obj)
 *fill*         0x00008377        0x1 
 .rodata.u8x8_d_st7565_powersave1_seq
                0x00008378        0x7 app/libapp.a(u8x8_d_st7565.c.obj)
 *fill*         0x0000837f        0x1 
 .rodata.u8x8_d_st7565_zflip0_seq
                0x00008380        0x7 app/libapp.a(u8x8_d_st7565.c.obj)
 *fill*         0x00008387        0x1 
 .rodata.u8x8_d_st7565_zflip1_seq
                0x00008388        0x7 app/libapp.a(u8x8_d_st7565.c.obj)
 *fill*         0x0000838f        0x1 
 .rodata.u8x8_d_st7565_zolen_128x64_init_seq
                0x00008390       0x21 app/libapp.a(u8x8_d_st7565.c.obj)
 *fill*         0x000083b1        0x3 
 .rodata.u8x8_st7565_128x64_display_info
                0x000083b4       0x18 app/libapp.a(u8x8_d_st7565.c.obj)
 .rodata.cbvprintf.str1.4
                0x000083cc        0x6 zephyr/libzephyr.a(cbprintf_complete.c.obj)
 *fill*         0x000083d2        0x2 
 .rodata.static_regions
                0x000083d4        0xc zephyr/arch/arch/arm/core/aarch32/mpu/libarch__arm__core__aarch32__mpu.a(arm_core_mpu.c.obj)
 .rodata.str1.4
                0x000083e0        0xf zephyr/soc/arm/common/cortex_m/libsoc__arm__common__cortex_m.a(arm_mpu_regions.c.obj)
 *fill*         0x000083ef        0x1 
 .rodata.mpu_config
                0x000083f0        0x8 zephyr/soc/arm/common/cortex_m/libsoc__arm__common__cortex_m.a(arm_mpu_regions.c.obj)
                0x000083f0                mpu_config
 .rodata.mpu_regions
                0x000083f8       0x18 zephyr/soc/arm/common/cortex_m/libsoc__arm__common__cortex_m.a(arm_mpu_regions.c.obj)
 .rodata.str1.4
                0x00008410        0x6 zephyr/drivers/clock_control/libdrivers__clock_control.a(clock_control_nrf.c.obj)
 *fill*         0x00008416        0x2 
 .rodata.clock_control_api
                0x00008418       0x14 zephyr/drivers/clock_control/libdrivers__clock_control.a(clock_control_nrf.c.obj)
 .rodata.config
                0x0000842c       0x10 zephyr/drivers/clock_control/libdrivers__clock_control.a(clock_control_nrf.c.obj)
 .rodata.transitions.10865
                0x0000843c        0xc zephyr/drivers/clock_control/libdrivers__clock_control.a(clock_control_nrf.c.obj)
 .rodata.str1.4
                0x00008448        0x7 zephyr/drivers/gpio/libdrivers__gpio.a(gpio_nrfx.c.obj)
 .rodata.gpio_nrfx_drv_api_funcs
                0x00008448       0x24 zephyr/drivers/gpio/libdrivers__gpio.a(gpio_nrfx.c.obj)
 .rodata.gpio_nrfx_p0_cfg
                0x0000846c        0xc zephyr/drivers/gpio/libdrivers__gpio.a(gpio_nrfx.c.obj)
 .rodata.str1.4
                0x00008478        0x7 zephyr/drivers/serial/libdrivers__serial.a(uart_nrfx_uarte.c.obj)
 *fill*         0x0000847f        0x1 
 .rodata.uart_nrfx_uarte_driver_api
                0x00008480       0x14 zephyr/drivers/serial/libdrivers__serial.a(uart_nrfx_uarte.c.obj)
 .rodata.uarte_0z_config
                0x00008494       0x1c zephyr/drivers/serial/libdrivers__serial.a(uart_nrfx_uarte.c.obj)
 .rodata.str1.4
                0x000084b0        0xa zephyr/drivers/timer/libdrivers__timer.a(sys_clock_init.c.obj)
 *fill*         0x000084ba        0x2 
 .rodata._DoInit.str1.4
                0x000084bc       0x17 modules/segger/libmodules__segger.a(SEGGER_RTT.c.obj)
 *fill*         0x000084d3        0x1 
 .rodata.levels.9095
                0x000084d4       0x14 zephyr/kernel/libkernel.a(device.c.obj)
 .rodata._k_neg_eagain
                0x000084e8        0x4 zephyr/kernel/libkernel.a(errno.c.obj)
                0x000084e8                _k_neg_eagain
 .rodata.init_idle_thread.str1.4
                0x000084ec        0xa zephyr/kernel/libkernel.a(init.c.obj)
 *fill*         0x000084f6        0x2 
 .rodata.prepare_multithreading.str1.4
                0x000084f8        0x5 zephyr/kernel/libkernel.a(init.c.obj)
 *fill*         0x000084fd        0x3 
 .rodata.boot_banner.str1.4
                0x00008500       0x33 zephyr/kernel/libkernel.a(banner.c.obj)
                                 0x37 (size before relaxing)
 *(SORT_BY_ALIGNMENT(.gnu.linkonce.r.*))
                0x00008534                . = ALIGN (0x4)
 *fill*         0x00008533        0x1 
                0x00008534                __rodata_region_end = .
                0x00008540                . = ALIGN (_region_min_align)
                0x00010000                . = ALIGN ((0x1 << ((__rodata_region_end - __rom_region_start) <= 0x4)?0x2:((__rodata_region_end - __rom_region_start) <= 0x8)?0x3:((__rodata_region_end - __rom_region_start) <= 0x10)?0x4:((__rodata_region_end - __rom_region_start) <= 0x20)?0x5:((__rodata_region_end - __rom_region_start) <= 0x40)?0x6:((__rodata_region_end - __rom_region_start) <= 0x80)?0x7:((__rodata_region_end - __rom_region_start) <= 0x100)?0x8:((__rodata_region_end - __rom_region_start) <= 0x200)?0x9:((__rodata_region_end - __rom_region_start) <= 0x400)?0xa:((__rodata_region_end - __rom_region_start) <= 0x800)?0xb:((__rodata_region_end - __rom_region_start) <= 0x1000)?0xc:((__rodata_region_end - __rom_region_start) <= 0x2000)?0xd:((__rodata_region_end - __rom_region_start) <= 0x4000)?0xe:((__rodata_region_end - __rom_region_start) <= 0x8000)?0xf:((__rodata_region_end - __rom_region_start) <= 0x10000)?0x10:((__rodata_region_end - __rom_region_start) <= 0x20000)?0x11:((__rodata_region_end - __rom_region_start) <= 0x40000)?0x12:((__rodata_region_end - __rom_region_start) <= 0x80000)?0x13:((__rodata_region_end - __rom_region_start) <= 0x100000)?0x14:((__rodata_region_end - __rom_region_start) <= 0x200000)?0x15:((__rodata_region_end - __rom_region_start) <= 0x400000)?0x16:((__rodata_region_end - __rom_region_start) <= 0x800000)?0x17:((__rodata_region_end - __rom_region_start) <= 0x1000000)?0x18:((__rodata_region_end - __rom_region_start) <= 0x2000000)?0x19:((__rodata_region_end - __rom_region_start) <= 0x4000000)?0x1a:((__rodata_region_end - __rom_region_start) <= 0x8000000)?0x1b:((__rodata_region_end - __rom_region_start) <= 0x10000000)?0x1c:((__rodata_region_end - __rom_region_start) <= 0x20000000)?0x1d:((__rodata_region_end - __rom_region_start) <= 0x40000000)?0x1e:((__rodata_region_end - __rom_region_start) <= 0x80000000)?0x1f:0x20))
                0x00010000                __rom_region_end = .
                0x20000000                . = 0x20000000
                0x20000000                . = ALIGN (_region_min_align)
                0x20000000                _image_ram_start = .

.ramfunc        0x20000000        0x0 load address 0x00008534
                0x20000000                . = ALIGN (_region_min_align)
                0x20000000                . = ALIGN ((0x1 << (__ramfunc_size <= 0x4)?0x2:(__ramfunc_size <= 0x8)?0x3:(__ramfunc_size <= 0x10)?0x4:(__ramfunc_size <= 0x20)?0x5:(__ramfunc_size <= 0x40)?0x6:(__ramfunc_size <= 0x80)?0x7:(__ramfunc_size <= 0x100)?0x8:(__ramfunc_size <= 0x200)?0x9:(__ramfunc_size <= 0x400)?0xa:(__ramfunc_size <= 0x800)?0xb:(__ramfunc_size <= 0x1000)?0xc:(__ramfunc_size <= 0x2000)?0xd:(__ramfunc_size <= 0x4000)?0xe:(__ramfunc_size <= 0x8000)?0xf:(__ramfunc_size <= 0x10000)?0x10:(__ramfunc_size <= 0x20000)?0x11:(__ramfunc_size <= 0x40000)?0x12:(__ramfunc_size <= 0x80000)?0x13:(__ramfunc_size <= 0x100000)?0x14:(__ramfunc_size <= 0x200000)?0x15:(__ramfunc_size <= 0x400000)?0x16:(__ramfunc_size <= 0x800000)?0x17:(__ramfunc_size <= 0x1000000)?0x18:(__ramfunc_size <= 0x2000000)?0x19:(__ramfunc_size <= 0x4000000)?0x1a:(__ramfunc_size <= 0x8000000)?0x1b:(__ramfunc_size <= 0x10000000)?0x1c:(__ramfunc_size <= 0x20000000)?0x1d:(__ramfunc_size <= 0x40000000)?0x1e:(__ramfunc_size <= 0x80000000)?0x1f:0x20))
                0x20000000                __ramfunc_start = .
 *(SORT_BY_ALIGNMENT(.ramfunc))
 *(SORT_BY_ALIGNMENT(.ramfunc.*))
                0x20000000                . = ALIGN (_region_min_align)
                0x20000000                . = ALIGN ((0x1 << (__ramfunc_size <= 0x4)?0x2:(__ramfunc_size <= 0x8)?0x3:(__ramfunc_size <= 0x10)?0x4:(__ramfunc_size <= 0x20)?0x5:(__ramfunc_size <= 0x40)?0x6:(__ramfunc_size <= 0x80)?0x7:(__ramfunc_size <= 0x100)?0x8:(__ramfunc_size <= 0x200)?0x9:(__ramfunc_size <= 0x400)?0xa:(__ramfunc_size <= 0x800)?0xb:(__ramfunc_size <= 0x1000)?0xc:(__ramfunc_size <= 0x2000)?0xd:(__ramfunc_size <= 0x4000)?0xe:(__ramfunc_size <= 0x8000)?0xf:(__ramfunc_size <= 0x10000)?0x10:(__ramfunc_size <= 0x20000)?0x11:(__ramfunc_size <= 0x40000)?0x12:(__ramfunc_size <= 0x80000)?0x13:(__ramfunc_size <= 0x100000)?0x14:(__ramfunc_size <= 0x200000)?0x15:(__ramfunc_size <= 0x400000)?0x16:(__ramfunc_size <= 0x800000)?0x17:(__ramfunc_size <= 0x1000000)?0x18:(__ramfunc_size <= 0x2000000)?0x19:(__ramfunc_size <= 0x4000000)?0x1a:(__ramfunc_size <= 0x8000000)?0x1b:(__ramfunc_size <= 0x10000000)?0x1c:(__ramfunc_size <= 0x20000000)?0x1d:(__ramfunc_size <= 0x40000000)?0x1e:(__ramfunc_size <= 0x80000000)?0x1f:0x20))
                0x20000000                __ramfunc_end = .
                0x00000000                __ramfunc_size = (__ramfunc_end - __ramfunc_start)
                0x00008534                __ramfunc_load_start = LOADADDR (.ramfunc)

datas           0x20000000       0x2c load address 0x00008534
                0x20000000                __data_region_start = .
                0x20000000                __data_start = .
 *(SORT_BY_ALIGNMENT(.data))
 *(SORT_BY_ALIGNMENT(.data.*))
 .data._char_out
                0x20000000        0x4 zephyr/libzephyr.a(printk.c.obj)
                0x20000000                _char_out
 .data.post_ops_done
                0x20000004        0x4 zephyr/libzephyr.a(power.c.obj)
 .data._stdout_hook
                0x20000008        0x4 zephyr/lib/libc/minimal/liblib__libc__minimal.a(stdout_console.c.obj)
 .data.uarte_0_data
                0x2000000c       0x14 zephyr/drivers/serial/libdrivers__serial.a(uart_nrfx_uarte.c.obj)
 .data.SystemCoreClock
                0x20000020        0x4 modules/hal_nordic/nrfx/libmodules__hal_nordic__nrfx.a(system_nrf52.c.obj)
                0x20000020                SystemCoreClock
 .data.timeout_list
                0x20000024        0x8 zephyr/kernel/libkernel.a(timeout.c.obj)
 *(SORT_BY_ALIGNMENT(.kernel.*))
                0x2000002c                __data_end = .
                0x0000002c                __data_size = (__data_end - __data_start)
                0x00008534                __data_load_start = LOADADDR (datas)
                0x00008534                __data_region_load_start = LOADADDR (datas)

device_states   0x2000002c       0x10 load address 0x00008560
                0x2000002c                __device_states_start = .
 *(SORT_BY_ALIGNMENT(.z_devstate))
 .z_devstate    0x2000002c        0x4 zephyr/drivers/clock_control/libdrivers__clock_control.a(clock_control_nrf.c.obj)
 .z_devstate    0x20000030        0x4 zephyr/drivers/gpio/libdrivers__gpio.a(gpio_nrfx.c.obj)
 .z_devstate    0x20000034        0x4 zephyr/drivers/serial/libdrivers__serial.a(uart_nrfx_uarte.c.obj)
 .z_devstate    0x20000038        0x4 zephyr/drivers/timer/libdrivers__timer.a(sys_clock_init.c.obj)
 *(SORT_BY_ALIGNMENT(.z_devstate.*))
                0x2000003c                __device_states_end = .

initshell       0x2000003c        0x0 load address 0x00008570
                0x2000003c                __shell_module_start = .
 *(SORT_BY_ALIGNMENT(.shell_module_*))
                0x2000003c                __shell_module_end = .
                0x2000003c                __shell_cmd_start = .
 *(SORT_BY_ALIGNMENT(.shell_cmd_*))
                0x2000003c                __shell_cmd_end = .

log_dynamic_sections
                0x2000003c        0x0 load address 0x00008570
                0x2000003c                __log_dynamic_start = .
 *(SORT_BY_NAME(SORT_BY_ALIGNMENT(.log_dynamic_*)))
                0x2000003c                __log_dynamic_end = .

_static_thread_data_area
                0x2000003c        0x0 load address 0x00008570
                0x2000003c                __static_thread_data_list_start = .
 *(SORT_BY_NAME(SORT_BY_ALIGNMENT(.__static_thread_data.static.*)))
                0x2000003c                __static_thread_data_list_end = .

k_timer_area    0x2000003c        0x0 load address 0x00008570
                0x2000003c                _k_timer_list_start = .
 *(SORT_BY_NAME(SORT_BY_ALIGNMENT(._k_timer.static.*)))
                0x2000003c                _k_timer_list_end = .

k_mem_slab_area
                0x2000003c        0x0 load address 0x00008570
                0x2000003c                _k_mem_slab_list_start = .
 *(SORT_BY_NAME(SORT_BY_ALIGNMENT(._k_mem_slab.static.*)))
                0x2000003c                _k_mem_slab_list_end = .

k_mem_pool_area
                0x2000003c        0x0 load address 0x00008570
                0x2000003c                _k_mem_pool_list_start = .
 *(SORT_BY_NAME(SORT_BY_ALIGNMENT(._k_mem_pool.static.*)))
                0x2000003c                _k_mem_pool_list_end = .

k_heap_area     0x2000003c        0x0 load address 0x00008570
                0x2000003c                _k_heap_list_start = .
 *(SORT_BY_NAME(SORT_BY_ALIGNMENT(._k_heap.static.*)))
                0x2000003c                _k_heap_list_end = .

k_mutex_area    0x2000003c        0x0 load address 0x00008570
                0x2000003c                _k_mutex_list_start = .
 *(SORT_BY_NAME(SORT_BY_ALIGNMENT(._k_mutex.static.*)))
                0x2000003c                _k_mutex_list_end = .

k_stack_area    0x2000003c        0x0 load address 0x00008570
                0x2000003c                _k_stack_list_start = .
 *(SORT_BY_NAME(SORT_BY_ALIGNMENT(._k_stack.static.*)))
                0x2000003c                _k_stack_list_end = .

k_msgq_area     0x2000003c        0x0 load address 0x00008570
                0x2000003c                _k_msgq_list_start = .
 *(SORT_BY_NAME(SORT_BY_ALIGNMENT(._k_msgq.static.*)))
                0x2000003c                _k_msgq_list_end = .

k_mbox_area     0x2000003c        0x0 load address 0x00008570
                0x2000003c                _k_mbox_list_start = .
 *(SORT_BY_NAME(SORT_BY_ALIGNMENT(._k_mbox.static.*)))
                0x2000003c                _k_mbox_list_end = .

k_pipe_area     0x2000003c        0x0 load address 0x00008570
                0x2000003c                _k_pipe_list_start = .
 *(SORT_BY_NAME(SORT_BY_ALIGNMENT(._k_pipe.static.*)))
                0x2000003c                _k_pipe_list_end = .

k_sem_area      0x2000003c        0x0 load address 0x00008570
                0x2000003c                _k_sem_list_start = .
 *(SORT_BY_NAME(SORT_BY_ALIGNMENT(._k_sem.static.*)))
                0x2000003c                _k_sem_list_end = .

k_queue_area    0x2000003c        0x0 load address 0x00008570
                0x2000003c                _k_queue_list_start = .
 *(SORT_BY_NAME(SORT_BY_ALIGNMENT(._k_queue.static.*)))
                0x2000003c                _k_queue_list_end = .

k_condvar_area  0x2000003c        0x0 load address 0x00008570
                0x2000003c                _k_condvar_list_start = .
 *(SORT_BY_NAME(SORT_BY_ALIGNMENT(._k_condvar.static.*)))
                0x2000003c                _k_condvar_list_end = .

_net_buf_pool_area
                0x2000003c        0x0 load address 0x00008570
                0x2000003c                _net_buf_pool_list = .
 *(SORT_BY_NAME(SORT_BY_ALIGNMENT(._net_buf_pool.static.*)))
                0x2000003c                __data_region_end = .

bss             0x20000040      0x93c
                0x20000040                . = ALIGN (0x4)
                0x20000040                __bss_start = .
                0x20000040                __kernel_ram_start = .
 *(SORT_BY_ALIGNMENT(.bss))
 *(SORT_BY_ALIGNMENT(.bss.*))
 .bss.anchor    0x20000040        0x8 zephyr/drivers/timer/libdrivers__timer.a(nrf_rtc_timer.c.obj)
 .bss.cc_data   0x20000048       0x10 zephyr/drivers/timer/libdrivers__timer.a(nrf_rtc_timer.c.obj)
 .bss.last_count
                0x20000058        0x8 zephyr/drivers/timer/libdrivers__timer.a(nrf_rtc_timer.c.obj)
 .bss.z_idle_threads
                0x20000060       0xb0 zephyr/kernel/libkernel.a(init.c.obj)
                0x20000060                z_idle_threads
 .bss.z_main_thread
                0x20000110       0xb0 zephyr/kernel/libkernel.a(init.c.obj)
                0x20000110                z_main_thread
 .bss.curr_tick
                0x200001c0        0x8 zephyr/kernel/libkernel.a(timeout.c.obj)
 .bss.CurrentState
                0x200001c8        0x4 app/libapp.a(main.c.obj)
                0x200001c8                CurrentState
 .bss.LastState
                0x200001cc        0x4 app/libapp.a(main.c.obj)
                0x200001cc                LastState
 .bss.SPiTxPointer
                0x200001d0        0x4 app/libapp.a(main.c.obj)
                0x200001d0                SPiTxPointer
 .bss.gpio0     0x200001d4        0x4 app/libapp.a(main.c.obj)
                0x200001d4                gpio0
 .bss.milliSecondCounter
                0x200001d8        0x4 app/libapp.a(main.c.obj)
                0x200001d8                milliSecondCounter
 .bss.Clock_Alarm_currentTime
                0x200001dc        0x4 app/libapp.a(ClockAlarm_SM.c.obj)
                0x200001dc                Clock_Alarm_currentTime
 .bss.Clock_Alarm_object
                0x200001e0       0x20 app/libapp.a(ClockAlarm_SM.c.obj)
                0x200001e0                Clock_Alarm_object
 .bss.DisplayStringFirstLine
                0x20000200       0x1e app/libapp.a(ClockAlarm_SM.c.obj)
                0x20000200                DisplayStringFirstLine
 *fill*         0x2000021e        0x2 
 .bss.DisplayStringSecondLine
                0x20000220       0x1e app/libapp.a(ClockAlarm_SM.c.obj)
                0x20000220                DisplayStringSecondLine
 *fill*         0x2000023e        0x2 
 .bss.DisplayStringThirdLine
                0x20000240       0x1e app/libapp.a(ClockAlarm_SM.c.obj)
                0x20000240                DisplayStringThirdLine
 *fill*         0x2000025e        0x2 
 .bss.u8g2      0x20000260       0x94 app/libapp.a(ClockAlarm_SM.c.obj)
                0x20000260                u8g2
 .bss.buf.11642
                0x200002f4       0x80 app/libapp.a(u8g2_d_memory.c.obj)
 .bss.pm_notifiers
                0x20000374        0x8 zephyr/libzephyr.a(power.c.obj)
 .bss.z_power_state
                0x2000037c        0xc zephyr/libzephyr.a(power.c.obj)
 .bss.dynamic_regions.9708
                0x20000388        0xc zephyr/arch/arch/arm/core/aarch32/mpu/libarch__arm__core__aarch32__mpu.a(arm_core_mpu.c.obj)
 .bss.cli.10839
                0x20000394       0x10 zephyr/drivers/clock_control/libdrivers__clock_control.a(clock_control_nrf.c.obj)
 .bss.data      0x200003a4       0x50 zephyr/drivers/clock_control/libdrivers__clock_control.a(clock_control_nrf.c.obj)
 .bss.hfclk_users
                0x200003f4        0x4 zephyr/drivers/clock_control/libdrivers__clock_control.a(clock_control_nrf.c.obj)
 .bss.on.10838  0x200003f8        0x4 zephyr/drivers/clock_control/libdrivers__clock_control.a(clock_control_nrf.c.obj)
 .bss.uart_console_dev
                0x200003fc        0x4 zephyr/drivers/console/libdrivers__console.a(uart_console.c.obj)
 .bss.gpio_nrfx_p0_data
                0x20000400       0x1c zephyr/drivers/gpio/libdrivers__gpio.a(gpio_nrfx.c.obj)
 .bss.force_isr_mask
                0x2000041c        0x4 zephyr/drivers/timer/libdrivers__timer.a(nrf_rtc_timer.c.obj)
 .bss.int_mask  0x20000420        0x4 zephyr/drivers/timer/libdrivers__timer.a(nrf_rtc_timer.c.obj)
 .bss.overflow_cnt
                0x20000424        0x4 zephyr/drivers/timer/libdrivers__timer.a(nrf_rtc_timer.c.obj)
 .bss.m_clock_cb
                0x20000428        0x8 modules/hal_nordic/nrfx/libmodules__hal_nordic__nrfx.a(nrfx_clock.c.obj)
 .bss.m_cb      0x20000430       0x50 modules/hal_nordic/nrfx/libmodules__hal_nordic__nrfx.a(nrfx_gpiote.c.obj)
 .bss.m_channels_allocated
                0x20000480        0x4 modules/hal_nordic/nrfx/libmodules__hal_nordic__nrfx.a(nrfx_ppi.c.obj)
 .bss._SEGGER_RTT
                0x20000484       0xa8 modules/segger/libmodules__segger.a(SEGGER_RTT.c.obj)