Archive member included to satisfy reference by file (symbol)

app/libapp.a(main.c.obj)      (--whole-archive)
zephyr/libzephyr.a(cbprintf.c.obj)
                              (--whole-archive)
zephyr/libzephyr.a(cbprintf_packaged.c.obj)
                              (--whole-archive)
zephyr/libzephyr.a(crc32c_sw.c.obj)
                              (--whole-archive)
zephyr/libzephyr.a(crc32_sw.c.obj)
                              (--whole-archive)
zephyr/libzephyr.a(crc16_sw.c.obj)
                              (--whole-archive)
zephyr/libzephyr.a(crc8_sw.c.obj)
                              (--whole-archive)
zephyr/libzephyr.a(crc7_sw.c.obj)
                              (--whole-archive)
zephyr/libzephyr.a(dec.c.obj)
                              (--whole-archive)
zephyr/libzephyr.a(fdtable.c.obj)
                              (--whole-archive)
zephyr/libzephyr.a(hex.c.obj)
                              (--whole-archive)
zephyr/libzephyr.a(notify.c.obj)
                              (--whole-archive)
zephyr/libzephyr.a(printk.c.obj)
                              (--whole-archive)
zephyr/libzephyr.a(onoff.c.obj)
                              (--whole-archive)
zephyr/libzephyr.a(rb.c.obj)  (--whole-archive)
zephyr/libzephyr.a(sem.c.obj)
                              (--whole-archive)
zephyr/libzephyr.a(thread_entry.c.obj)
                              (--whole-archive)
zephyr/libzephyr.a(timeutil.c.obj)
                              (--whole-archive)
zephyr/libzephyr.a(heap.c.obj)
                              (--whole-archive)
zephyr/libzephyr.a(heap-validate.c.obj)
                              (--whole-archive)
zephyr/libzephyr.a(bitarray.c.obj)
                              (--whole-archive)
zephyr/libzephyr.a(cbprintf_complete.c.obj)
                              (--whole-archive)
zephyr/libzephyr.a(reboot.c.obj)
                              (--whole-archive)
zephyr/libzephyr.a(configs.c.obj)
                              (--whole-archive)
zephyr/libzephyr.a(soc_nrf_common.S.obj)
                              (--whole-archive)
zephyr/libzephyr.a(validate_base_addresses.c.obj)
                              (--whole-archive)
zephyr/libzephyr.a(validate_enabled_instances.c.obj)
                              (--whole-archive)
zephyr/libzephyr.a(thread_info.c.obj)
                              (--whole-archive)
zephyr/libzephyr.a(tty.c.obj)
                              (--whole-archive)
zephyr/libzephyr.a(getchar.c.obj)
                              (--whole-archive)
zephyr/libzephyr.a(power.c.obj)
                              (--whole-archive)
zephyr/libzephyr.a(pm_ctrl.c.obj)
                              (--whole-archive)
zephyr/libzephyr.a(policy_residency.c.obj)
                              (--whole-archive)
zephyr/libzephyr.a(tracing_none.c.obj)
                              (--whole-archive)
zephyr/arch/common/libarch__common.a(sw_isr_common.c.obj)
                              (--whole-archive)
zephyr/arch/arch/arm/core/aarch32/libarch__arm__core__aarch32.a(cpu_idle.S.obj)
                              (--whole-archive)
zephyr/arch/arch/arm/core/aarch32/libarch__arm__core__aarch32.a(fatal.c.obj)
                              (--whole-archive)
zephyr/arch/arch/arm/core/aarch32/libarch__arm__core__aarch32.a(irq_manage.c.obj)
                              (--whole-archive)
zephyr/arch/arch/arm/core/aarch32/libarch__arm__core__aarch32.a(nmi.c.obj)
                              (--whole-archive)
zephyr/arch/arch/arm/core/aarch32/libarch__arm__core__aarch32.a(nmi_on_reset.S.obj)
                              (--whole-archive)
zephyr/arch/arch/arm/core/aarch32/libarch__arm__core__aarch32.a(prep_c.c.obj)
                              (--whole-archive)
zephyr/arch/arch/arm/core/aarch32/libarch__arm__core__aarch32.a(swap.c.obj)
                              (--whole-archive)
zephyr/arch/arch/arm/core/aarch32/libarch__arm__core__aarch32.a(swap_helper.S.obj)
                              (--whole-archive)
zephyr/arch/arch/arm/core/aarch32/libarch__arm__core__aarch32.a(thread.c.obj)
                              (--whole-archive)
zephyr/arch/arch/arm/core/aarch32/libarch__arm__core__aarch32.a(isr_wrapper.S.obj)
                              (--whole-archive)
zephyr/arch/arch/arm/core/aarch32/cortex_m/libarch__arm__core__aarch32__cortex_m.a(exc_exit.S.obj)
                              (--whole-archive)
zephyr/arch/arch/arm/core/aarch32/cortex_m/libarch__arm__core__aarch32__cortex_m.a(fault.c.obj)
                              (--whole-archive)
zephyr/arch/arch/arm/core/aarch32/cortex_m/libarch__arm__core__aarch32__cortex_m.a(fault_s.S.obj)
                              (--whole-archive)
zephyr/arch/arch/arm/core/aarch32/cortex_m/libarch__arm__core__aarch32__cortex_m.a(fpu.c.obj)
                              (--whole-archive)
zephyr/arch/arch/arm/core/aarch32/cortex_m/libarch__arm__core__aarch32__cortex_m.a(irq_init.c.obj)
                              (--whole-archive)
[...]
Memory Configuration

Name             Origin             Length             Attributes
FLASH            0x00000000         0x00040000         xr
SRAM             0x20000000         0x00008000         xw
IDT_LIST         0xfffff7ff         0x00000800         xw
*default*        0x00000000         0xffffffff

Linker script and memory map

LOAD zephyr/CMakeFiles/zephyr_prebuilt.dir/misc/empty_file.c.obj
                0x00000004                _region_min_align = 0x4

.rel.plt        0x00000000        0x0
 *(SORT_BY_ALIGNMENT(.rel.plt))
                [!provide]                PROVIDE (__rel_iplt_start = .)
 *(SORT_BY_ALIGNMENT(.rel.iplt))
 .rel.iplt      0x00000000        0x0 app/libapp.a(main.c.obj)
                [!provide]                PROVIDE (__rel_iplt_end = .)

.rela.plt       0x00000000        0x0
 *(SORT_BY_ALIGNMENT(.rela.plt))
                [!provide]                PROVIDE (__rela_iplt_start = .)
 *(SORT_BY_ALIGNMENT(.rela.iplt))
                [!provide]                PROVIDE (__rela_iplt_end = .)

.rel.dyn
 *(SORT_BY_ALIGNMENT(.rel.*))

.rela.dyn
 *(SORT_BY_ALIGNMENT(.rela.*))

/DISCARD/
 *(SORT_BY_ALIGNMENT(.plt))
 *(SORT_BY_ALIGNMENT(.iplt))
 *(SORT_BY_ALIGNMENT(.got.plt))
 *(SORT_BY_ALIGNMENT(.igot.plt))
 *(SORT_BY_ALIGNMENT(.got))
 *(SORT_BY_ALIGNMENT(.igot))
 *(SORT_BY_ALIGNMENT(.note.GNU-stack))
                0x00000000                __rom_region_start = 0x0

rom_start       0x00000000       0xa8
                0x00000000                . = 0x0
                0x00000000                . = ALIGN (0x4)
                0x00000000                _vector_start = .
 *(SORT_BY_ALIGNMENT(.exc_vector_table))
 *(SORT_BY_ALIGNMENT(.exc_vector_table.*))
 .exc_vector_table._vector_table_section
                0x00000000       0x40 zephyr/arch/arch/arm/core/aarch32/cortex_m/libarch__arm__core__aarch32__cortex_m.a(vector_table.S.obj)
                0x00000000                _vector_table
 *(SORT_BY_ALIGNMENT(.gnu.linkonce.irq_vector_table*))
 .gnu.linkonce.irq_vector_table
                0x00000040       0x68 zephyr/arch/common/libisr_tables.a(isr_tables.c.obj)
                0x00000040                _irq_vector_table
 *(SORT_BY_ALIGNMENT(.vectors))
                0x000000a8                _vector_end = .

text            0x000000a8     0x4d7c
                0x000000a8                __text_region_start = .
 *(SORT_BY_ALIGNMENT(.text))
 .text          0x000000a8        0x4 c:/nrf/v1.8.0/toolchain/opt/bin/../lib/gcc/arm-none-eabi/9.2.1/thumb/v6-m/nofp\libgcc.a(_dvmd_tls.o)
                0x000000a8                __aeabi_idiv0
                0x000000a8                __aeabi_ldiv0
 .text          0x000000ac       0x3c c:/nrf/v1.8.0/toolchain/opt/bin/../lib/gcc/arm-none-eabi/9.2.1/thumb/v6-m/nofp\libgcc.a(_clzsi2.o)
                0x000000ac                __clzsi2
 .text          0x000000e8       0x40 c:/nrf/v1.8.0/toolchain/opt/bin/../lib/gcc/arm-none-eabi/9.2.1/thumb/v6-m/nofp\libgcc.a(_aeabi_uldivmod.o)
                0x000000e8                __aeabi_uldivmod
 .text          0x00000128       0x50 c:/nrf/v1.8.0/toolchain/opt/bin/../lib/gcc/arm-none-eabi/9.2.1/thumb/v6-m/nofp\libgcc.a(_muldi3.o)
                0x00000128                __muldi3
                0x00000128                __aeabi_lmul
 .text          0x00000178      0x198 c:/nrf/v1.8.0/toolchain/opt/bin/../lib/gcc/arm-none-eabi/9.2.1/thumb/v6-m/nofp\libgcc.a(_udivmoddi4.o)
                0x00000178                __udivmoddi4
 .text          0x00000310       0x18 c:/nrf/v1.8.0/toolchain/opt/bin/../lib/gcc/arm-none-eabi/9.2.1/thumb/v6-m/nofp\libgcc.a(_clzdi2.o)
                0x00000310                __clzdi2
 *(SORT_BY_ALIGNMENT(.text.*))
 .text.z_impl_gpio_pin_configure
                0x00000328       0x48 app/libapp.a(main.c.obj)
 .text.ALARM_Handler
                0x00000370       0x58 app/libapp.a(main.c.obj)
                0x00000370                ALARM_Handler
 .text.COUNTDOWN_Handler
                0x000003c8       0x64 app/libapp.a(main.c.obj)
                0x000003c8                COUNTDOWN_Handler
 .text.PAUSE_Handler
                0x0000042c       0x70 app/libapp.a(main.c.obj)
                0x0000042c                PAUSE_Handler
 .text.IDLE_Handler
                0x0000049c       0x3c app/libapp.a(main.c.obj)
                0x0000049c                IDLE_Handler
 .text.SET_TIME_Handler
                0x000004d8       0x7c app/libapp.a(main.c.obj)
                0x000004d8                SET_TIME_Handler
 .text.StateMachine_Handler
                0x00000554       0x38 app/libapp.a(main.c.obj)
                0x00000554                StateMachine_Handler
 .text.Initialize_StateMachine
                0x0000058c       0x1c app/libapp.a(main.c.obj)
                0x0000058c                Initialize_StateMachine
 .text.main     0x000005a8      0x188 app/libapp.a(main.c.obj)
                0x000005a8                main
 .text.char_out
                0x00000730       0x14 zephyr/libzephyr.a(printk.c.obj)
 .text.__printk_hook_install
                0x00000744        0xc zephyr/libzephyr.a(printk.c.obj)
                0x00000744                __printk_hook_install
 .text.vprintk  0x00000750       0x1c zephyr/libzephyr.a(printk.c.obj)
                0x00000750                vprintk
 .text.vsnprintk
                0x0000076c       0x30 zephyr/libzephyr.a(printk.c.obj)
                0x0000076c                vsnprintk
 .text.process_event
                0x0000079c      0x168 zephyr/libzephyr.a(onoff.c.obj)
 .text.onoff_request
                0x00000904       0xc4 zephyr/libzephyr.a(onoff.c.obj)
                0x00000904                onoff_request
 .text.cbvprintf
                0x000009c8      0x888 zephyr/libzephyr.a(cbprintf_complete.c.obj)
                0x000009c8                cbvprintf
 .text.pm_system_resume
                0x00001250       0x7c zephyr/libzephyr.a(power.c.obj)
                0x00001250                pm_system_resume
 .text.pm_system_suspend
                0x000012cc       0xc4 zephyr/libzephyr.a(power.c.obj)
                0x000012cc                pm_system_suspend
 .text.z_arm_cpu_idle_init
                0x00001390        0xc zephyr/arch/arch/arm/core/aarch32/libarch__arm__core__aarch32.a(cpu_idle.S.obj)
                0x00001390                z_arm_cpu_idle_init
 .text.arch_cpu_idle
                0x0000139c       0x10 zephyr/arch/arch/arm/core/aarch32/libarch__arm__core__aarch32.a(cpu_idle.S.obj)
                0x0000139c                arch_cpu_idle
 .text.arch_cpu_atomic_idle
                0x000013ac        0xc zephyr/arch/arch/arm/core/aarch32/libarch__arm__core__aarch32.a(cpu_idle.S.obj)
                0x000013ac                arch_cpu_atomic_idle
 .text.arch_irq_enable
                0x000013b8       0x18 zephyr/arch/arch/arm/core/aarch32/libarch__arm__core__aarch32.a(irq_manage.c.obj)
                0x000013b8                arch_irq_enable
 .text.arch_irq_is_enabled
                0x000013d0       0x18 zephyr/arch/arch/arm/core/aarch32/libarch__arm__core__aarch32.a(irq_manage.c.obj)
                0x000013d0                arch_irq_is_enabled
 .text.z_arm_irq_priority_set
                0x000013e8       0x64 zephyr/arch/arch/arm/core/aarch32/libarch__arm__core__aarch32.a(irq_manage.c.obj)
                0x000013e8                z_arm_irq_priority_set
 .text.z_SysNmiOnReset
                0x0000144c        0x4 zephyr/arch/arch/arm/core/aarch32/libarch__arm__core__aarch32.a(nmi_on_reset.S.obj)
                0x0000144c                z_SysNmiOnReset
 .text.arch_swap
                0x00001450       0x38 zephyr/arch/arch/arm/core/aarch32/libarch__arm__core__aarch32.a(swap.c.obj)
                0x00001450                arch_swap
 .text.z_arm_pendsv
                0x00001488       0x68 zephyr/arch/arch/arm/core/aarch32/libarch__arm__core__aarch32.a(swap_helper.S.obj)
                0x00001488                z_arm_pendsv
 .text.z_arm_svc
                0x000014f0       0x24 zephyr/arch/arch/arm/core/aarch32/libarch__arm__core__aarch32.a(swap_helper.S.obj)
                0x000014f0                z_arm_svc
 .text.arch_new_thread
                0x00001514       0x30 zephyr/arch/arch/arm/core/aarch32/libarch__arm__core__aarch32.a(thread.c.obj)
                0x00001514                arch_new_thread
 .text.arch_switch_to_main_thread
                0x00001544       0x20 zephyr/arch/arch/arm/core/aarch32/libarch__arm__core__aarch32.a(thread.c.obj)
                0x00001544                arch_switch_to_main_thread
 .text._isr_wrapper
                0x00001564       0x40 zephyr/arch/arch/arm/core/aarch32/libarch__arm__core__aarch32.a(isr_wrapper.S.obj)
                0x00001564                _isr_wrapper
 .text._HandlerModeExit
                0x000015a4       0x20 zephyr/arch/arch/arm/core/aarch32/cortex_m/libarch__arm__core__aarch32__cortex_m.a(exc_exit.S.obj)
                0x000015a4                z_arm_int_exit
                0x000015a4                z_arm_exc_exit
 .text.hard_fault
                0x000015c4       0x28 zephyr/arch/arch/arm/core/aarch32/cortex_m/libarch__arm__core__aarch32__cortex_m.a(fault.c.obj)
 .text.z_arm_fault
                0x000015ec       0x98 zephyr/arch/arch/arm/core/aarch32/cortex_m/libarch__arm__core__aarch32__cortex_m.a(fault.c.obj)
                0x000015ec                z_arm_fault
 .text.__fault  0x00001684       0x14 zephyr/arch/arch/arm/core/aarch32/cortex_m/libarch__arm__core__aarch32__cortex_m.a(fault_s.S.obj)
                0x00001684                z_arm_hard_fault
                0x00001684                z_arm_exc_spurious
 .text.z_arm_interrupt_init
                0x00001698       0x58 zephyr/arch/arch/arm/core/aarch32/cortex_m/libarch__arm__core__aarch32__cortex_m.a(irq_init.c.obj)
                0x00001698                z_arm_interrupt_init
 .text._reset_section
                0x000016f0       0x44 zephyr/arch/arch/arm/core/aarch32/cortex_m/libarch__arm__core__aarch32__cortex_m.a(reset.S.obj)
                0x000016f0                __start
                0x000016f0                z_arm_reset
 .text.z_arm_init_arch_hw_at_boot
                0x00001734       0x48 zephyr/arch/arch/arm/core/aarch32/cortex_m/libarch__arm__core__aarch32__cortex_m.a(scb.c.obj)
                0x00001734                z_arm_init_arch_hw_at_boot
 .text.z_impl_k_thread_abort
                0x0000177c       0x30 zephyr/arch/arch/arm/core/aarch32/cortex_m/libarch__arm__core__aarch32__cortex_m.a(thread_abort.c.obj)
                0x0000177c                z_impl_k_thread_abort
 .text.__stdout_hook_install
                0x000017ac        0xc zephyr/lib/libc/minimal/liblib__libc__minimal.a(stdout_console.c.obj)
                0x000017ac                __stdout_hook_install
 .text.sys_arch_reboot
                0x000017b8       0x2c zephyr/soc/arm/nordic_nrf/nrf51/libsoc__arm__nordic_nrf__nrf51.a(soc.c.obj)
                0x000017b8                sys_arch_reboot
 .text.arch_busy_wait
                0x000017e4       0x1c zephyr/soc/arm/nordic_nrf/nrf51/libsoc__arm__nordic_nrf__nrf51.a(soc.c.obj)
                0x000017e4                arch_busy_wait
 .text.get_hf_flags
                0x00001800        0xc zephyr/drivers/clock_control/libdrivers__clock_control.a(clock_control_nrf.c.obj)
 .text.get_subsys
                0x0000180c       0x24 zephyr/drivers/clock_control/libdrivers__clock_control.a(clock_control_nrf.c.obj)
 .text.onoff_stop
                0x00001830       0x20 zephyr/drivers/clock_control/libdrivers__clock_control.a(clock_control_nrf.c.obj)
 .text.onoff_start
                0x00001850       0x34 zephyr/drivers/clock_control/libdrivers__clock_control.a(clock_control_nrf.c.obj)
 .text.clock_event_handler
                0x00001884       0x34 zephyr/drivers/clock_control/libdrivers__clock_control.a(clock_control_nrf.c.obj)
 .text.generic_hfclk_start
                0x000018b8       0x60 zephyr/drivers/clock_control/libdrivers__clock_control.a(clock_control_nrf.c.obj)
 .text.generic_hfclk_stop
                0x00001918       0x1c zephyr/drivers/clock_control/libdrivers__clock_control.a(clock_control_nrf.c.obj)
 .text.api_blocking_start
                0x00001934       0x34 zephyr/drivers/clock_control/libdrivers__clock_control.a(clock_control_nrf.c.obj)
 .text.clk_init
                0x00001968       0x68 zephyr/drivers/clock_control/libdrivers__clock_control.a(clock_control_nrf.c.obj)
 .text.lfclk_spinwait
                0x000019d0       0xf4 zephyr/drivers/clock_control/libdrivers__clock_control.a(clock_control_nrf.c.obj)
 .text.z_nrf_clock_control_lf_on
                0x00001ac4       0x50 zephyr/drivers/clock_control/libdrivers__clock_control.a(clock_control_nrf.c.obj)
                0x00001ac4                z_nrf_clock_control_lf_on
 .text.console_out
                0x00001b14       0x3c zephyr/drivers/console/libdrivers__console.a(uart_console.c.obj)
 .text.uart_console_hook_install
                0x00001b50       0x18 zephyr/drivers/console/libdrivers__console.a(uart_console.c.obj)
 .text.uart_console_init
                0x00001b68       0x28 zephyr/drivers/console/libdrivers__console.a(uart_console.c.obj)
 .text.gpio_nrfx_config
                0x00001b90      0x110 zephyr/drivers/gpio/libdrivers__gpio.a(gpio_nrfx.c.obj)
 .text.gpio_nrfx_port_set_masked_raw
                0x00001ca0       0x1c zephyr/drivers/gpio/libdrivers__gpio.a(gpio_nrfx.c.obj)
 .text.gpio_nrfx_port_clear_bits_raw
                0x00001cbc       0x10 zephyr/drivers/gpio/libdrivers__gpio.a(gpio_nrfx.c.obj)
 .text.gpio_nrfx_port_toggle_bits
                0x00001ccc       0x14 zephyr/drivers/gpio/libdrivers__gpio.a(gpio_nrfx.c.obj)
 .text.cfg_level_pins
                0x00001ce0       0x74 zephyr/drivers/gpio/libdrivers__gpio.a(gpio_nrfx.c.obj)
 .text.check_level_trigger_pins
                0x00001d54       0xa4 zephyr/drivers/gpio/libdrivers__gpio.a(gpio_nrfx.c.obj)
 .text.gpiote_event_handler
                0x00001df8       0xd4 zephyr/drivers/gpio/libdrivers__gpio.a(gpio_nrfx.c.obj)
 .text.gpiote_pin_cleanup
                0x00001ecc       0x5c zephyr/drivers/gpio/libdrivers__gpio.a(gpio_nrfx.c.obj)
 .text.gpiote_channel_alloc
                0x00001f28       0x84 zephyr/drivers/gpio/libdrivers__gpio.a(gpio_nrfx.c.obj)
 .text.gpiote_pin_int_cfg
                0x00001fac       0x94 zephyr/drivers/gpio/libdrivers__gpio.a(gpio_nrfx.c.obj)
 .text.gpio_nrfx_init
                0x00002040       0x3c zephyr/drivers/gpio/libdrivers__gpio.a(gpio_nrfx.c.obj)
 .text.event_txdrdy_check
                0x0000207c       0x24 zephyr/drivers/serial/libdrivers__serial.a(uart_nrfx_uart.c.obj)
 .text.event_txdrdy_clear
                0x000020a0       0x14 zephyr/drivers/serial/libdrivers__serial.a(uart_nrfx_uart.c.obj)
 .text.baudrate_set
                0x000020b4      0x190 zephyr/drivers/serial/libdrivers__serial.a(uart_nrfx_uart.c.obj)
 .text.uart_nrfx_poll_in
                0x00002244       0x2c zephyr/drivers/serial/libdrivers__serial.a(uart_nrfx_uart.c.obj)
 .text.uart_nrfx_err_check
                0x00002270       0x10 zephyr/drivers/serial/libdrivers__serial.a(uart_nrfx_uart.c.obj)
 .text.uart_nrfx_configure
                0x00002280       0x90 zephyr/drivers/serial/libdrivers__serial.a(uart_nrfx_uart.c.obj)
 .text.uart_nrfx_fifo_fill
                0x00002310       0x38 zephyr/drivers/serial/libdrivers__serial.a(uart_nrfx_uart.c.obj)
 .text.uart_nrfx_fifo_read
                0x00002348       0x34 zephyr/drivers/serial/libdrivers__serial.a(uart_nrfx_uart.c.obj)
 .text.uart_nrfx_irq_tx_enable
                0x0000237c       0x50 zephyr/drivers/serial/libdrivers__serial.a(uart_nrfx_uart.c.obj)
 .text.uart_nrfx_irq_tx_disable
                0x000023cc        0xc zephyr/drivers/serial/libdrivers__serial.a(uart_nrfx_uart.c.obj)
 .text.uart_nrfx_irq_rx_enable
                0x000023d8       0x10 zephyr/drivers/serial/libdrivers__serial.a(uart_nrfx_uart.c.obj)
 .text.uart_nrfx_irq_rx_disable
                0x000023e8       0x10 zephyr/drivers/serial/libdrivers__serial.a(uart_nrfx_uart.c.obj)
 .text.uart_nrfx_irq_tx_ready_complete
                0x000023f8       0x38 zephyr/drivers/serial/libdrivers__serial.a(uart_nrfx_uart.c.obj)
 .text.uart_nrfx_irq_rx_ready
                0x00002430       0x10 zephyr/drivers/serial/libdrivers__serial.a(uart_nrfx_uart.c.obj)
 .text.uart_nrfx_irq_err_enable
                0x00002440       0x14 zephyr/drivers/serial/libdrivers__serial.a(uart_nrfx_uart.c.obj)
 .text.uart_nrfx_irq_err_disable
                0x00002454       0x14 zephyr/drivers/serial/libdrivers__serial.a(uart_nrfx_uart.c.obj)
 .text.uart_nrfx_irq_is_pending
                0x00002468       0x40 zephyr/drivers/serial/libdrivers__serial.a(uart_nrfx_uart.c.obj)
 .text.uart_nrfx_irq_callback_set
                0x000024a8       0x14 zephyr/drivers/serial/libdrivers__serial.a(uart_nrfx_uart.c.obj)
 .text.uart_nrfx_isr
                0x000024bc       0x64 zephyr/drivers/serial/libdrivers__serial.a(uart_nrfx_uart.c.obj)
 .text.uart_nrfx_poll_out
                0x00002520       0x80 zephyr/drivers/serial/libdrivers__serial.a(uart_nrfx_uart.c.obj)
 .text.uart_nrfx_init
                0x000025a0       0xa4 zephyr/drivers/serial/libdrivers__serial.a(uart_nrfx_uart.c.obj)
 .text.set_comparator
                0x00002644       0x14 zephyr/drivers/timer/libdrivers__timer.a(nrf_rtc_timer.c.obj)
 .text.get_comparator
                0x00002658       0x10 zephyr/drivers/timer/libdrivers__timer.a(nrf_rtc_timer.c.obj)
 .text.event_clear
                0x00002668       0x18 zephyr/drivers/timer/libdrivers__timer.a(nrf_rtc_timer.c.obj)
 .text.event_enable
                0x00002680       0x14 zephyr/drivers/timer/libdrivers__timer.a(nrf_rtc_timer.c.obj)
 .text.event_disable
                0x00002694       0x14 zephyr/drivers/timer/libdrivers__timer.a(nrf_rtc_timer.c.obj)
 .text.counter  0x000026a8       0x10 zephyr/drivers/timer/libdrivers__timer.a(nrf_rtc_timer.c.obj)
 .text.compare_int_lock
                0x000026b8       0x38 zephyr/drivers/timer/libdrivers__timer.a(nrf_rtc_timer.c.obj)
 .text.channel_processing_check_and_clear
                0x000026f0       0x6c zephyr/drivers/timer/libdrivers__timer.a(nrf_rtc_timer.c.obj)
 .text.compare_int_unlock
                0x0000275c       0x50 zephyr/drivers/timer/libdrivers__timer.a(nrf_rtc_timer.c.obj)
 .text.sys_clock_timeout_handler
                0x000027ac       0x94 zephyr/drivers/timer/libdrivers__timer.a(nrf_rtc_timer.c.obj)
 .text.z_nrf_rtc_timer_read
                0x00002840       0x48 zephyr/drivers/timer/libdrivers__timer.a(nrf_rtc_timer.c.obj)
                0x00002840                z_nrf_rtc_timer_read
 .text.compare_set_nolocks
                0x00002888       0x94 zephyr/drivers/timer/libdrivers__timer.a(nrf_rtc_timer.c.obj)
 .text.process_channel
                0x0000291c       0x84 zephyr/drivers/timer/libdrivers__timer.a(nrf_rtc_timer.c.obj)
 .text.rtc_nrf_isr
                0x000029a0       0x44 zephyr/drivers/timer/libdrivers__timer.a(nrf_rtc_timer.c.obj)
                0x000029a0                rtc_nrf_isr
 .text.sys_clock_driver_init
                0x000029e4       0xa4 zephyr/drivers/timer/libdrivers__timer.a(nrf_rtc_timer.c.obj)
                0x000029e4                sys_clock_driver_init
 .text.sys_clock_set_timeout
                0x00002a88       0x6c zephyr/drivers/timer/libdrivers__timer.a(nrf_rtc_timer.c.obj)
                0x00002a88                sys_clock_set_timeout
 .text.sys_clock_elapsed
                0x00002af4       0x18 zephyr/drivers/timer/libdrivers__timer.a(nrf_rtc_timer.c.obj)
                0x00002af4                sys_clock_elapsed
 .text.nrf51_errata_26
                0x00002b0c       0x3c modules/hal_nordic/nrfx/libmodules__hal_nordic__nrfx.a(system_nrf51.c.obj)
 .text.nrf51_errata_59
                0x00002b48       0x38 modules/hal_nordic/nrfx/libmodules__hal_nordic__nrfx.a(system_nrf51.c.obj)
 .text.nrf51_errata_76
                0x00002b80       0x3c modules/hal_nordic/nrfx/libmodules__hal_nordic__nrfx.a(system_nrf51.c.obj)
 .text.SystemCoreClockUpdate
                0x00002bbc       0x10 modules/hal_nordic/nrfx/libmodules__hal_nordic__nrfx.a(system_nrf51.c.obj)
                0x00002bbc                SystemCoreClockUpdate
 .text.SystemInit
                0x00002bcc       0x70 modules/hal_nordic/nrfx/libmodules__hal_nordic__nrfx.a(system_nrf51.c.obj)
                0x00002bcc                SystemInit
 .text.nrfx_clock_init
                0x00002c3c       0x24 modules/hal_nordic/nrfx/libmodules__hal_nordic__nrfx.a(nrfx_clock.c.obj)
                0x00002c3c                nrfx_clock_init
 .text.nrfx_clock_start
                0x00002c60       0x78 modules/hal_nordic/nrfx/libmodules__hal_nordic__nrfx.a(nrfx_clock.c.obj)
                0x00002c60                nrfx_clock_start
 .text.nrfx_clock_stop
                0x00002cd8       0xfc modules/hal_nordic/nrfx/libmodules__hal_nordic__nrfx.a(nrfx_clock.c.obj)
                0x00002cd8                nrfx_clock_stop
 .text.nrfx_power_clock_irq_handler
                0x00002dd4       0x78 modules/hal_nordic/nrfx/libmodules__hal_nordic__nrfx.a(nrfx_clock.c.obj)
                0x00002dd4                nrfx_power_clock_irq_handler
 .text.is_allocated_channel
                0x00002e4c       0x18 modules/hal_nordic/nrfx/libmodules__hal_nordic__nrfx.a(nrfx_gpiote.c.obj)
 .text.channel_allocated_set
                0x00002e64       0x14 modules/hal_nordic/nrfx/libmodules__hal_nordic__nrfx.a(nrfx_gpiote.c.obj)
 .text.channel_allocated_clr
                0x00002e78       0x14 modules/hal_nordic/nrfx/libmodules__hal_nordic__nrfx.a(nrfx_gpiote.c.obj)
 .text.nrfx_gpiote_channel_free
                0x00002e8c       0x38 modules/hal_nordic/nrfx/libmodules__hal_nordic__nrfx.a(nrfx_gpiote.c.obj)
                0x00002e8c                nrfx_gpiote_channel_free
 .text.nrfx_gpiote_channel_alloc
                0x00002ec4       0x6c modules/hal_nordic/nrfx/libmodules__hal_nordic__nrfx.a(nrfx_gpiote.c.obj)
                0x00002ec4                nrfx_gpiote_channel_alloc
 .text.z_device_state_init
                0x00002f30       0x18 zephyr/kernel/libkernel.a(device.c.obj)
                0x00002f30                z_device_state_init
 .text.z_sys_init_run_level
                0x00002f48       0x4c zephyr/kernel/libkernel.a(device.c.obj)
                0x00002f48                z_sys_init_run_level
 .text.z_impl_device_get_binding
                0x00002f94       0x64 zephyr/kernel/libkernel.a(device.c.obj)
                0x00002f94                z_impl_device_get_binding
 .text.init_idle_thread
                0x00002ff8       0x6c zephyr/kernel/libkernel.a(init.c.obj)
 .text.prepare_multithreading
                0x00003064       0x98 zephyr/kernel/libkernel.a(init.c.obj)
 .text.bg_thread_main
                0x000030fc       0x34 zephyr/kernel/libkernel.a(init.c.obj)
 .text.switch_to_main_thread
                0x00003130       0x14 zephyr/kernel/libkernel.a(init.c.obj)
 .text.z_bss_zero
                0x00003144       0x18 zephyr/kernel/libkernel.a(init.c.obj)
                0x00003144                z_bss_zero
 .text.z_cstart
                0x0000315c       0x60 zephyr/kernel/libkernel.a(init.c.obj)
                0x0000315c                z_cstart
 .text.z_thread_monitor_exit
                0x000031bc       0x3c zephyr/kernel/libkernel.a(thread.c.obj)
                0x000031bc                z_thread_monitor_exit
 .text.schedule_new_thread
                0x000031f8       0x1c zephyr/kernel/libkernel.a(thread.c.obj)
 .text.z_setup_new_thread
                0x00003214       0xac zephyr/kernel/libkernel.a(thread.c.obj)
                0x00003214                z_setup_new_thread
 .text.z_init_static_threads
                0x000032c0       0x94 zephyr/kernel/libkernel.a(thread.c.obj)
                0x000032c0                z_init_static_threads
 .text.pm_save_idle
                0x00003354       0x20 zephyr/kernel/libkernel.a(idle.c.obj)
 .text.z_impl_k_sem_give
                0x00003374       0x40 zephyr/kernel/libkernel.a(sem.c.obj)
                0x00003374                z_impl_k_sem_give
 .text.z_impl_k_sem_take
                0x000033b4       0x4c zephyr/kernel/libkernel.a(sem.c.obj)
                0x000033b4                z_impl_k_sem_take
 .text.add_thread_timeout
                0x00003400       0x1c zephyr/kernel/libkernel.a(sched.c.obj)
 .text.z_reset_time_slice
                0x0000341c       0x2c zephyr/kernel/libkernel.a(sched.c.obj)
                0x0000341c                z_reset_time_slice
 .text.k_sched_time_slice_set
                0x00003448       0x74 zephyr/kernel/libkernel.a(sched.c.obj)
                0x00003448                k_sched_time_slice_set
 .text.z_reschedule
                0x000034bc       0x3c zephyr/kernel/libkernel.a(sched.c.obj)
                0x000034bc                z_reschedule
 .text.k_sched_lock
                0x000034f8       0x2c zephyr/kernel/libkernel.a(sched.c.obj)
                0x000034f8                k_sched_lock
 .text.update_cache
                0x00003524       0x50 zephyr/kernel/libkernel.a(sched.c.obj)
 .text.move_thread_to_end_of_prio_q
                0x00003574       0x8c zephyr/kernel/libkernel.a(sched.c.obj)
 .text.z_time_slice
                0x00003600       0x94 zephyr/kernel/libkernel.a(sched.c.obj)
                0x00003600                z_time_slice
 .text.ready_thread
                0x00003694       0x88 zephyr/kernel/libkernel.a(sched.c.obj)
 .text.z_sched_start
                0x0000371c       0x34 zephyr/kernel/libkernel.a(sched.c.obj)
                0x0000371c                z_sched_start
 .text.unready_thread
                0x00003750       0x38 zephyr/kernel/libkernel.a(sched.c.obj)
 .text.z_pend_curr
                0x00003788       0x28 zephyr/kernel/libkernel.a(sched.c.obj)
                0x00003788                z_pend_curr
 .text.z_impl_k_thread_suspend
                0x000037b0       0x74 zephyr/kernel/libkernel.a(sched.c.obj)
                0x000037b0                z_impl_k_thread_suspend
 .text.k_sched_unlock
                0x00003824       0x40 zephyr/kernel/libkernel.a(sched.c.obj)
                0x00003824                k_sched_unlock
 .text.end_thread
                0x00003864       0xa0 zephyr/kernel/libkernel.a(sched.c.obj)
 .text.z_sched_init
                0x00003904       0x1c zephyr/kernel/libkernel.a(sched.c.obj)
                0x00003904                z_sched_init
 .text.z_impl_k_yield
                0x00003920       0x84 zephyr/kernel/libkernel.a(sched.c.obj)
                0x00003920                z_impl_k_yield
 .text.z_tick_sleep
                0x000039a4       0xa0 zephyr/kernel/libkernel.a(sched.c.obj)
 .text.z_impl_k_sleep
                0x00003a44       0x38 zephyr/kernel/libkernel.a(sched.c.obj)
                0x00003a44                z_impl_k_sleep
 .text.z_impl_z_current_get
                0x00003a7c        0xc zephyr/kernel/libkernel.a(sched.c.obj)
                0x00003a7c                z_impl_z_current_get
 .text.z_thread_abort
                0x00003a88       0x4c zephyr/kernel/libkernel.a(sched.c.obj)
                0x00003a88                z_thread_abort
 .text.z_data_copy
                0x00003ad4       0x34 zephyr/kernel/libkernel.a(xip.c.obj)
                0x00003ad4                z_data_copy
 .text.first    0x00003b08       0x14 zephyr/kernel/libkernel.a(timeout.c.obj)
 .text.next     0x00003b1c       0x18 zephyr/kernel/libkernel.a(timeout.c.obj)
 .text.elapsed  0x00003b34       0x18 zephyr/kernel/libkernel.a(timeout.c.obj)
 .text.next_timeout
                0x00003b4c       0x60 zephyr/kernel/libkernel.a(timeout.c.obj)
 .text.z_add_timeout
                0x00003bac      0x120 zephyr/kernel/libkernel.a(timeout.c.obj)
                0x00003bac                z_add_timeout
 .text.sys_clock_announce
                0x00003ccc       0xd0 zephyr/kernel/libkernel.a(timeout.c.obj)
                0x00003ccc                sys_clock_announce
 .text.sys_clock_tick_get
                0x00003d9c       0x3c zephyr/kernel/libkernel.a(timeout.c.obj)
                0x00003d9c                sys_clock_tick_get
 .text.boot_banner
                0x00003dd8       0x1c zephyr/kernel/libkernel.a(banner.c.obj)
                0x00003dd8                boot_banner
 .text.statics_init
                0x00003df4       0x24 zephyr/kernel/libkernel.a(kheap.c.obj)
 .text.Event_dispatcher
                0x00003e18       0x38 app/libapp.a(main.c.obj)
                0x00003e18                Event_dispatcher
 .text.sys_notify_validate
                0x00003e50       0x32 zephyr/libzephyr.a(notify.c.obj)
                0x00003e50                sys_notify_validate
 .text.sys_notify_finalize
                0x00003e82       0x1a zephyr/libzephyr.a(notify.c.obj)
                0x00003e82                sys_notify_finalize
 .text.arch_printk_char_out
                0x00003e9c        0x4 zephyr/libzephyr.a(printk.c.obj)
                0x00003e9c                arch_printk_char_out
 .text.str_out  0x00003ea0       0x32 zephyr/libzephyr.a(printk.c.obj)
 .text.printk   0x00003ed2       0x18 zephyr/libzephyr.a(printk.c.obj)
                0x00003ed2                printk
 .text.snprintk
                0x00003eea       0x18 zephyr/libzephyr.a(printk.c.obj)
                0x00003eea                snprintk
 .text.set_state
                0x00003f02       0x10 zephyr/libzephyr.a(onoff.c.obj)
 .text.notify_monitors
                0x00003f12       0x44 zephyr/libzephyr.a(onoff.c.obj)
 .text.process_recheck
                0x00003f56       0x3a zephyr/libzephyr.a(onoff.c.obj)
 .text.process_complete
                0x00003f90       0x9a zephyr/libzephyr.a(onoff.c.obj)
 .text.validate_args
                0x0000402a       0x32 zephyr/libzephyr.a(onoff.c.obj)
 .text.notify_one
                0x0000405c       0x26 zephyr/libzephyr.a(onoff.c.obj)
 .text.notify_all
                0x00004082       0x34 zephyr/libzephyr.a(onoff.c.obj)
 .text.transition_complete
                0x000040b6       0x12 zephyr/libzephyr.a(onoff.c.obj)
 .text.onoff_manager_init
                0x000040c8       0x40 zephyr/libzephyr.a(onoff.c.obj)
                0x000040c8                onoff_manager_init
 .text.z_thread_entry
                0x00004108       0x14 zephyr/libzephyr.a(thread_entry.c.obj)
                0x00004108                z_thread_entry
 .text.free_list_add_bidx
                0x0000411c       0x9e zephyr/libzephyr.a(heap.c.obj)
 .text.free_list_add
                0x000041ba       0x62 zephyr/libzephyr.a(heap.c.obj)
 .text.sys_heap_init
                0x0000421c      0x12c zephyr/libzephyr.a(heap.c.obj)
                0x0000421c                sys_heap_init
 .text.extract_decimal
                0x00004348       0x26 zephyr/libzephyr.a(cbprintf_complete.c.obj)
 .text.encode_uint
                0x0000436e       0xe4 zephyr/libzephyr.a(cbprintf_complete.c.obj)
 .text.outs     0x00004452       0x38 zephyr/libzephyr.a(cbprintf_complete.c.obj)
 .text._ConfigAbsSyms
                0x0000448a        0x2 zephyr/libzephyr.a(configs.c.obj)
                0x0000448a                _ConfigAbsSyms
 .text.pm_policy_next_state
                0x0000448c       0x10 zephyr/libzephyr.a(policy_residency.c.obj)
                0x0000448c                pm_policy_next_state
 .text.z_arm_fatal_error
                0x0000449c        0x8 zephyr/arch/arch/arm/core/aarch32/libarch__arm__core__aarch32.a(fatal.c.obj)
                0x0000449c                z_arm_fatal_error
 .text.z_do_kernel_oops
                0x000044a4        0xc zephyr/arch/arch/arm/core/aarch32/libarch__arm__core__aarch32.a(fatal.c.obj)
                0x000044a4                z_do_kernel_oops
 .text.z_irq_spurious
                0x000044b0        0xc zephyr/arch/arch/arm/core/aarch32/libarch__arm__core__aarch32.a(irq_manage.c.obj)
                0x000044b0                z_irq_spurious
 .text.z_arm_nmi
                0x000044bc        0xc zephyr/arch/arch/arm/core/aarch32/libarch__arm__core__aarch32.a(nmi.c.obj)
                0x000044bc                z_arm_nmi
 .text.relocate_vector_table
                0x000044c8        0x2 zephyr/arch/arch/arm/core/aarch32/libarch__arm__core__aarch32.a(prep_c.c.obj)
                0x000044c8                relocate_vector_table
 .text.z_arm_prep_c
                0x000044ca       0x16 zephyr/arch/arch/arm/core/aarch32/libarch__arm__core__aarch32.a(prep_c.c.obj)
                0x000044ca                z_arm_prep_c
 .text.memory_fault_recoverable
                0x000044e0        0x4 zephyr/arch/arch/arm/core/aarch32/cortex_m/libarch__arm__core__aarch32__cortex_m.a(fault.c.obj)
 .text.fault_handle
                0x000044e4       0x16 zephyr/arch/arch/arm/core/aarch32/cortex_m/libarch__arm__core__aarch32__cortex_m.a(fault.c.obj)
 .text.z_arm_fault_init
                0x000044fa        0x2 zephyr/arch/arch/arm/core/aarch32/cortex_m/libarch__arm__core__aarch32__cortex_m.a(fault.c.obj)
                0x000044fa                z_arm_fault_init
 .text.strncpy  0x000044fc       0x26 zephyr/lib/libc/minimal/liblib__libc__minimal.a(string.c.obj)
                0x000044fc                strncpy
 .text.strlen   0x00004522       0x12 zephyr/lib/libc/minimal/liblib__libc__minimal.a(string.c.obj)
                0x00004522                strlen
 .text.strnlen  0x00004534       0x16 zephyr/lib/libc/minimal/liblib__libc__minimal.a(string.c.obj)
                0x00004534                strnlen
 .text.strcmp   0x0000454a       0x16 zephyr/lib/libc/minimal/liblib__libc__minimal.a(string.c.obj)
                0x0000454a                strcmp
 .text.memcpy   0x00004560       0x40 zephyr/lib/libc/minimal/liblib__libc__minimal.a(string.c.obj)
                0x00004560                memcpy
 .text.memset   0x000045a0       0x38 zephyr/lib/libc/minimal/liblib__libc__minimal.a(string.c.obj)
                0x000045a0                memset
 .text._stdout_hook_default
                0x000045d8        0x6 zephyr/lib/libc/minimal/liblib__libc__minimal.a(stdout_console.c.obj)
 .text.nordicsemi_nrf51_init
                0x000045de       0x14 zephyr/soc/arm/nordic_nrf/nrf51/libsoc__arm__nordic_nrf__nrf51.a(soc.c.obj)
 .text.pm_power_state_set
                0x000045f2       0x26 zephyr/soc/arm/nordic_nrf/nrf51/libsoc__arm__nordic_nrf__nrf51.a(power.c.obj)
                0x000045f2                pm_power_state_set
 .text.pm_power_state_exit_post_ops
                0x00004618       0x12 zephyr/soc/arm/nordic_nrf/nrf51/libsoc__arm__nordic_nrf__nrf51.a(power.c.obj)
                0x00004618                pm_power_state_exit_post_ops
 .text.get_sub_data
                0x0000462a       0x10 zephyr/drivers/clock_control/libdrivers__clock_control.a(clock_control_nrf.c.obj)
 .text.get_sub_config
                0x0000463a        0x8 zephyr/drivers/clock_control/libdrivers__clock_control.a(clock_control_nrf.c.obj)
 .text.get_onoff_manager
                0x00004642        0xc zephyr/drivers/clock_control/libdrivers__clock_control.a(clock_control_nrf.c.obj)
 .text.get_status
                0x0000464e       0x10 zephyr/drivers/clock_control/libdrivers__clock_control.a(clock_control_nrf.c.obj)
 .text.set_off_state
                0x0000465e       0x30 zephyr/drivers/clock_control/libdrivers__clock_control.a(clock_control_nrf.c.obj)
 .text.set_starting_state
                0x0000468e       0x36 zephyr/drivers/clock_control/libdrivers__clock_control.a(clock_control_nrf.c.obj)
 .text.set_on_state
                0x000046c4       0x1e zephyr/drivers/clock_control/libdrivers__clock_control.a(clock_control_nrf.c.obj)
 .text.clkstarted_handle
                0x000046e2       0x26 zephyr/drivers/clock_control/libdrivers__clock_control.a(clock_control_nrf.c.obj)
 .text.stop     0x00004708       0x2a zephyr/drivers/clock_control/libdrivers__clock_control.a(clock_control_nrf.c.obj)
 .text.api_stop
                0x00004732        0xa zephyr/drivers/clock_control/libdrivers__clock_control.a(clock_control_nrf.c.obj)
 .text.async_start
                0x0000473c       0x38 zephyr/drivers/clock_control/libdrivers__clock_control.a(clock_control_nrf.c.obj)
 .text.api_start
                0x00004774       0x10 zephyr/drivers/clock_control/libdrivers__clock_control.a(clock_control_nrf.c.obj)
 .text.onoff_started_callback
                0x00004784       0x10 zephyr/drivers/clock_control/libdrivers__clock_control.a(clock_control_nrf.c.obj)
 .text.hfclk_start
                0x00004794        0xa zephyr/drivers/clock_control/libdrivers__clock_control.a(clock_control_nrf.c.obj)
 .text.lfclk_start
                0x0000479e        0xa zephyr/drivers/clock_control/libdrivers__clock_control.a(clock_control_nrf.c.obj)
 .text.hfclk_stop
                0x000047a8        0xa zephyr/drivers/clock_control/libdrivers__clock_control.a(clock_control_nrf.c.obj)
 .text.lfclk_stop
                0x000047b2        0xa zephyr/drivers/clock_control/libdrivers__clock_control.a(clock_control_nrf.c.obj)
 .text.blocking_start_callback
                0x000047bc        0xa zephyr/drivers/clock_control/libdrivers__clock_control.a(clock_control_nrf.c.obj)
 .text.debug_hook_out_nop
                0x000047c6        0x4 zephyr/drivers/console/libdrivers__console.a(uart_console.c.obj)
 .text.gpio_nrfx_port_get_raw
                0x000047ca       0x10 zephyr/drivers/gpio/libdrivers__gpio.a(gpio_nrfx.c.obj)
 .text.gpio_nrfx_port_set_bits_raw
                0x000047da        0xe zephyr/drivers/gpio/libdrivers__gpio.a(gpio_nrfx.c.obj)
 .text.gpio_nrfx_manage_callback
                0x000047e8       0x6c zephyr/drivers/gpio/libdrivers__gpio.a(gpio_nrfx.c.obj)
 .text.gpio_nrfx_pin_interrupt_configure
                0x00004854       0xb0 zephyr/drivers/gpio/libdrivers__gpio.a(gpio_nrfx.c.obj)
 .text.uart_nrfx_config_get
                0x00004904        0xa zephyr/drivers/serial/libdrivers__serial.a(uart_nrfx_uart.c.obj)
 .text.uart_nrfx_irq_update
                0x0000490e        0x4 zephyr/drivers/serial/libdrivers__serial.a(uart_nrfx_uart.c.obj)
 .text.sys_clock_idle_exit
                0x00004912        0x2 zephyr/drivers/timer/libdrivers__timer.a(sys_clock_init.c.obj)
                0x00004912                sys_clock_idle_exit
 .text.counter_sub
                0x00004914        0x8 zephyr/drivers/timer/libdrivers__timer.a(nrf_rtc_timer.c.obj)
 .text.absolute_time_to_cc
                0x0000491c        0x6 zephyr/drivers/timer/libdrivers__timer.a(nrf_rtc_timer.c.obj)
 .text.full_int_lock
                0x00004922        0x8 zephyr/drivers/timer/libdrivers__timer.a(nrf_rtc_timer.c.obj)
 .text.full_int_unlock
                0x0000492a        0xc zephyr/drivers/timer/libdrivers__timer.a(nrf_rtc_timer.c.obj)
 .text.set_absolute_alarm
                0x00004936       0x7a zephyr/drivers/timer/libdrivers__timer.a(nrf_rtc_timer.c.obj)
 .text.compare_set
                0x000049b0       0x32 zephyr/drivers/timer/libdrivers__timer.a(nrf_rtc_timer.c.obj)
 .text.k_sys_fatal_error_handler
                0x000049e2        0x8 modules/nrf/lib/fatal_error/lib..__nrf__lib__fatal_error.a(fatal_error.c.obj)
                0x000049e2                k_sys_fatal_error_handler
 .text.nrfx_isr
                0x000049ea        0x6 modules/hal_nordic/nrfx/libmodules__hal_nordic__nrfx.a(nrfx_glue.c.obj)
                0x000049ea                nrfx_isr
 .text.nrfx_busy_wait
                0x000049f0        0x8 modules/hal_nordic/nrfx/libmodules__hal_nordic__nrfx.a(nrfx_glue.c.obj)
                0x000049f0                nrfx_busy_wait
 .text.nrfx_clock_enable
                0x000049f8       0x14 modules/hal_nordic/nrfx/libmodules__hal_nordic__nrfx.a(nrfx_clock.c.obj)
                0x000049f8                nrfx_clock_enable
 .text.is_app_channel
                0x00004a0c       0x10 modules/hal_nordic/nrfx/libmodules__hal_nordic__nrfx.a(nrfx_gpiote.c.obj)
 .text.z_device_ready
                0x00004a1c       0x1c zephyr/kernel/libkernel.a(device.c.obj)
                0x00004a1c                z_device_ready
 .text.z_fatal_error
                0x00004a38       0x2c zephyr/kernel/libkernel.a(fatal.c.obj)
                0x00004a38                z_fatal_error
 .text.setup_thread_stack
                0x00004a64        0xa zephyr/kernel/libkernel.a(thread.c.obj)
 .text.k_is_in_isr
                0x00004a6e        0xc zephyr/kernel/libkernel.a(thread.c.obj)
                0x00004a6e                k_is_in_isr
 .text.z_impl_k_thread_start
                0x00004a7a        0x8 zephyr/kernel/libkernel.a(thread.c.obj)
                0x00004a7a                z_impl_k_thread_start
 .text.z_init_thread_base
                0x00004a82       0x14 zephyr/kernel/libkernel.a(thread.c.obj)
                0x00004a82                z_init_thread_base
 .text.z_pm_save_idle_exit
                0x00004a96        0xc zephyr/kernel/libkernel.a(idle.c.obj)
                0x00004a96                z_pm_save_idle_exit
 .text.idle     0x00004aa2        0xe zephyr/kernel/libkernel.a(idle.c.obj)
                0x00004aa2                idle
 .text.thread_active_elsewhere
                0x00004ab0        0x4 zephyr/kernel/libkernel.a(sched.c.obj)
 .text.pended_on_thread
                0x00004ab4        0x4 zephyr/kernel/libkernel.a(sched.c.obj)
 .text.z_sched_prio_cmp
                0x00004ab8       0x14 zephyr/kernel/libkernel.a(sched.c.obj)
                0x00004ab8                z_sched_prio_cmp
 .text.z_reschedule_irqlock
                0x00004acc       0x2e zephyr/kernel/libkernel.a(sched.c.obj)
                0x00004acc                z_reschedule_irqlock
 .text.z_priq_dumb_remove
                0x00004afa       0x10 zephyr/kernel/libkernel.a(sched.c.obj)
                0x00004afa                z_priq_dumb_remove
 .text.z_priq_dumb_best
                0x00004b0a        0xe zephyr/kernel/libkernel.a(sched.c.obj)
                0x00004b0a                z_priq_dumb_best
 .text.z_ready_thread
                0x00004b18       0x34 zephyr/kernel/libkernel.a(sched.c.obj)
                0x00004b18                z_ready_thread
 .text.z_thread_timeout
                0x00004b4c       0x6a zephyr/kernel/libkernel.a(sched.c.obj)
                0x00004b4c                z_thread_timeout
 .text.add_to_waitq_locked
                0x00004bb6       0x5a zephyr/kernel/libkernel.a(sched.c.obj)
 .text.pend     0x00004c10       0x46 zephyr/kernel/libkernel.a(sched.c.obj)
 .text.z_unpend_first_thread
                0x00004c56       0x4e zephyr/kernel/libkernel.a(sched.c.obj)
                0x00004c56                z_unpend_first_thread
 .text.remove_timeout
                0x00004ca4       0x2c zephyr/kernel/libkernel.a(timeout.c.obj)
 .text.z_abort_timeout
                0x00004cd0       0x34 zephyr/kernel/libkernel.a(timeout.c.obj)
                0x00004cd0                z_abort_timeout
 .text.z_get_next_timeout_expiry
                0x00004d04       0x28 zephyr/kernel/libkernel.a(timeout.c.obj)
                0x00004d04                z_get_next_timeout_expiry
 .text.z_set_timeout_expiry
                0x00004d2c       0x4e zephyr/kernel/libkernel.a(timeout.c.obj)
                0x00004d2c                z_set_timeout_expiry
 .text.sys_clock_tick_get_32
                0x00004d7a        0x8 zephyr/kernel/libkernel.a(timeout.c.obj)
                0x00004d7a                sys_clock_tick_get_32
 .text.z_impl_k_uptime_ticks
                0x00004d82        0x8 zephyr/kernel/libkernel.a(timeout.c.obj)
                0x00004d82                z_impl_k_uptime_ticks
 .text.z_impl_k_busy_wait
                0x00004d8a        0xe zephyr/kernel/libkernel.a(timeout.c.obj)
                0x00004d8a                z_impl_k_busy_wait
 .text.z_impl_atomic_cas
                0x00004d98       0x22 zephyr/kernel/libkernel.a(atomic_c.c.obj)
                0x00004d98                z_impl_atomic_cas
 .text.atomic_get
                0x00004dba        0x4 zephyr/kernel/libkernel.a(atomic_c.c.obj)
                0x00004dba                atomic_get
 .text.z_impl_atomic_set
                0x00004dbe       0x18 zephyr/kernel/libkernel.a(atomic_c.c.obj)
                0x00004dbe                z_impl_atomic_set
 .text.z_impl_atomic_or
                0x00004dd6       0x1a zephyr/kernel/libkernel.a(atomic_c.c.obj)
                0x00004dd6                z_impl_atomic_or
 .text.z_impl_atomic_and
                0x00004df0       0x1a zephyr/kernel/libkernel.a(atomic_c.c.obj)
                0x00004df0                z_impl_atomic_and
 .text.k_heap_init
                0x00004e0a       0x10 zephyr/kernel/libkernel.a(kheap.c.obj)
                0x00004e0a                k_heap_init
 .text._OffsetAbsSyms
                0x00004e1a        0x2 zephyr/CMakeFiles/offsets.dir/./arch/arm/core/offsets/offsets.c.obj
                0x00004e1a                _OffsetAbsSyms
 *(SORT_BY_ALIGNMENT(.TEXT.*))
 .TEXT.z_arm_platform_init
                0x00004e1c        0x8 zephyr/libzephyr.a(soc_nrf_common.S.obj)
                0x00004e1c                z_arm_platform_init
 *(SORT_BY_ALIGNMENT(.gnu.linkonce.t.*))
 *(SORT_BY_ALIGNMENT(.glue_7t))
 .glue_7t       0x00004e24        0x0 linker stubs
 *(SORT_BY_ALIGNMENT(.glue_7))
 .glue_7        0x00004e24        0x0 linker stubs
 *(SORT_BY_ALIGNMENT(.vfp11_veneer))
 .vfp11_veneer  0x00004e24        0x0 linker stubs
 *(SORT_BY_ALIGNMENT(.v4_bx))
 .v4_bx         0x00004e24        0x0 linker stubs
                0x00004e24                __text_region_end = .

.ARM.exidx      0x00004e24        0x8
                0x00004e24                __exidx_start = .
 *(SORT_BY_ALIGNMENT(.ARM.exidx*) SORT_BY_ALIGNMENT(gnu.linkonce.armexidx.*))
 .ARM.exidx     0x00004e24        0x8 c:/nrf/v1.8.0/toolchain/opt/bin/../lib/gcc/arm-none-eabi/9.2.1/thumb/v6-m/nofp\libgcc.a(_udivmoddi4.o)
                0x00004e2c                __exidx_end = .
                0x00004e2c                __rodata_region_start = .

initlevel       0x00004e2c       0x38
                0x00004e2c                __init_start = .
                0x00004e2c                __init_PRE_KERNEL_1_start = .
 *(SORT_BY_NAME(SORT_BY_ALIGNMENT(.z_init_PRE_KERNEL_1[0-9]_*)))
 .z_init_PRE_KERNEL_10_
                0x00004e2c        0x8 zephyr/soc/arm/nordic_nrf/nrf51/libsoc__arm__nordic_nrf__nrf51.a(soc.c.obj)
 *(SORT_BY_NAME(SORT_BY_ALIGNMENT(.z_init_PRE_KERNEL_1[1-9][0-9]_*)))
 .z_init_PRE_KERNEL_130_
                0x00004e34        0x8 zephyr/kernel/libkernel.a(kheap.c.obj)
 .z_init_PRE_KERNEL_150_
                0x00004e3c        0x8 zephyr/drivers/clock_control/libdrivers__clock_control.a(clock_control_nrf.c.obj)
 .z_init_PRE_KERNEL_150_
                0x00004e44        0x8 zephyr/drivers/serial/libdrivers__serial.a(uart_nrfx_uart.c.obj)
 .z_init_PRE_KERNEL_160_
                0x00004e4c        0x8 zephyr/drivers/console/libdrivers__console.a(uart_console.c.obj)
                0x00004e54                __init_PRE_KERNEL_2_start = .
 *(SORT_BY_NAME(SORT_BY_ALIGNMENT(.z_init_PRE_KERNEL_2[0-9]_*)))
 .z_init_PRE_KERNEL_20_
                0x00004e54        0x8 zephyr/drivers/timer/libdrivers__timer.a(sys_clock_init.c.obj)
 *(SORT_BY_NAME(SORT_BY_ALIGNMENT(.z_init_PRE_KERNEL_2[1-9][0-9]_*)))
                0x00004e5c                __init_POST_KERNEL_start = .
 *(SORT_BY_NAME(SORT_BY_ALIGNMENT(.z_init_POST_KERNEL[0-9]_*)))
 *(SORT_BY_NAME(SORT_BY_ALIGNMENT(.z_init_POST_KERNEL[1-9][0-9]_*)))
 .z_init_POST_KERNEL40_
                0x00004e5c        0x8 zephyr/drivers/gpio/libdrivers__gpio.a(gpio_nrfx.c.obj)
                0x00004e64                __init_APPLICATION_start = .
 *(SORT_BY_NAME(SORT_BY_ALIGNMENT(.z_init_APPLICATION[0-9]_*)))
 *(SORT_BY_NAME(SORT_BY_ALIGNMENT(.z_init_APPLICATION[1-9][0-9]_*)))
                0x00004e64                __init_SMP_start = .
 *(SORT_BY_NAME(SORT_BY_ALIGNMENT(.z_init_SMP[0-9]_*)))
 *(SORT_BY_NAME(SORT_BY_ALIGNMENT(.z_init_SMP[1-9][0-9]_*)))
                0x00004e64                __init_end = .

devices         0x00004e64       0x60
                0x00004e64                __device_start = .
                0x00004e64                __device_PRE_KERNEL_1_start = .
 *(SORT_BY_NAME(SORT_BY_ALIGNMENT(.z_device_PRE_KERNEL_1[0-9]_*)))
 *(SORT_BY_NAME(SORT_BY_ALIGNMENT(.z_device_PRE_KERNEL_1[1-9][0-9]_*)))
 .z_device_PRE_KERNEL_150_
                0x00004e64       0x18 zephyr/drivers/clock_control/libdrivers__clock_control.a(clock_control_nrf.c.obj)
                0x00004e64                __device_dts_ord_17
 .z_device_PRE_KERNEL_150_
                0x00004e7c       0x18 zephyr/drivers/serial/libdrivers__serial.a(uart_nrfx_uart.c.obj)
                0x00004e7c                __device_dts_ord_34
                0x00004e94                __device_PRE_KERNEL_2_start = .
 *(SORT_BY_NAME(SORT_BY_ALIGNMENT(.z_device_PRE_KERNEL_2[0-9]_*)))
 .z_device_PRE_KERNEL_20_
                0x00004e94       0x18 zephyr/drivers/timer/libdrivers__timer.a(sys_clock_init.c.obj)
 *(SORT_BY_NAME(SORT_BY_ALIGNMENT(.z_device_PRE_KERNEL_2[1-9][0-9]_*)))
                0x00004eac                __device_POST_KERNEL_start = .
 *(SORT_BY_NAME(SORT_BY_ALIGNMENT(.z_device_POST_KERNEL[0-9]_*)))
 *(SORT_BY_NAME(SORT_BY_ALIGNMENT(.z_device_POST_KERNEL[1-9][0-9]_*)))
 .z_device_POST_KERNEL40_
                0x00004eac       0x18 zephyr/drivers/gpio/libdrivers__gpio.a(gpio_nrfx.c.obj)
                0x00004eac                __device_dts_ord_7
                0x00004ec4                __device_APPLICATION_start = .
 *(SORT_BY_NAME(SORT_BY_ALIGNMENT(.z_device_APPLICATION[0-9]_*)))
 *(SORT_BY_NAME(SORT_BY_ALIGNMENT(.z_device_APPLICATION[1-9][0-9]_*)))
                0x00004ec4                __device_SMP_start = .
 *(SORT_BY_NAME(SORT_BY_ALIGNMENT(.z_device_SMP[0-9]_*)))
 *(SORT_BY_NAME(SORT_BY_ALIGNMENT(.z_device_SMP[1-9][0-9]_*)))
                0x00004ec4                __device_end = .

sw_isr_table    0x00004ec4       0xd0
                0x00004ec4                . = ALIGN (0x0)
 *(SORT_BY_ALIGNMENT(.gnu.linkonce.sw_isr_table*))
 .gnu.linkonce.sw_isr_table
                0x00004ec4       0xd0 zephyr/arch/common/libisr_tables.a(isr_tables.c.obj)
                0x00004ec4                _sw_isr_table

initlevel_error
                0x00004e2c        0x0
 *(SORT_BY_NAME(SORT_BY_ALIGNMENT(.z_init_[_A-Z0-9]*)))
                0x00000001                ASSERT ((SIZEOF (initlevel_error) == 0x0), Undefined initialization levels used.)

app_shmem_regions
                0x00004f94        0x0
                0x00004f94                __app_shmem_regions_start = .
 *(SORT_BY_NAME(SORT_BY_ALIGNMENT(.app_regions.*)))
                0x00004f94                __app_shmem_regions_end = .

bt_l2cap_fixed_chan_area
                0x00004f94        0x0
                0x00004f94                _bt_l2cap_fixed_chan_list_start = .
 *(SORT_BY_NAME(SORT_BY_ALIGNMENT(._bt_l2cap_fixed_chan.static.*)))
                0x00004f94                _bt_l2cap_fixed_chan_list_end = .

bt_gatt_service_static_area
                0x00004f94        0x0
                0x00004f94                _bt_gatt_service_static_list_start = .
 *(SORT_BY_NAME(SORT_BY_ALIGNMENT(._bt_gatt_service_static.static.*)))
                0x00004f94                _bt_gatt_service_static_list_end = .

k_p4wq_initparam_area
                0x00004f94        0x0
                0x00004f94                _k_p4wq_initparam_list_start = .
 *(SORT_BY_NAME(SORT_BY_ALIGNMENT(._k_p4wq_initparam.static.*)))
                0x00004f94                _k_p4wq_initparam_list_end = .

log_strings_sections
                0x00004f94        0x0
                0x00004f94                __log_strings_start = .
 *(SORT_BY_NAME(SORT_BY_ALIGNMENT(.log_strings*)))
                0x00004f94                __log_strings_end = .

log_const_sections
                0x00004f94        0x0
                0x00004f94                __log_const_start = .
 *(SORT_BY_NAME(SORT_BY_ALIGNMENT(.log_const_*)))
                0x00004f94                __log_const_end = .

log_backends_sections
                0x00004f94        0x0
                0x00004f94                __log_backends_start = .
 *(SORT_BY_ALIGNMENT(._log_backend.*))
                0x00004f94                __log_backends_end = .

shell_area      0x00004f94        0x0
                0x00004f94                _shell_list_start = .
 *(SORT_BY_NAME(SORT_BY_ALIGNMENT(._shell.static.*)))
                0x00004f94                _shell_list_end = .

shell_root_cmds_sections
                0x00004f94        0x0
                0x00004f94                __shell_root_cmds_start = .
 *(SORT_BY_NAME(SORT_BY_ALIGNMENT(.shell_root_cmd_*)))
                0x00004f94                __shell_root_cmds_end = .

font_entry_sections
                0x00004f94        0x0
                0x00004f94                __font_entry_start = .
 *(SORT_BY_NAME(SORT_BY_ALIGNMENT(._cfb_font.*)))
                0x00004f94                __font_entry_end = .

tracing_backend_area
                0x00004f94        0x0
                0x00004f94                _tracing_backend_list_start = .
 *(SORT_BY_NAME(SORT_BY_ALIGNMENT(._tracing_backend.static.*)))
                0x00004f94                _tracing_backend_list_end = .

zephyr_dbg_info
                0x00004f94       0x3c
 *(SORT_BY_ALIGNMENT(.dbg_thread_info))
 .dbg_thread_info
                0x00004f94       0x3c zephyr/libzephyr.a(thread_info.c.obj)
                0x00004f94                _kernel_openocd_size_t_size
                0x00004f94                _kernel_thread_info_size_t_size
                0x00004f98                _kernel_openocd_num_offsets
                0x00004f98                _kernel_thread_info_num_offsets
                0x00004f9c                _kernel_openocd_offsets
                0x00004f9c                _kernel_thread_info_offsets

device_handles  0x00004fd0       0x1a
                0x00004fd0                __device_handles_start = .
 *(SORT_BY_NAME(SORT_BY_ALIGNMENT(.__device_handles_pass1*)))
 .__device_handles_pass1
                0x00004fd0        0x8 zephyr/drivers/clock_control/libdrivers__clock_control.a(clock_control_nrf.c.obj)
                0x00004fd0                __devicehdl_DT_N_S_soc_S_clock_40000000
 .__device_handles_pass1
                0x00004fd8        0x6 zephyr/drivers/gpio/libdrivers__gpio.a(gpio_nrfx.c.obj)
                0x00004fd8                __devicehdl_DT_N_S_soc_S_gpio_50000000
 .__device_handles_pass1
                0x00004fde        0x8 zephyr/drivers/serial/libdrivers__serial.a(uart_nrfx_uart.c.obj)
                0x00004fde                __devicehdl_DT_N_S_soc_S_uart_40002000
 .__device_handles_pass1
                0x00004fe6        0x4 zephyr/drivers/timer/libdrivers__timer.a(sys_clock_init.c.obj)
                0x00004fe6                __devicehdl_sys_init_sys_clock_driver_init0
                0x00004fea                __device_handles_end = .

rodata          0x00004ff0      0x800
 *(SORT_BY_ALIGNMENT(.rodata))
 *(SORT_BY_ALIGNMENT(.rodata.*))
 .rodata.delay_machine_code.10711
                0x00004ff0        0x6 zephyr/soc/arm/nordic_nrf/nrf51/libsoc__arm__nordic_nrf__nrf51.a(soc.c.obj)
 *fill*         0x00004ff6        0x2 
 .rodata.ALARM_Handler.str1.4
                0x00004ff8       0x5c app/libapp.a(main.c.obj)
 .rodata.COUNTDOWN_Handler.str1.4
                0x00005054       0xab app/libapp.a(main.c.obj)
 *fill*         0x000050ff        0x1 
 .rodata.PAUSE_Handler.str1.4
                0x00005100       0xbe app/libapp.a(main.c.obj)
 *fill*         0x000051be        0x2 
 .rodata.IDLE_Handler.str1.4
                0x000051c0       0x65 app/libapp.a(main.c.obj)
 *fill*         0x00005225        0x3 
 .rodata.SET_TIME_Handler.str1.4
                0x00005228       0xe6 app/libapp.a(main.c.obj)
 *fill*         0x0000530e        0x2 
 .rodata.StateMachine_Handler
                0x00005310       0x14 app/libapp.a(main.c.obj)
 .rodata.main.str1.4
                0x00005324        0x7 app/libapp.a(main.c.obj)
 *fill*         0x0000532b        0x1 
 .rodata.cbvprintf.str1.4
                0x0000532c        0x6 zephyr/libzephyr.a(cbprintf_complete.c.obj)
 *fill*         0x00005332        0x2 
 .rodata.cbvprintf
                0x00005334      0x350 zephyr/libzephyr.a(cbprintf_complete.c.obj)
 .rodata.str1.4
                0x00005684        0x6 zephyr/drivers/clock_control/libdrivers__clock_control.a(clock_control_nrf.c.obj)
 *fill*         0x0000568a        0x2 
 .rodata.clock_control_api
                0x0000568c       0x14 zephyr/drivers/clock_control/libdrivers__clock_control.a(clock_control_nrf.c.obj)
 .rodata.config
                0x000056a0       0x10 zephyr/drivers/clock_control/libdrivers__clock_control.a(clock_control_nrf.c.obj)
 .rodata.transitions.9686
                0x000056b0        0xc zephyr/drivers/clock_control/libdrivers__clock_control.a(clock_control_nrf.c.obj)
 .rodata.str1.4
                0x000056bc        0x7 zephyr/drivers/gpio/libdrivers__gpio.a(gpio_nrfx.c.obj)
 .rodata.gpio_nrfx_drv_api_funcs
                0x000056bc       0x24 zephyr/drivers/gpio/libdrivers__gpio.a(gpio_nrfx.c.obj)
 .rodata.gpio_nrfx_p0_cfg
                0x000056e0        0xc zephyr/drivers/gpio/libdrivers__gpio.a(gpio_nrfx.c.obj)
 .rodata.str1.4
                0x000056ec        0x7 zephyr/drivers/serial/libdrivers__serial.a(uart_nrfx_uart.c.obj)
 *fill*         0x000056f3        0x1 
 .rodata.uart_nrfx_uart_driver_api
                0x000056f4       0x4c zephyr/drivers/serial/libdrivers__serial.a(uart_nrfx_uart.c.obj)
 .rodata.str1.4
                0x00005740        0xa zephyr/drivers/timer/libdrivers__timer.a(sys_clock_init.c.obj)
 *fill*         0x0000574a        0x2 
 .rodata.nrf51_errata_26
                0x0000574c       0x10 modules/hal_nordic/nrfx/libmodules__hal_nordic__nrfx.a(system_nrf51.c.obj)
 .rodata.nrf51_errata_76
                0x0000575c       0x34 modules/hal_nordic/nrfx/libmodules__hal_nordic__nrfx.a(system_nrf51.c.obj)
 .rodata.levels.6957
                0x00005790       0x14 zephyr/kernel/libkernel.a(device.c.obj)
 .rodata._k_neg_eagain
                0x000057a4        0x4 zephyr/kernel/libkernel.a(errno.c.obj)
                0x000057a4                _k_neg_eagain
 .rodata.init_idle_thread.str1.4
                0x000057a8        0xa zephyr/kernel/libkernel.a(init.c.obj)
 *fill*         0x000057b2        0x2 
 .rodata.prepare_multithreading.str1.4
                0x000057b4        0x5 zephyr/kernel/libkernel.a(init.c.obj)
 *fill*         0x000057b9        0x3 
 .rodata.boot_banner.str1.4
                0x000057bc       0x33 zephyr/kernel/libkernel.a(banner.c.obj)
                                 0x37 (size before relaxing)
 *(SORT_BY_ALIGNMENT(.gnu.linkonce.r.*))
                0x000057f0                . = ALIGN (0x4)
 *fill*         0x000057ef        0x1 
                0x000057f0                __rodata_region_end = .
                0x000057f0                . = ALIGN (_region_min_align)
                0x000057f0                __rom_region_end = .
                0x20000000                . = 0x20000000
                0x20000000                . = ALIGN (_region_min_align)
                0x20000000                _image_ram_start = .

.ramfunc        0x20000000        0x0 load address 0x000057f0
                0x20000000                . = ALIGN (_region_min_align)
                0x20000000                __ramfunc_start = .
 *(SORT_BY_ALIGNMENT(.ramfunc))
 *(SORT_BY_ALIGNMENT(.ramfunc.*))
                0x20000000                . = ALIGN (_region_min_align)
                0x20000000                __ramfunc_end = .
                0x00000000                __ramfunc_size = (__ramfunc_end - __ramfunc_start)
                0x000057f0                __ramfunc_load_start = LOADADDR (.ramfunc)

datas           0x20000000       0x24 load address 0x000057f0
                0x20000000                __data_region_start = .
                0x20000000                __data_start = .
 *(SORT_BY_ALIGNMENT(.data))
 *(SORT_BY_ALIGNMENT(.data.*))
 .data._char_out
                0x20000000        0x4 zephyr/libzephyr.a(printk.c.obj)
                0x20000000                _char_out
 .data.post_ops_done
                0x20000004        0x4 zephyr/libzephyr.a(power.c.obj)
 .data._stdout_hook
                0x20000008        0x4 zephyr/lib/libc/minimal/liblib__libc__minimal.a(stdout_console.c.obj)
 .data.debug_hook_out
                0x2000000c        0x4 zephyr/drivers/console/libdrivers__console.a(uart_console.c.obj)
 .data.uart_nrfx_uart0_data
                0x20000010        0x8 zephyr/drivers/serial/libdrivers__serial.a(uart_nrfx_uart.c.obj)
 .data.SystemCoreClock
                0x20000018        0x4 modules/hal_nordic/nrfx/libmodules__hal_nordic__nrfx.a(system_nrf51.c.obj)
                0x20000018                SystemCoreClock
 .data.timeout_list
                0x2000001c        0x8 zephyr/kernel/libkernel.a(timeout.c.obj)
 *(SORT_BY_ALIGNMENT(.kernel.*))
                0x20000024                __data_end = .
                0x00000024                __data_size = (__data_end - __data_start)
                0x000057f0                __data_load_start = LOADADDR (datas)
                0x000057f0                __data_region_load_start = LOADADDR (datas)

device_states   0x20000024       0x10 load address 0x00005814
                0x20000024                __device_states_start = .
 *(SORT_BY_ALIGNMENT(.z_devstate))
 .z_devstate    0x20000024        0x4 zephyr/drivers/clock_control/libdrivers__clock_control.a(clock_control_nrf.c.obj)
 .z_devstate    0x20000028        0x4 zephyr/drivers/gpio/libdrivers__gpio.a(gpio_nrfx.c.obj)
 .z_devstate    0x2000002c        0x4 zephyr/drivers/serial/libdrivers__serial.a(uart_nrfx_uart.c.obj)
 .z_devstate    0x20000030        0x4 zephyr/drivers/timer/libdrivers__timer.a(sys_clock_init.c.obj)
 *(SORT_BY_ALIGNMENT(.z_devstate.*))
                0x20000034                __device_states_end = .

initshell       0x20000034        0x0 load address 0x00005824
                0x20000034                __shell_module_start = .
 *(SORT_BY_ALIGNMENT(.shell_module_*))
                0x20000034                __shell_module_end = .
                0x20000034                __shell_cmd_start = .
 *(SORT_BY_ALIGNMENT(.shell_cmd_*))
                0x20000034                __shell_cmd_end = .

log_dynamic_sections
                0x20000034        0x0 load address 0x00005824
                0x20000034                __log_dynamic_start = .
 *(SORT_BY_NAME(SORT_BY_ALIGNMENT(.log_dynamic_*)))
                0x20000034                __log_dynamic_end = .

_static_thread_data_area
                0x20000034        0x0 load address 0x00005824
                0x20000034                __static_thread_data_list_start = .
 *(SORT_BY_NAME(SORT_BY_ALIGNMENT(.__static_thread_data.static.*)))
                0x20000034                __static_thread_data_list_end = .

k_timer_area    0x20000034        0x0 load address 0x00005824
                0x20000034                _k_timer_list_start = .
 *(SORT_BY_NAME(SORT_BY_ALIGNMENT(._k_timer.static.*)))
                0x20000034                _k_timer_list_end = .

k_mem_slab_area
                0x20000034        0x0 load address 0x00005824
                0x20000034                _k_mem_slab_list_start = .
 *(SORT_BY_NAME(SORT_BY_ALIGNMENT(._k_mem_slab.static.*)))
                0x20000034                _k_mem_slab_list_end = .

k_mem_pool_area
                0x20000034        0x0 load address 0x00005824
                0x20000034                _k_mem_pool_list_start = .
 *(SORT_BY_NAME(SORT_BY_ALIGNMENT(._k_mem_pool.static.*)))
                0x20000034                _k_mem_pool_list_end = .

k_heap_area     0x20000034        0x0 load address 0x00005824
                0x20000034                _k_heap_list_start = .
 *(SORT_BY_NAME(SORT_BY_ALIGNMENT(._k_heap.static.*)))
                0x20000034                _k_heap_list_end = .

k_mutex_area    0x20000034        0x0 load address 0x00005824
                0x20000034                _k_mutex_list_start = .
 *(SORT_BY_NAME(SORT_BY_ALIGNMENT(._k_mutex.static.*)))
                0x20000034                _k_mutex_list_end = .

k_stack_area    0x20000034        0x0 load address 0x00005824
                0x20000034                _k_stack_list_start = .
 *(SORT_BY_NAME(SORT_BY_ALIGNMENT(._k_stack.static.*)))
                0x20000034                _k_stack_list_end = .

k_msgq_area     0x20000034        0x0 load address 0x00005824
                0x20000034                _k_msgq_list_start = .
 *(SORT_BY_NAME(SORT_BY_ALIGNMENT(._k_msgq.static.*)))
                0x20000034                _k_msgq_list_end = .

k_mbox_area     0x20000034        0x0 load address 0x00005824
                0x20000034                _k_mbox_list_start = .
 *(SORT_BY_NAME(SORT_BY_ALIGNMENT(._k_mbox.static.*)))
                0x20000034                _k_mbox_list_end = .

k_pipe_area     0x20000034        0x0 load address 0x00005824
                0x20000034                _k_pipe_list_start = .
 *(SORT_BY_NAME(SORT_BY_ALIGNMENT(._k_pipe.static.*)))
                0x20000034                _k_pipe_list_end = .

k_sem_area      0x20000034        0x0 load address 0x00005824
                0x20000034                _k_sem_list_start = .
 *(SORT_BY_NAME(SORT_BY_ALIGNMENT(._k_sem.static.*)))
                0x20000034                _k_sem_list_end = .

k_queue_area    0x20000034        0x0 load address 0x00005824
                0x20000034                _k_queue_list_start = .
 *(SORT_BY_NAME(SORT_BY_ALIGNMENT(._k_queue.static.*)))
                0x20000034                _k_queue_list_end = .

k_condvar_area  0x20000034        0x0 load address 0x00005824
                0x20000034                _k_condvar_list_start = .
 *(SORT_BY_NAME(SORT_BY_ALIGNMENT(._k_condvar.static.*)))
                0x20000034                _k_condvar_list_end = .

_net_buf_pool_area
                0x20000034        0x0 load address 0x00005824
                0x20000034                _net_buf_pool_list = .
 *(SORT_BY_NAME(SORT_BY_ALIGNMENT(._net_buf_pool.static.*)))
                0x20000034                __data_region_end = .

bss             0x20000038      0x2cc
                0x20000038                . = ALIGN (0x4)
                0x20000038                __bss_start = .
                0x20000038                __kernel_ram_start = .
 *(SORT_BY_ALIGNMENT(.bss))
 *(SORT_BY_ALIGNMENT(.bss.*))
 .bss.anchor    0x20000038        0x8 zephyr/drivers/timer/libdrivers__timer.a(nrf_rtc_timer.c.obj)
 .bss.cc_data   0x20000040       0x10 zephyr/drivers/timer/libdrivers__timer.a(nrf_rtc_timer.c.obj)
 .bss.last_count
                0x20000050        0x8 zephyr/drivers/timer/libdrivers__timer.a(nrf_rtc_timer.c.obj)
 .bss.z_idle_threads
                0x20000058       0xa8 zephyr/kernel/libkernel.a(init.c.obj)
                0x20000058                z_idle_threads
 .bss.z_main_thread
                0x20000100       0xa8 zephyr/kernel/libkernel.a(init.c.obj)
                0x20000100                z_main_thread
 .bss.curr_tick
                0x200001a8        0x8 zephyr/kernel/libkernel.a(timeout.c.obj)
 .bss.EventStatus
                0x200001b0        0x1 app/libapp.a(main.c.obj)
 *fill*         0x200001b1        0x3 
 .bss.Main_KitchenTimer
                0x200001b4        0x8 app/libapp.a(main.c.obj)
 .bss.SystemTick.7328
                0x200001bc        0x2 app/libapp.a(main.c.obj)
 *fill*         0x200001be        0x2 
 .bss.UserActivity.7329
                0x200001c0        0x2 app/libapp.a(main.c.obj)
 *fill*         0x200001c2        0x2 
 .bss.gpio0     0x200001c4        0x4 app/libapp.a(main.c.obj)
                0x200001c4                gpio0
 .bss.pm_notifiers
                0x200001c8        0x8 zephyr/libzephyr.a(power.c.obj)
 .bss.z_power_state
                0x200001d0        0xc zephyr/libzephyr.a(power.c.obj)
 .bss.cli.9660  0x200001dc       0x10 zephyr/drivers/clock_control/libdrivers__clock_control.a(clock_control_nrf.c.obj)
 .bss.data      0x200001ec       0x50 zephyr/drivers/clock_control/libdrivers__clock_control.a(clock_control_nrf.c.obj)
 .bss.hfclk_users
                0x2000023c        0x4 zephyr/drivers/clock_control/libdrivers__clock_control.a(clock_control_nrf.c.obj)
 .bss.on.9659   0x20000240        0x4 zephyr/drivers/clock_control/libdrivers__clock_control.a(clock_control_nrf.c.obj)
 .bss.uart_console_dev
                0x20000244        0x4 zephyr/drivers/console/libdrivers__console.a(uart_console.c.obj)
 .bss.gpio_nrfx_p0_data
                0x20000248       0x1c zephyr/drivers/gpio/libdrivers__gpio.a(gpio_nrfx.c.obj)
 .bss.irq_callback
                0x20000264        0x4 zephyr/drivers/serial/libdrivers__serial.a(uart_nrfx_uart.c.obj)
 .bss.irq_cb_data
                0x20000268        0x4 zephyr/drivers/serial/libdrivers__serial.a(uart_nrfx_uart.c.obj)
 .bss.poll_out_lock.8861
                0x2000026c        0x4 zephyr/drivers/serial/libdrivers__serial.a(uart_nrfx_uart.c.obj)
 .bss.force_isr_mask
                0x20000270        0x4 zephyr/drivers/timer/libdrivers__timer.a(nrf_rtc_timer.c.obj)
 .bss.int_mask  0x20000274        0x4 zephyr/drivers/timer/libdrivers__timer.a(nrf_rtc_timer.c.obj)
 .bss.overflow_cnt
                0x20000278        0x4 zephyr/drivers/timer/libdrivers__timer.a(nrf_rtc_timer.c.obj)
 .bss.m_clock_cb
                0x2000027c        0x8 modules/hal_nordic/nrfx/libmodules__hal_nordic__nrfx.a(nrfx_clock.c.obj)
 .bss.m_cb      0x20000284       0x40 modules/hal_nordic/nrfx/libmodules__hal_nordic__nrfx.a(nrfx_gpiote.c.obj)
 .bss._kernel   0x200002c4       0x2c zephyr/kernel/libkernel.a(init.c.obj)
                0x200002c4                _kernel
 .bss.lock      0x200002f0        0x0 zephyr/kernel/libkernel.a(sem.c.obj)
 .bss.pending_current
                0x200002f0        0x4 zephyr/kernel/libkernel.a(sched.c.obj)
 .bss.sched_spinlock
                0x200002f4        0x0 zephyr/kernel/libkernel.a(sched.c.obj)
                0x200002f4                sched_spinlock
 .bss.slice_max_prio
                0x200002f4        0x4 zephyr/kernel/libkernel.a(sched.c.obj)
 .bss.slice_time
                0x200002f8        0x4 zephyr/kernel/libkernel.a(sched.c.obj)
 .bss.announce_remaining
                0x200002fc        0x4 zephyr/kernel/libkernel.a(timeout.c.obj)
 .bss.gpio_initialized.8882
                0x20000300        0x1 zephyr/drivers/gpio/libdrivers__gpio.a(gpio_nrfx.c.obj)
 .bss.disable_tx_irq
                0x20000301        0x1 zephyr/drivers/serial/libdrivers__serial.a(uart_nrfx_uart.c.obj)
 .bss.uart_sw_event_txdrdy
                0x20000302        0x1 zephyr/drivers/serial/libdrivers__serial.a(uart_nrfx_uart.c.obj)
 .bss.z_sys_post_kernel
                0x20000303        0x1 zephyr/kernel/libkernel.a(init.c.obj)
                0x20000303                z_sys_post_kernel
 *(SORT_BY_ALIGNMENT(COMMON))
 *(SORT_BY_ALIGNMENT(.kernel_bss.*))
                0x20000304                __bss_end = ALIGN (0x4)

noinit          0x20000308      0xd00
 *(SORT_BY_ALIGNMENT(.noinit))
 *(SORT_BY_ALIGNMENT(.noinit.*))
 .noinit."WEST_TOPDIR/zephyr/kernel/init.c".1
                0x20000308      0x400 zephyr/kernel/libkernel.a(init.c.obj)
                0x20000308                z_main_stack
 .noinit."WEST_TOPDIR/zephyr/kernel/init.c".2
                0x20000708      0x100 zephyr/kernel/libkernel.a(init.c.obj)
 .noinit."WEST_TOPDIR/zephyr/kernel/init.c".3
                0x20000808      0x800 zephyr/kernel/libkernel.a(init.c.obj)
                0x20000808                z_interrupt_stacks
 *(SORT_BY_ALIGNMENT(.kernel_noinit.*))
                0x20001008                _image_ram_end = .
                0x20001008                _end = .
                0x20008000                __kernel_ram_end = 0x20008000
                0x00007fc8                __kernel_ram_size = (__kernel_ram_end - __kernel_ram_start)

.intList        0xfffff800       0x48
 *(SORT_BY_ALIGNMENT(.irq_info*))
 .irq_info      0xfffff800        0x8 zephyr/arch/common/libisr_tables.a(isr_tables.c.obj)
                0xfffff800                _iheader
 *(SORT_BY_ALIGNMENT(.intList*))
 .intList       0xfffff808       0x10 zephyr/drivers/clock_control/libdrivers__clock_control.a(clock_control_nrf.c.obj)
 .intList       0xfffff818       0x10 zephyr/drivers/gpio/libdrivers__gpio.a(gpio_nrfx.c.obj)
 .intList       0xfffff828       0x10 zephyr/drivers/serial/libdrivers__serial.a(uart_nrfx_uart.c.obj)
 .intList       0xfffff838       0x10 zephyr/drivers/timer/libdrivers__timer.a(nrf_rtc_timer.c.obj)

.stab
 *(SORT_BY_ALIGNMENT(.stab))

.stabstr
 *(SORT_BY_ALIGNMENT(.stabstr))

.stab.excl
 *(SORT_BY_ALIGNMENT(.stab.excl))

.stab.exclstr
 *(SORT_BY_ALIGNMENT(.stab.exclstr))

.stab.index
 *(SORT_BY_ALIGNMENT(.stab.index))

.stab.indexstr
 *(SORT_BY_ALIGNMENT(.stab.indexstr))

.gnu.build.attributes
 *(SORT_BY_ALIGNMENT(.gnu.build.attributes) SORT_BY_ALIGNMENT(.gnu.build.attributes.*))

.comment        0x00000000       0x79
 *(SORT_BY_ALIGNMENT(.comment))
 .comment       0x00000000       0x79 app/libapp.a(main.c.obj)
                                 0x7a (size before relaxing)
 .comment       0x00000079       0x7a zephyr/libzephyr.a(notify.c.obj)
 .comment       0x00000079       0x7a zephyr/libzephyr.a(printk.c.obj)
 .comment       0x00000079       0x7a zephyr/libzephyr.a(onoff.c.obj)
 .comment       0x00000079       0x7a zephyr/libzephyr.a(thread_entry.c.obj)
 .comment       0x00000079       0x7a zephyr/libzephyr.a(heap.c.obj)
 .comment       0x00000079       0x7a zephyr/libzephyr.a(cbprintf_complete.c.obj)
 .comment       0x00000079       0x7a zephyr/libzephyr.a(configs.c.obj)
 .comment       0x00000079       0x7a zephyr/libzephyr.a(thread_info.c.obj)
 .comment       0x00000079       0x7a zephyr/libzephyr.a(power.c.obj)
 .comment       0x00000079       0x7a zephyr/libzephyr.a(policy_residency.c.obj)
 .comment       0x00000079       0x7a zephyr/arch/arch/arm/core/aarch32/libarch__arm__core__aarch32.a(fatal.c.obj)
 .comment       0x00000079       0x7a zephyr/arch/arch/arm/core/aarch32/libarch__arm__core__aarch32.a(irq_manage.c.obj)
 .comment       0x00000079       0x7a zephyr/arch/arch/arm/core/aarch32/libarch__arm__core__aarch32.a(nmi.c.obj)
 .comment       0x00000079       0x7a zephyr/arch/arch/arm/core/aarch32/libarch__arm__core__aarch32.a(prep_c.c.obj)
 .comment       0x00000079       0x7a zephyr/arch/arch/arm/core/aarch32/libarch__arm__core__aarch32.a(swap.c.obj)
 .comment       0x00000079       0x7a zephyr/arch/arch/arm/core/aarch32/libarch__arm__core__aarch32.a(thread.c.obj)
 .comment       0x00000079       0x7a zephyr/arch/arch/arm/core/aarch32/cortex_m/libarch__arm__core__aarch32__cortex_m.a(fault.c.obj)
 .comment       0x00000079       0x7a zephyr/arch/arch/arm/core/aarch32/cortex_m/libarch__arm__core__aarch32__cortex_m.a(irq_init.c.obj)
 .comment       0x00000079       0x7a zephyr/arch/arch/arm/core/aarch32/cortex_m/libarch__arm__core__aarch32__cortex_m.a(scb.c.obj)
 .comment       0x00000079       0x7a zephyr/arch/arch/arm/core/aarch32/cortex_m/libarch__arm__core__aarch32__cortex_m.a(thread_abort.c.obj)
 .comment       0x00000079       0x7a zephyr/lib/libc/minimal/liblib__libc__minimal.a(string.c.obj)
 .comment       0x00000079       0x7a zephyr/lib/libc/minimal/liblib__libc__minimal.a(stdout_console.c.obj)
 .comment       0x00000079       0x7a zephyr/soc/arm/nordic_nrf/nrf51/libsoc__arm__nordic_nrf__nrf51.a(soc.c.obj)
 .comment       0x00000079       0x7a zephyr/soc/arm/nordic_nrf/nrf51/libsoc__arm__nordic_nrf__nrf51.a(power.c.obj)
 .comment       0x00000079       0x7a zephyr/drivers/clock_control/libdrivers__clock_control.a(clock_control_nrf.c.obj)
 .comment       0x00000079       0x7a zephyr/drivers/console/libdrivers__console.a(uart_console.c.obj)
 .comment       0x00000079       0x7a zephyr/drivers/gpio/libdrivers__gpio.a(gpio_nrfx.c.obj)
 .comment       0x00000079       0x7a zephyr/drivers/serial/libdrivers__serial.a(uart_nrfx_uart.c.obj)
 .comment       0x00000079       0x7a zephyr/drivers/timer/libdrivers__timer.a(sys_clock_init.c.obj)
 .comment       0x00000079       0x7a zephyr/drivers/timer/libdrivers__timer.a(nrf_rtc_timer.c.obj)
 .comment       0x00000079       0x7a modules/nrf/lib/fatal_error/lib..__nrf__lib__fatal_error.a(fatal_error.c.obj)
 .comment       0x00000079       0x7a modules/hal_nordic/nrfx/libmodules__hal_nordic__nrfx.a(system_nrf51.c.obj)
 .comment       0x00000079       0x7a modules/hal_nordic/nrfx/libmodules__hal_nordic__nrfx.a(nrfx_glue.c.obj)
 .comment       0x00000079       0x7a modules/hal_nordic/nrfx/libmodules__hal_nordic__nrfx.a(nrfx_clock.c.obj)
 .comment       0x00000079       0x7a modules/hal_nordic/nrfx/libmodules__hal_nordic__nrfx.a(nrfx_gpiote.c.obj)
 .comment       0x00000079       0x7a zephyr/kernel/libkernel.a(device.c.obj)
 .comment       0x00000079       0x7a zephyr/kernel/libkernel.a(errno.c.obj)
 .comment       0x00000079       0x7a zephyr/kernel/libkernel.a(fatal.c.obj)
 .comment       0x00000079       0x7a zephyr/kernel/libkernel.a(init.c.obj)
 .comment       0x00000079       0x7a zephyr/kernel/libkernel.a(thread.c.obj)
 .comment       0x00000079       0x7a zephyr/kernel/libkernel.a(idle.c.obj)
 .comment       0x00000079       0x7a zephyr/kernel/libkernel.a(sem.c.obj)
 .comment       0x00000079       0x7a zephyr/kernel/libkernel.a(sched.c.obj)
 .comment       0x00000079       0x7a zephyr/kernel/libkernel.a(xip.c.obj)
 .comment       0x00000079       0x7a zephyr/kernel/libkernel.a(timeout.c.obj)
 .comment       0x00000079       0x7a zephyr/kernel/libkernel.a(atomic_c.c.obj)
 .comment       0x00000079       0x7a zephyr/kernel/libkernel.a(banner.c.obj)
 .comment       0x00000079       0x7a zephyr/kernel/libkernel.a(kheap.c.obj)
 .comment       0x00000079       0x7a zephyr/CMakeFiles/offsets.dir/./arch/arm/core/offsets/offsets.c.obj
 .comment       0x00000079       0x7a zephyr/arch/common/libisr_tables.a(isr_tables.c.obj)

.debug
 *(SORT_BY_ALIGNMENT(.debug))

.line
 *(SORT_BY_ALIGNMENT(.line))

.debug_srcinfo
 *(SORT_BY_ALIGNMENT(.debug_srcinfo))

.debug_sfnames
 *(SORT_BY_ALIGNMENT(.debug_sfnames))

.debug_aranges  0x00000000     0x1450
 *(SORT_BY_ALIGNMENT(.debug_aranges))
 .debug_aranges
                0x00000000       0x20 zephyr/libzephyr.a(soc_nrf_common.S.obj)
 .debug_aranges
                0x00000020       0x30 zephyr/arch/arch/arm/core/aarch32/libarch__arm__core__aarch32.a(cpu_idle.S.obj)
 .debug_aranges
                0x00000050       0x20 zephyr/arch/arch/arm/core/aarch32/libarch__arm__core__aarch32.a(nmi_on_reset.S.obj)
 .debug_aranges
                0x00000070       0x28 zephyr/arch/arch/arm/core/aarch32/libarch__arm__core__aarch32.a(swap_helper.S.obj)
 .debug_aranges
                0x00000098       0x20 zephyr/arch/arch/arm/core/aarch32/libarch__arm__core__aarch32.a(isr_wrapper.S.obj)
 .debug_aranges
                0x000000b8       0x20 zephyr/arch/arch/arm/core/aarch32/cortex_m/libarch__arm__core__aarch32__cortex_m.a(exc_exit.S.obj)
 .debug_aranges
                0x000000d8       0x20 zephyr/arch/arch/arm/core/aarch32/cortex_m/libarch__arm__core__aarch32__cortex_m.a(fault_s.S.obj)
 .debug_aranges
                0x000000f8       0x20 zephyr/arch/arch/arm/core/aarch32/cortex_m/libarch__arm__core__aarch32__cortex_m.a(reset.S.obj)
 .debug_aranges
                0x00000118       0x68 app/libapp.a(main.c.obj)
 .debug_aranges
                0x00000180       0x28 zephyr/libzephyr.a(notify.c.obj)
 .debug_aranges
                0x000001a8       0x68 zephyr/libzephyr.a(printk.c.obj)
 .debug_aranges
                0x00000210       0xa8 zephyr/libzephyr.a(onoff.c.obj)
 .debug_aranges
                0x000002b8       0x20 zephyr/libzephyr.a(thread_entry.c.obj)
 .debug_aranges
                0x000002d8       0x90 zephyr/libzephyr.a(heap.c.obj)
 .debug_aranges
                0x00000368       0x38 zephyr/libzephyr.a(cbprintf_complete.c.obj)
 .debug_aranges
                0x000003a0       0x20 zephyr/libzephyr.a(configs.c.obj)
 .debug_aranges
                0x000003c0       0x18 zephyr/libzephyr.a(thread_info.c.obj)
 .debug_aranges
                0x000003d8       0x40 zephyr/libzephyr.a(power.c.obj)
 .debug_aranges
                0x00000418       0x20 zephyr/libzephyr.a(policy_residency.c.obj)
 .debug_aranges
                0x00000438       0x30 zephyr/arch/arch/arm/core/aarch32/libarch__arm__core__aarch32.a(fatal.c.obj)
 .debug_aranges
                0x00000468       0x48 zephyr/arch/arch/arm/core/aarch32/libarch__arm__core__aarch32.a(irq_manage.c.obj)
 .debug_aranges
                0x000004b0       0x20 zephyr/arch/arch/arm/core/aarch32/libarch__arm__core__aarch32.a(nmi.c.obj)
 .debug_aranges
                0x000004d0       0x28 zephyr/arch/arch/arm/core/aarch32/libarch__arm__core__aarch32.a(prep_c.c.obj)
 .debug_aranges
                0x000004f8       0x20 zephyr/arch/arch/arm/core/aarch32/libarch__arm__core__aarch32.a(swap.c.obj)
 .debug_aranges
                0x00000518       0x28 zephyr/arch/arch/arm/core/aarch32/libarch__arm__core__aarch32.a(thread.c.obj)
 .debug_aranges
                0x00000540       0x40 zephyr/arch/arch/arm/core/aarch32/cortex_m/libarch__arm__core__aarch32__cortex_m.a(fault.c.obj)
 .debug_aranges
                0x00000580       0x20 zephyr/arch/arch/arm/core/aarch32/cortex_m/libarch__arm__core__aarch32__cortex_m.a(irq_init.c.obj)
 .debug_aranges
                0x000005a0       0x28 zephyr/arch/arch/arm/core/aarch32/cortex_m/libarch__arm__core__aarch32__cortex_m.a(scb.c.obj)
 .debug_aranges
                0x000005c8       0x20 zephyr/arch/arch/arm/core/aarch32/cortex_m/libarch__arm__core__aarch32__cortex_m.a(thread_abort.c.obj)
 .debug_aranges
                0x000005e8       0x98 zephyr/lib/libc/minimal/liblib__libc__minimal.a(string.c.obj)
 .debug_aranges
                0x00000680       0x58 zephyr/lib/libc/minimal/liblib__libc__minimal.a(stdout_console.c.obj)
 .debug_aranges
                0x000006d8       0x30 zephyr/soc/arm/nordic_nrf/nrf51/libsoc__arm__nordic_nrf__nrf51.a(soc.c.obj)
 .debug_aranges
                0x00000708       0x28 zephyr/soc/arm/nordic_nrf/nrf51/libsoc__arm__nordic_nrf__nrf51.a(power.c.obj)
 .debug_aranges
                0x00000730      0x118 zephyr/drivers/clock_control/libdrivers__clock_control.a(clock_control_nrf.c.obj)
 .debug_aranges
                0x00000848       0x80 zephyr/drivers/console/libdrivers__console.a(uart_console.c.obj)
 .debug_aranges
                0x000008c8       0x90 zephyr/drivers/gpio/libdrivers__gpio.a(gpio_nrfx.c.obj)
 .debug_aranges
                0x00000958       0xd0 zephyr/drivers/serial/libdrivers__serial.a(uart_nrfx_uart.c.obj)
 .debug_aranges
                0x00000a28       0x48 zephyr/drivers/timer/libdrivers__timer.a(sys_clock_init.c.obj)
 .debug_aranges
                0x00000a70      0x120 zephyr/drivers/timer/libdrivers__timer.a(nrf_rtc_timer.c.obj)
 .debug_aranges
                0x00000b90       0x20 modules/nrf/lib/fatal_error/lib..__nrf__lib__fatal_error.a(fatal_error.c.obj)
 .debug_aranges
                0x00000bb0       0x40 modules/hal_nordic/nrfx/libmodules__hal_nordic__nrfx.a(system_nrf51.c.obj)
 .debug_aranges
                0x00000bf0       0x30 modules/hal_nordic/nrfx/libmodules__hal_nordic__nrfx.a(nrfx_glue.c.obj)
 .debug_aranges
                0x00000c20       0x70 modules/hal_nordic/nrfx/libmodules__hal_nordic__nrfx.a(nrfx_clock.c.obj)
 .debug_aranges
                0x00000c90      0x1b8 modules/hal_nordic/nrfx/libmodules__hal_nordic__nrfx.a(nrfx_gpiote.c.obj)
 .debug_aranges
                0x00000e48       0x48 zephyr/kernel/libkernel.a(device.c.obj)
 .debug_aranges
                0x00000e90       0x20 zephyr/kernel/libkernel.a(errno.c.obj)
 .debug_aranges
                0x00000eb0       0x60 zephyr/kernel/libkernel.a(fatal.c.obj)
 .debug_aranges
                0x00000f10       0x50 zephyr/kernel/libkernel.a(init.c.obj)
 .debug_aranges
                0x00000f60       0xc0 zephyr/kernel/libkernel.a(thread.c.obj)
 .debug_aranges
                0x00001020       0x30 zephyr/kernel/libkernel.a(idle.c.obj)
 .debug_aranges
                0x00001050       0x38 zephyr/kernel/libkernel.a(sem.c.obj)
 .debug_aranges
                0x00001088      0x1f0 zephyr/kernel/libkernel.a(sched.c.obj)
 .debug_aranges
                0x00001278       0x20 zephyr/kernel/libkernel.a(xip.c.obj)
 .debug_aranges
                0x00001298       0xa8 zephyr/kernel/libkernel.a(timeout.c.obj)
 .debug_aranges
                0x00001340       0x78 zephyr/kernel/libkernel.a(atomic_c.c.obj)
 .debug_aranges
                0x000013b8       0x20 zephyr/kernel/libkernel.a(banner.c.obj)
 .debug_aranges
                0x000013d8       0x40 zephyr/kernel/libkernel.a(kheap.c.obj)
 .debug_aranges
                0x00001418       0x20 zephyr/CMakeFiles/offsets.dir/./arch/arm/core/offsets/offsets.c.obj
 .debug_aranges
                0x00001438       0x18 zephyr/arch/common/libisr_tables.a(isr_tables.c.obj)

.debug_pubnames
 *(SORT_BY_ALIGNMENT(.debug_pubnames))

.debug_info     0x00000000    0x50aaa
 *(SORT_BY_ALIGNMENT(.debug_info) SORT_BY_ALIGNMENT(.gnu.linkonce.wi.*))
 .debug_info    0x00000000     0x1e75 app/libapp.a(main.c.obj)
 .debug_info    0x00001e75      0x944 zephyr/libzephyr.a(notify.c.obj)
 .debug_info    0x000027b9      0xc3c zephyr/libzephyr.a(printk.c.obj)
 .debug_info    0x000033f5     0x2b36 zephyr/libzephyr.a(onoff.c.obj)
 .debug_info    0x00005f2b      0x874 zephyr/libzephyr.a(thread_entry.c.obj)
 .debug_info    0x0000679f     0x4471 zephyr/libzephyr.a(heap.c.obj)
 .debug_info    0x0000ac10      0xfe5 zephyr/libzephyr.a(cbprintf_complete.c.obj)
 .debug_info    0x0000bbf5       0x38 zephyr/libzephyr.a(configs.c.obj)
 .debug_info    0x0000bc2d       0x26 zephyr/libzephyr.a(soc_nrf_common.S.obj)
 .debug_info    0x0000bc53      0x867 zephyr/libzephyr.a(thread_info.c.obj)
 .debug_info    0x0000c4ba     0x1f2a zephyr/libzephyr.a(power.c.obj)
 .debug_info    0x0000e3e4     0x15aa zephyr/libzephyr.a(policy_residency.c.obj)
 .debug_info    0x0000f98e       0x22 zephyr/arch/arch/arm/core/aarch32/libarch__arm__core__aarch32.a(cpu_idle.S.obj)
 .debug_info    0x0000f9b0     0x21be zephyr/arch/arch/arm/core/aarch32/libarch__arm__core__aarch32.a(fatal.c.obj)
 .debug_info    0x00011b6e      0xcff zephyr/arch/arch/arm/core/aarch32/libarch__arm__core__aarch32.a(irq_manage.c.obj)
 .debug_info    0x0001286d      0x773 zephyr/arch/arch/arm/core/aarch32/libarch__arm__core__aarch32.a(nmi.c.obj)
 .debug_info    0x00012fe0       0x26 zephyr/arch/arch/arm/core/aarch32/libarch__arm__core__aarch32.a(nmi_on_reset.S.obj)
 .debug_info    0x00013006      0x9be zephyr/arch/arch/arm/core/aarch32/libarch__arm__core__aarch32.a(prep_c.c.obj)
 .debug_info    0x000139c4      0x8d3 zephyr/arch/arch/arm/core/aarch32/libarch__arm__core__aarch32.a(swap.c.obj)
 .debug_info    0x00014297       0x22 zephyr/arch/arch/arm/core/aarch32/libarch__arm__core__aarch32.a(swap_helper.S.obj)
 .debug_info    0x000142b9      0x9d8 zephyr/arch/arch/arm/core/aarch32/libarch__arm__core__aarch32.a(thread.c.obj)
 .debug_info    0x00014c91       0x26 zephyr/arch/arch/arm/core/aarch32/libarch__arm__core__aarch32.a(isr_wrapper.S.obj)
 .debug_info    0x00014cb7       0x26 zephyr/arch/arch/arm/core/aarch32/cortex_m/libarch__arm__core__aarch32__cortex_m.a(exc_exit.S.obj)
 .debug_info    0x00014cdd     0x2227 zephyr/arch/arch/arm/core/aarch32/cortex_m/libarch__arm__core__aarch32__cortex_m.a(fault.c.obj)
 .debug_info    0x00016f04       0x26 zephyr/arch/arch/arm/core/aarch32/cortex_m/libarch__arm__core__aarch32__cortex_m.a(fault_s.S.obj)
 .debug_info    0x00016f2a      0x3f4 zephyr/arch/arch/arm/core/aarch32/cortex_m/libarch__arm__core__aarch32__cortex_m.a(irq_init.c.obj)
 .debug_info    0x0001731e       0x26 zephyr/arch/arch/arm/core/aarch32/cortex_m/libarch__arm__core__aarch32__cortex_m.a(reset.S.obj)
 .debug_info    0x00017344      0xbb6 zephyr/arch/arch/arm/core/aarch32/cortex_m/libarch__arm__core__aarch32__cortex_m.a(scb.c.obj)
 .debug_info    0x00017efa      0x919 zephyr/arch/arch/arm/core/aarch32/cortex_m/libarch__arm__core__aarch32__cortex_m.a(thread_abort.c.obj)
 .debug_info    0x00018813      0x7c3 zephyr/lib/libc/minimal/liblib__libc__minimal.a(string.c.obj)
 .debug_info    0x00018fd6      0x50b zephyr/lib/libc/minimal/liblib__libc__minimal.a(stdout_console.c.obj)
 .debug_info    0x000194e1      0xec1 zephyr/soc/arm/nordic_nrf/nrf51/libsoc__arm__nordic_nrf__nrf51.a(soc.c.obj)
 .debug_info    0x0001a3a2     0x1703 zephyr/soc/arm/nordic_nrf/nrf51/libsoc__arm__nordic_nrf__nrf51.a(power.c.obj)
 .debug_info    0x0001baa5     0x4aeb zephyr/drivers/clock_control/libdrivers__clock_control.a(clock_control_nrf.c.obj)
 .debug_info    0x00020590     0x2c8b zephyr/drivers/console/libdrivers__console.a(uart_console.c.obj)
 .debug_info    0x0002321b     0x36bd zephyr/drivers/gpio/libdrivers__gpio.a(gpio_nrfx.c.obj)
 .debug_info    0x000268d8     0x31be zephyr/drivers/serial/libdrivers__serial.a(uart_nrfx_uart.c.obj)
 .debug_info    0x00029a96      0xc5c zephyr/drivers/timer/libdrivers__timer.a(sys_clock_init.c.obj)
 .debug_info    0x0002a6f2     0x2a9f zephyr/drivers/timer/libdrivers__timer.a(nrf_rtc_timer.c.obj)
 .debug_info    0x0002d191     0x1966 modules/nrf/lib/fatal_error/lib..__nrf__lib__fatal_error.a(fatal_error.c.obj)
 .debug_info    0x0002eaf7      0x283 modules/hal_nordic/nrfx/libmodules__hal_nordic__nrfx.a(system_nrf51.c.obj)
 .debug_info    0x0002ed7a      0x8ef modules/hal_nordic/nrfx/libmodules__hal_nordic__nrfx.a(nrfx_glue.c.obj)
 .debug_info    0x0002f669     0x33f7 modules/hal_nordic/nrfx/libmodules__hal_nordic__nrfx.a(nrfx_clock.c.obj)
 .debug_info    0x00032a60     0x8134 modules/hal_nordic/nrfx/libmodules__hal_nordic__nrfx.a(nrfx_gpiote.c.obj)
 .debug_info    0x0003ab94      0xf2e zephyr/kernel/libkernel.a(device.c.obj)
 .debug_info    0x0003bac2      0x7db zephyr/kernel/libkernel.a(errno.c.obj)
 .debug_info    0x0003c29d     0x28b5 zephyr/kernel/libkernel.a(fatal.c.obj)
 .debug_info    0x0003eb52     0x1e61 zephyr/kernel/libkernel.a(init.c.obj)
 .debug_info    0x000409b3     0x2673 zephyr/kernel/libkernel.a(thread.c.obj)
 .debug_info    0x00043026      0xd45 zephyr/kernel/libkernel.a(idle.c.obj)
 .debug_info    0x00043d6b      0xe2a zephyr/kernel/libkernel.a(sem.c.obj)
 .debug_info    0x00044b95     0x65b7 zephyr/kernel/libkernel.a(sched.c.obj)
 .debug_info    0x0004b14c      0x906 zephyr/kernel/libkernel.a(xip.c.obj)
 .debug_info    0x0004ba52     0x1c48 zephyr/kernel/libkernel.a(timeout.c.obj)
 .debug_info    0x0004d69a      0xd1e zephyr/kernel/libkernel.a(atomic_c.c.obj)
 .debug_info    0x0004e3b8      0xa9d zephyr/kernel/libkernel.a(banner.c.obj)
 .debug_info    0x0004ee55     0x107e zephyr/kernel/libkernel.a(kheap.c.obj)
 .debug_info    0x0004fed3      0xa87 zephyr/CMakeFiles/offsets.dir/./arch/arm/core/offsets/offsets.c.obj
 .debug_info    0x0005095a      0x150 zephyr/arch/common/libisr_tables.a(isr_tables.c.obj)

.debug_abbrev   0x00000000     0xac2c
 *(SORT_BY_ALIGNMENT(.debug_abbrev))
 .debug_abbrev  0x00000000      0x4bc app/libapp.a(main.c.obj)
 .debug_abbrev  0x000004bc      0x23c zephyr/libzephyr.a(notify.c.obj)
 .debug_abbrev  0x000006f8      0x31f zephyr/libzephyr.a(printk.c.obj)
 .debug_abbrev  0x00000a17      0x4fa zephyr/libzephyr.a(onoff.c.obj)
 .debug_abbrev  0x00000f11      0x269 zephyr/libzephyr.a(thread_entry.c.obj)
 .debug_abbrev  0x0000117a      0x45a zephyr/libzephyr.a(heap.c.obj)
 .debug_abbrev  0x000015d4      0x3f0 zephyr/libzephyr.a(cbprintf_complete.c.obj)
 .debug_abbrev  0x000019c4       0x2e zephyr/libzephyr.a(configs.c.obj)
 .debug_abbrev  0x000019f2       0x14 zephyr/libzephyr.a(soc_nrf_common.S.obj)
 .debug_abbrev  0x00001a06      0x196 zephyr/libzephyr.a(thread_info.c.obj)
 .debug_abbrev  0x00001b9c      0x4fa zephyr/libzephyr.a(power.c.obj)
 .debug_abbrev  0x00002096      0x2ce zephyr/libzephyr.a(policy_residency.c.obj)
 .debug_abbrev  0x00002364       0x12 zephyr/arch/arch/arm/core/aarch32/libarch__arm__core__aarch32.a(cpu_idle.S.obj)
 .debug_abbrev  0x00002376      0x321 zephyr/arch/arch/arm/core/aarch32/libarch__arm__core__aarch32.a(fatal.c.obj)
 .debug_abbrev  0x00002697      0x3a7 zephyr/arch/arch/arm/core/aarch32/libarch__arm__core__aarch32.a(irq_manage.c.obj)
 .debug_abbrev  0x00002a3e      0x17f zephyr/arch/arch/arm/core/aarch32/libarch__arm__core__aarch32.a(nmi.c.obj)
 .debug_abbrev  0x00002bbd       0x14 zephyr/arch/arch/arm/core/aarch32/libarch__arm__core__aarch32.a(nmi_on_reset.S.obj)
 .debug_abbrev  0x00002bd1      0x1b8 zephyr/arch/arch/arm/core/aarch32/libarch__arm__core__aarch32.a(prep_c.c.obj)
 .debug_abbrev  0x00002d89      0x215 zephyr/arch/arch/arm/core/aarch32/libarch__arm__core__aarch32.a(swap.c.obj)
 .debug_abbrev  0x00002f9e       0x12 zephyr/arch/arch/arm/core/aarch32/libarch__arm__core__aarch32.a(swap_helper.S.obj)
 .debug_abbrev  0x00002fb0      0x229 zephyr/arch/arch/arm/core/aarch32/libarch__arm__core__aarch32.a(thread.c.obj)
 .debug_abbrev  0x000031d9       0x14 zephyr/arch/arch/arm/core/aarch32/libarch__arm__core__aarch32.a(isr_wrapper.S.obj)
 .debug_abbrev  0x000031ed       0x14 zephyr/arch/arch/arm/core/aarch32/cortex_m/libarch__arm__core__aarch32__cortex_m.a(exc_exit.S.obj)
 .debug_abbrev  0x00003201      0x45d zephyr/arch/arch/arm/core/aarch32/cortex_m/libarch__arm__core__aarch32__cortex_m.a(fault.c.obj)
 .debug_abbrev  0x0000365e       0x14 zephyr/arch/arch/arm/core/aarch32/cortex_m/libarch__arm__core__aarch32__cortex_m.a(fault_s.S.obj)
 .debug_abbrev  0x00003672      0x1b7 zephyr/arch/arch/arm/core/aarch32/cortex_m/libarch__arm__core__aarch32__cortex_m.a(irq_init.c.obj)
 .debug_abbrev  0x00003829       0x14 zephyr/arch/arch/arm/core/aarch32/cortex_m/libarch__arm__core__aarch32__cortex_m.a(reset.S.obj)
 .debug_abbrev  0x0000383d      0x264 zephyr/arch/arch/arm/core/aarch32/cortex_m/libarch__arm__core__aarch32__cortex_m.a(scb.c.obj)
 .debug_abbrev  0x00003aa1      0x25e zephyr/arch/arch/arm/core/aarch32/cortex_m/libarch__arm__core__aarch32__cortex_m.a(thread_abort.c.obj)
 .debug_abbrev  0x00003cff      0x193 zephyr/lib/libc/minimal/liblib__libc__minimal.a(string.c.obj)
 .debug_abbrev  0x00003e92      0x1dd zephyr/lib/libc/minimal/liblib__libc__minimal.a(stdout_console.c.obj)
 .debug_abbrev  0x0000406f      0x3a4 zephyr/soc/arm/nordic_nrf/nrf51/libsoc__arm__nordic_nrf__nrf51.a(soc.c.obj)
 .debug_abbrev  0x00004413      0x2f4 zephyr/soc/arm/nordic_nrf/nrf51/libsoc__arm__nordic_nrf__nrf51.a(power.c.obj)
 .debug_abbrev  0x00004707      0x77b zephyr/drivers/clock_control/libdrivers__clock_control.a(clock_control_nrf.c.obj)