Archive member included to satisfy reference by file (symbol)

app/libapp.a(main.c.obj)      (--whole-archive)
zephyr/libzephyr.a(cbprintf.c.obj)
                              (--whole-archive)
zephyr/libzephyr.a(cbprintf_packaged.c.obj)
                              (--whole-archive)
zephyr/libzephyr.a(crc32c_sw.c.obj)
                              (--whole-archive)
zephyr/libzephyr.a(crc32_sw.c.obj)
                              (--whole-archive)
zephyr/libzephyr.a(crc16_sw.c.obj)
                              (--whole-archive)
zephyr/libzephyr.a(crc8_sw.c.obj)
                              (--whole-archive)
zephyr/libzephyr.a(crc7_sw.c.obj)
                              (--whole-archive)
zephyr/libzephyr.a(dec.c.obj)
                              (--whole-archive)
zephyr/libzephyr.a(fdtable.c.obj)
                              (--whole-archive)
zephyr/libzephyr.a(hex.c.obj)
                              (--whole-archive)
zephyr/libzephyr.a(notify.c.obj)
                              (--whole-archive)
zephyr/libzephyr.a(printk.c.obj)
                              (--whole-archive)
zephyr/libzephyr.a(onoff.c.obj)
                              (--whole-archive)
zephyr/libzephyr.a(rb.c.obj)  (--whole-archive)
zephyr/libzephyr.a(sem.c.obj)
                              (--whole-archive)
zephyr/libzephyr.a(thread_entry.c.obj)
                              (--whole-archive)
zephyr/libzephyr.a(timeutil.c.obj)
                              (--whole-archive)
zephyr/libzephyr.a(heap.c.obj)
                              (--whole-archive)
zephyr/libzephyr.a(heap-validate.c.obj)
                              (--whole-archive)
zephyr/libzephyr.a(bitarray.c.obj)
                              (--whole-archive)
zephyr/libzephyr.a(cbprintf_complete.c.obj)
                              (--whole-archive)
zephyr/libzephyr.a(reboot.c.obj)
                              (--whole-archive)
zephyr/libzephyr.a(configs.c.obj)
                              (--whole-archive)
zephyr/libzephyr.a(soc_nrf_common.S.obj)
                              (--whole-archive)
zephyr/libzephyr.a(validate_base_addresses.c.obj)
                              (--whole-archive)
zephyr/libzephyr.a(validate_enabled_instances.c.obj)
                              (--whole-archive)
zephyr/libzephyr.a(thread_info.c.obj)
                              (--whole-archive)
zephyr/libzephyr.a(tty.c.obj)
                              (--whole-archive)
zephyr/libzephyr.a(getchar.c.obj)
                              (--whole-archive)
zephyr/libzephyr.a(power.c.obj)
                              (--whole-archive)
zephyr/libzephyr.a(pm_ctrl.c.obj)
                              (--whole-archive)
zephyr/libzephyr.a(policy_residency.c.obj)
                              (--whole-archive)
zephyr/libzephyr.a(tracing_none.c.obj)
                              (--whole-archive)
zephyr/arch/common/libarch__common.a(sw_isr_common.c.obj)
                              (--whole-archive)
zephyr/arch/arch/arm/core/aarch32/libarch__arm__core__aarch32.a(cpu_idle.S.obj)
                              (--whole-archive)
zephyr/arch/arch/arm/core/aarch32/libarch__arm__core__aarch32.a(fatal.c.obj)
                              (--whole-archive)
zephyr/arch/arch/arm/core/aarch32/libarch__arm__core__aarch32.a(irq_manage.c.obj)
                              (--whole-archive)
zephyr/arch/arch/arm/core/aarch32/libarch__arm__core__aarch32.a(nmi.c.obj)
                              (--whole-archive)
zephyr/arch/arch/arm/core/aarch32/libarch__arm__core__aarch32.a(nmi_on_reset.S.obj)
                              (--whole-archive)
zephyr/arch/arch/arm/core/aarch32/libarch__arm__core__aarch32.a(prep_c.c.obj)
                              (--whole-archive)
zephyr/arch/arch/arm/core/aarch32/libarch__arm__core__aarch32.a(swap.c.obj)
                              (--whole-archive)
zephyr/arch/arch/arm/core/aarch32/libarch__arm__core__aarch32.a(swap_helper.S.obj)
                              (--whole-archive)
zephyr/arch/arch/arm/core/aarch32/libarch__arm__core__aarch32.a(thread.c.obj)
                              (--whole-archive)
zephyr/arch/arch/arm/core/aarch32/libarch__arm__core__aarch32.a(isr_wrapper.S.obj)
                              (--whole-archive)
zephyr/arch/arch/arm/core/aarch32/cortex_m/libarch__arm__core__aarch32__cortex_m.a(exc_exit.S.obj)
                              (--whole-archive)
zephyr/arch/arch/arm/core/aarch32/cortex_m/libarch__arm__core__aarch32__cortex_m.a(fault.c.obj)
                              (--whole-archive)
zephyr/arch/arch/arm/core/aarch32/cortex_m/libarch__arm__core__aarch32__cortex_m.a(fault_s.S.obj)
                              (--whole-archive)
zephyr/arch/arch/arm/core/aarch32/cortex_m/libarch__arm__core__aarch32__cortex_m.a(fpu.c.obj)
                              (--whole-archive)
zephyr/arch/arch/arm/core/aarch32/cortex_m/libarch__arm__core__aarch32__cortex_m.a(irq_init.c.obj)
                              (--whole-archive)
[...]
Memory Configuration

Name             Origin             Length             Attributes
FLASH            0x00000000         0x00080000         xr
SRAM             0x20000000         0x00010000         xw
IDT_LIST         0xfffff7ff         0x00000800         xw
*default*        0x00000000         0xffffffff

Linker script and memory map

LOAD zephyr/CMakeFiles/zephyr_prebuilt.dir/misc/empty_file.c.obj
                0x00000020                _region_min_align = 0x20

.rel.plt        0x00000000        0x0
 *(SORT_BY_ALIGNMENT(.rel.plt))
                [!provide]                PROVIDE (__rel_iplt_start = .)
 *(SORT_BY_ALIGNMENT(.rel.iplt))
 .rel.iplt      0x00000000        0x0 app/libapp.a(main.c.obj)
                [!provide]                PROVIDE (__rel_iplt_end = .)

.rela.plt       0x00000000        0x0
 *(SORT_BY_ALIGNMENT(.rela.plt))
                [!provide]                PROVIDE (__rela_iplt_start = .)
 *(SORT_BY_ALIGNMENT(.rela.iplt))
                [!provide]                PROVIDE (__rela_iplt_end = .)

.rel.dyn
 *(SORT_BY_ALIGNMENT(.rel.*))

.rela.dyn
 *(SORT_BY_ALIGNMENT(.rela.*))

/DISCARD/
 *(SORT_BY_ALIGNMENT(.plt))
 *(SORT_BY_ALIGNMENT(.iplt))
 *(SORT_BY_ALIGNMENT(.got.plt))
 *(SORT_BY_ALIGNMENT(.igot.plt))
 *(SORT_BY_ALIGNMENT(.got))
 *(SORT_BY_ALIGNMENT(.igot))
 *(SORT_BY_ALIGNMENT(.note.GNU-stack))
                0x00000000                __rom_region_start = 0x0

rom_start       0x00000000       0xdc
                0x00000000                . = 0x0
                0x00000000                . = ALIGN (0x4)
                0x00000000                . = ALIGN (0x80)
                0x00000000                . = ALIGN (0x100)
                0x00000000                _vector_start = .
 *(SORT_BY_ALIGNMENT(.exc_vector_table))
 *(SORT_BY_ALIGNMENT(.exc_vector_table.*))
 .exc_vector_table._vector_table_section
                0x00000000       0x40 zephyr/arch/arch/arm/core/aarch32/cortex_m/libarch__arm__core__aarch32__cortex_m.a(vector_table.S.obj)
                0x00000000                _vector_table
 *(SORT_BY_ALIGNMENT(.gnu.linkonce.irq_vector_table*))
 .gnu.linkonce.irq_vector_table
                0x00000040       0x9c zephyr/arch/common/libisr_tables.a(isr_tables.c.obj)
                0x00000040                _irq_vector_table
 *(SORT_BY_ALIGNMENT(.vectors))
                0x000000dc                _vector_end = .

text            0x000000dc     0x63b8
                0x000000dc                __text_region_start = .
 *(SORT_BY_ALIGNMENT(.text))
 .text          0x000000dc       0x30 c:/nrf/v1.8.0/toolchain/opt/bin/../lib/gcc/arm-none-eabi/9.2.1/thumb/v7e-m/nofp\libgcc.a(_aeabi_uldivmod.o)
                0x000000dc                __aeabi_uldivmod
 .text          0x0000010c      0x2c0 c:/nrf/v1.8.0/toolchain/opt/bin/../lib/gcc/arm-none-eabi/9.2.1/thumb/v7e-m/nofp\libgcc.a(_udivmoddi4.o)
                0x0000010c                __udivmoddi4
 .text          0x000003cc        0x4 c:/nrf/v1.8.0/toolchain/opt/bin/../lib/gcc/arm-none-eabi/9.2.1/thumb/v7e-m/nofp\libgcc.a(_dvmd_tls.o)
                0x000003cc                __aeabi_idiv0
                0x000003cc                __aeabi_ldiv0
 *(SORT_BY_ALIGNMENT(.text.*))
 .text.ALARM_Handler
                0x000003d0       0x58 app/libapp.a(main.c.obj)
                0x000003d0                ALARM_Handler
 .text.COUNTDOWN_Handler
                0x00000428       0x60 app/libapp.a(main.c.obj)
                0x00000428                COUNTDOWN_Handler
 .text.PAUSE_Handler
                0x00000488       0x68 app/libapp.a(main.c.obj)
                0x00000488                PAUSE_Handler
 .text.IDLE_Handler
                0x000004f0       0x38 app/libapp.a(main.c.obj)
                0x000004f0                IDLE_Handler
 .text.SET_TIME_Handler
                0x00000528       0x70 app/libapp.a(main.c.obj)
                0x00000528                SET_TIME_Handler
 .text.Initialize_StateMachine
                0x00000598       0x1c app/libapp.a(main.c.obj)
                0x00000598                Initialize_StateMachine
 .text.main     0x000005b4      0x1cc app/libapp.a(main.c.obj)
                0x000005b4                main
 .text.char_out
                0x00000780       0x14 zephyr/libzephyr.a(printk.c.obj)
 .text.__printk_hook_install
                0x00000794        0xc zephyr/libzephyr.a(printk.c.obj)
                0x00000794                __printk_hook_install
 .text.vprintk  0x000007a0       0x20 zephyr/libzephyr.a(printk.c.obj)
                0x000007a0                vprintk
 .text.vsnprintk
                0x000007c0       0x2c zephyr/libzephyr.a(printk.c.obj)
                0x000007c0                vsnprintk
 .text.process_event
                0x000007ec      0x158 zephyr/libzephyr.a(onoff.c.obj)
 .text.cbvprintf
                0x00000944      0x9d4 zephyr/libzephyr.a(cbprintf_complete.c.obj)
                0x00000944                cbvprintf
 .text.pm_system_resume
                0x00001318       0x80 zephyr/libzephyr.a(power.c.obj)
                0x00001318                pm_system_resume
 .text.pm_system_suspend
                0x00001398       0xc8 zephyr/libzephyr.a(power.c.obj)
                0x00001398                pm_system_suspend
 .text.z_arm_cpu_idle_init
                0x00001460        0xc zephyr/arch/arch/arm/core/aarch32/libarch__arm__core__aarch32.a(cpu_idle.S.obj)
                0x00001460                z_arm_cpu_idle_init
 .text.arch_cpu_idle
                0x0000146c       0x1c zephyr/arch/arch/arm/core/aarch32/libarch__arm__core__aarch32.a(cpu_idle.S.obj)
                0x0000146c                arch_cpu_idle
 .text.arch_cpu_atomic_idle
                0x00001488       0x14 zephyr/arch/arch/arm/core/aarch32/libarch__arm__core__aarch32.a(cpu_idle.S.obj)
                0x00001488                arch_cpu_atomic_idle
 .text.arch_irq_enable
                0x0000149c       0x20 zephyr/arch/arch/arm/core/aarch32/libarch__arm__core__aarch32.a(irq_manage.c.obj)
                0x0000149c                arch_irq_enable
 .text.arch_irq_is_enabled
                0x000014bc       0x1c zephyr/arch/arch/arm/core/aarch32/libarch__arm__core__aarch32.a(irq_manage.c.obj)
                0x000014bc                arch_irq_is_enabled
 .text.z_arm_irq_priority_set
                0x000014d8       0x2c zephyr/arch/arch/arm/core/aarch32/libarch__arm__core__aarch32.a(irq_manage.c.obj)
                0x000014d8                z_arm_irq_priority_set
 .text.z_SysNmiOnReset
                0x00001504        0x8 zephyr/arch/arch/arm/core/aarch32/libarch__arm__core__aarch32.a(nmi_on_reset.S.obj)
                0x00001504                z_SysNmiOnReset
 .text.z_arm_prep_c
                0x0000150c       0x38 zephyr/arch/arch/arm/core/aarch32/libarch__arm__core__aarch32.a(prep_c.c.obj)
                0x0000150c                z_arm_prep_c
 .text.arch_swap
                0x00001544       0x38 zephyr/arch/arch/arm/core/aarch32/libarch__arm__core__aarch32.a(swap.c.obj)
                0x00001544                arch_swap
 .text.z_arm_pendsv
                0x0000157c       0x58 zephyr/arch/arch/arm/core/aarch32/libarch__arm__core__aarch32.a(swap_helper.S.obj)
                0x0000157c                z_arm_pendsv
 .text.z_arm_svc
                0x000015d4       0x20 zephyr/arch/arch/arm/core/aarch32/libarch__arm__core__aarch32.a(swap_helper.S.obj)
                0x000015d4                z_arm_svc
 .text.arch_new_thread
                0x000015f4       0x40 zephyr/arch/arch/arm/core/aarch32/libarch__arm__core__aarch32.a(thread.c.obj)
                0x000015f4                arch_new_thread
 .text.z_check_thread_stack_fail
                0x00001634       0x60 zephyr/arch/arch/arm/core/aarch32/libarch__arm__core__aarch32.a(thread.c.obj)
                0x00001634                z_check_thread_stack_fail
 .text.arch_switch_to_main_thread
                0x00001694       0x2c zephyr/arch/arch/arm/core/aarch32/libarch__arm__core__aarch32.a(thread.c.obj)
                0x00001694                arch_switch_to_main_thread
 .text._isr_wrapper
                0x000016c0       0x40 zephyr/arch/arch/arm/core/aarch32/libarch__arm__core__aarch32.a(isr_wrapper.S.obj)
                0x000016c0                _isr_wrapper
 .text._HandlerModeExit
                0x00001700       0x1c zephyr/arch/arch/arm/core/aarch32/cortex_m/libarch__arm__core__aarch32__cortex_m.a(exc_exit.S.obj)
                0x00001700                z_arm_int_exit
                0x00001700                z_arm_exc_exit
 .text.bus_fault
                0x0000171c       0x54 zephyr/arch/arch/arm/core/aarch32/cortex_m/libarch__arm__core__aarch32__cortex_m.a(fault.c.obj)
 .text.usage_fault
                0x00001770       0x24 zephyr/arch/arch/arm/core/aarch32/cortex_m/libarch__arm__core__aarch32__cortex_m.a(fault.c.obj)
 .text.mem_manage_fault
                0x00001794       0x8c zephyr/arch/arch/arm/core/aarch32/cortex_m/libarch__arm__core__aarch32__cortex_m.a(fault.c.obj)
 .text.hard_fault
                0x00001820       0x84 zephyr/arch/arch/arm/core/aarch32/cortex_m/libarch__arm__core__aarch32__cortex_m.a(fault.c.obj)
 .text.z_arm_fault
                0x000018a4       0x94 zephyr/arch/arch/arm/core/aarch32/cortex_m/libarch__arm__core__aarch32__cortex_m.a(fault.c.obj)
                0x000018a4                z_arm_fault
 .text.z_arm_fault_init
                0x00001938       0x10 zephyr/arch/arch/arm/core/aarch32/cortex_m/libarch__arm__core__aarch32__cortex_m.a(fault.c.obj)
                0x00001938                z_arm_fault_init
 .text.__fault  0x00001948       0x14 zephyr/arch/arch/arm/core/aarch32/cortex_m/libarch__arm__core__aarch32__cortex_m.a(fault_s.S.obj)
                0x00001948                z_arm_usage_fault
                0x00001948                z_arm_mpu_fault
                0x00001948                z_arm_exc_spurious
                0x00001948                z_arm_debug_monitor
                0x00001948                z_arm_hard_fault
                0x00001948                z_arm_bus_fault
 .text.z_arm_interrupt_init
                0x0000195c       0x34 zephyr/arch/arch/arm/core/aarch32/cortex_m/libarch__arm__core__aarch32__cortex_m.a(irq_init.c.obj)
                0x0000195c                z_arm_interrupt_init
 .text._reset_section
                0x00001990       0x54 zephyr/arch/arch/arm/core/aarch32/cortex_m/libarch__arm__core__aarch32__cortex_m.a(reset.S.obj)
                0x00001990                __start
                0x00001990                z_arm_reset
 .text.z_arm_clear_arm_mpu_config
                0x000019e4       0x20 zephyr/arch/arch/arm/core/aarch32/cortex_m/libarch__arm__core__aarch32__cortex_m.a(scb.c.obj)
                0x000019e4                z_arm_clear_arm_mpu_config
 .text.z_arm_init_arch_hw_at_boot
                0x00001a04       0x54 zephyr/arch/arch/arm/core/aarch32/cortex_m/libarch__arm__core__aarch32__cortex_m.a(scb.c.obj)
                0x00001a04                z_arm_init_arch_hw_at_boot
 .text.z_impl_k_thread_abort
                0x00001a58       0x2c zephyr/arch/arch/arm/core/aarch32/cortex_m/libarch__arm__core__aarch32__cortex_m.a(thread_abort.c.obj)
                0x00001a58                z_impl_k_thread_abort
 .text.z_arm_configure_static_mpu_regions
                0x00001a84       0x1c zephyr/arch/arch/arm/core/aarch32/mpu/libarch__arm__core__aarch32__mpu.a(arm_core_mpu.c.obj)
                0x00001a84                z_arm_configure_static_mpu_regions
 .text.z_arm_configure_dynamic_mpu_regions
                0x00001aa0       0x24 zephyr/arch/arch/arm/core/aarch32/mpu/libarch__arm__core__aarch32__mpu.a(arm_core_mpu.c.obj)
                0x00001aa0                z_arm_configure_dynamic_mpu_regions
 .text.region_init
                0x00001ac4       0x20 zephyr/arch/arch/arm/core/aarch32/mpu/libarch__arm__core__aarch32__mpu.a(arm_mpu.c.obj)
 .text.mpu_configure_static_mpu_regions
                0x00001ae4       0x14 zephyr/arch/arch/arm/core/aarch32/mpu/libarch__arm__core__aarch32__mpu.a(arm_mpu.c.obj)
 .text.mpu_configure_dynamic_mpu_regions
                0x00001af8       0x30 zephyr/arch/arch/arm/core/aarch32/mpu/libarch__arm__core__aarch32__mpu.a(arm_mpu.c.obj)
 .text.arm_core_mpu_enable
                0x00001b28       0x14 zephyr/arch/arch/arm/core/aarch32/mpu/libarch__arm__core__aarch32__mpu.a(arm_mpu.c.obj)
                0x00001b28                arm_core_mpu_enable
 .text.arm_core_mpu_disable
                0x00001b3c       0x10 zephyr/arch/arch/arm/core/aarch32/mpu/libarch__arm__core__aarch32__mpu.a(arm_mpu.c.obj)
                0x00001b3c                arm_core_mpu_disable
 .text.z_arm_mpu_init
                0x00001b4c       0x44 zephyr/arch/arch/arm/core/aarch32/mpu/libarch__arm__core__aarch32__mpu.a(arm_mpu.c.obj)
                0x00001b4c                z_arm_mpu_init
 .text.__stdout_hook_install
                0x00001b90        0xc zephyr/lib/libc/minimal/liblib__libc__minimal.a(stdout_console.c.obj)
                0x00001b90                __stdout_hook_install
 .text.nordicsemi_nrf52_init
                0x00001b9c       0x28 zephyr/soc/arm/nordic_nrf/nrf52/libsoc__arm__nordic_nrf__nrf52.a(soc.c.obj)
 .text.sys_arch_reboot
                0x00001bc4       0x2c zephyr/soc/arm/nordic_nrf/nrf52/libsoc__arm__nordic_nrf__nrf52.a(soc.c.obj)
                0x00001bc4                sys_arch_reboot
 .text.arch_busy_wait
                0x00001bf0       0x18 zephyr/soc/arm/nordic_nrf/nrf52/libsoc__arm__nordic_nrf__nrf52.a(soc.c.obj)
                0x00001bf0                arch_busy_wait
 .text.get_hf_flags
                0x00001c08        0x8 zephyr/drivers/clock_control/libdrivers__clock_control.a(clock_control_nrf.c.obj)
 .text.get_subsys
                0x00001c10       0x18 zephyr/drivers/clock_control/libdrivers__clock_control.a(clock_control_nrf.c.obj)
 .text.onoff_stop
                0x00001c28       0x20 zephyr/drivers/clock_control/libdrivers__clock_control.a(clock_control_nrf.c.obj)
 .text.onoff_start
                0x00001c48       0x34 zephyr/drivers/clock_control/libdrivers__clock_control.a(clock_control_nrf.c.obj)
 .text.clock_event_handler
                0x00001c7c       0x34 zephyr/drivers/clock_control/libdrivers__clock_control.a(clock_control_nrf.c.obj)
 .text.generic_hfclk_start
                0x00001cb0       0x68 zephyr/drivers/clock_control/libdrivers__clock_control.a(clock_control_nrf.c.obj)
 .text.generic_hfclk_stop
                0x00001d18       0x30 zephyr/drivers/clock_control/libdrivers__clock_control.a(clock_control_nrf.c.obj)
 .text.api_blocking_start
                0x00001d48       0x38 zephyr/drivers/clock_control/libdrivers__clock_control.a(clock_control_nrf.c.obj)
 .text.lfclk_start
                0x00001d80       0x24 zephyr/drivers/clock_control/libdrivers__clock_control.a(clock_control_nrf.c.obj)
 .text.clk_init
                0x00001da4       0x68 zephyr/drivers/clock_control/libdrivers__clock_control.a(clock_control_nrf.c.obj)
 .text.lfclk_spinwait
                0x00001e0c       0xe8 zephyr/drivers/clock_control/libdrivers__clock_control.a(clock_control_nrf.c.obj)
 .text.z_nrf_clock_control_lf_on
                0x00001ef4       0x54 zephyr/drivers/clock_control/libdrivers__clock_control.a(clock_control_nrf.c.obj)
                0x00001ef4                z_nrf_clock_control_lf_on
 .text.console_out
                0x00001f48       0x3c zephyr/drivers/console/libdrivers__console.a(uart_console.c.obj)
 .text.uart_console_hook_install
                0x00001f84       0x18 zephyr/drivers/console/libdrivers__console.a(uart_console.c.obj)
 .text.uart_console_init
                0x00001f9c       0x24 zephyr/drivers/console/libdrivers__console.a(uart_console.c.obj)
 .text.gpio_nrfx_config
                0x00001fc0       0xdc zephyr/drivers/gpio/libdrivers__gpio.a(gpio_nrfx.c.obj)
 .text.gpiote_event_handler
                0x0000209c       0xd4 zephyr/drivers/gpio/libdrivers__gpio.a(gpio_nrfx.c.obj)
 .text.gpiote_pin_cleanup
                0x00002170       0x58 zephyr/drivers/gpio/libdrivers__gpio.a(gpio_nrfx.c.obj)
 .text.gpiote_channel_alloc
                0x000021c8       0x8c zephyr/drivers/gpio/libdrivers__gpio.a(gpio_nrfx.c.obj)
 .text.gpio_nrfx_init
                0x00002254       0x38 zephyr/drivers/gpio/libdrivers__gpio.a(gpio_nrfx.c.obj)
 .text.i2c_nrfx_twim_transfer
                0x0000228c      0x1f4 zephyr/drivers/i2c/libdrivers__i2c.a(i2c_nrfx_twim.c.obj)
 .text.event_handler
                0x00002480       0x40 zephyr/drivers/i2c/libdrivers__i2c.a(i2c_nrfx_twim.c.obj)
 .text.init_twim
                0x000024c0       0x2c zephyr/drivers/i2c/libdrivers__i2c.a(i2c_nrfx_twim.c.obj)
 .text.baudrate_set
                0x000024ec      0x150 zephyr/drivers/serial/libdrivers__serial.a(uart_nrfx_uarte.c.obj)
 .text.uarte_nrfx_poll_out
                0x0000263c       0x70 zephyr/drivers/serial/libdrivers__serial.a(uart_nrfx_uarte.c.obj)
 .text.endtx_stoptx_ppi_init
                0x000026ac       0x48 zephyr/drivers/serial/libdrivers__serial.a(uart_nrfx_uarte.c.obj)
 .text.set_comparator
                0x000026f4       0x14 zephyr/drivers/timer/libdrivers__timer.a(nrf_rtc_timer.c.obj)
 .text.get_comparator
                0x00002708       0x10 zephyr/drivers/timer/libdrivers__timer.a(nrf_rtc_timer.c.obj)
 .text.event_enable
                0x00002718       0x14 zephyr/drivers/timer/libdrivers__timer.a(nrf_rtc_timer.c.obj)
 .text.event_disable
                0x0000272c       0x14 zephyr/drivers/timer/libdrivers__timer.a(nrf_rtc_timer.c.obj)
 .text.counter  0x00002740        0xc zephyr/drivers/timer/libdrivers__timer.a(nrf_rtc_timer.c.obj)
 .text.compare_int_lock
                0x0000274c       0x50 zephyr/drivers/timer/libdrivers__timer.a(nrf_rtc_timer.c.obj)
 .text.channel_processing_check_and_clear
                0x0000279c       0x78 zephyr/drivers/timer/libdrivers__timer.a(nrf_rtc_timer.c.obj)
 .text.compare_int_unlock
                0x00002814       0x60 zephyr/drivers/timer/libdrivers__timer.a(nrf_rtc_timer.c.obj)
 .text.sys_clock_timeout_handler
                0x00002874       0x74 zephyr/drivers/timer/libdrivers__timer.a(nrf_rtc_timer.c.obj)
 .text.z_nrf_rtc_timer_read
                0x000028e8       0x40 zephyr/drivers/timer/libdrivers__timer.a(nrf_rtc_timer.c.obj)
                0x000028e8                z_nrf_rtc_timer_read
 .text.compare_set_nolocks
                0x00002928       0xa4 zephyr/drivers/timer/libdrivers__timer.a(nrf_rtc_timer.c.obj)
 .text.process_channel
                0x000029cc       0x74 zephyr/drivers/timer/libdrivers__timer.a(nrf_rtc_timer.c.obj)
 .text.rtc_nrf_isr
                0x00002a40       0x44 zephyr/drivers/timer/libdrivers__timer.a(nrf_rtc_timer.c.obj)
                0x00002a40                rtc_nrf_isr
 .text.sys_clock_driver_init
                0x00002a84       0xa0 zephyr/drivers/timer/libdrivers__timer.a(nrf_rtc_timer.c.obj)
                0x00002a84                sys_clock_driver_init
 .text.sys_clock_set_timeout
                0x00002b24       0x68 zephyr/drivers/timer/libdrivers__timer.a(nrf_rtc_timer.c.obj)
                0x00002b24                sys_clock_set_timeout
 .text.sys_clock_elapsed
                0x00002b8c       0x14 zephyr/drivers/timer/libdrivers__timer.a(nrf_rtc_timer.c.obj)
                0x00002b8c                sys_clock_elapsed
 .text.nrf52_errata_12
                0x00002ba0       0x24 modules/hal_nordic/nrfx/libmodules__hal_nordic__nrfx.a(system_nrf52.c.obj)
 .text.nrf52_errata_16
                0x00002bc4       0x2c modules/hal_nordic/nrfx/libmodules__hal_nordic__nrfx.a(system_nrf52.c.obj)
 .text.nrf52_errata_31
                0x00002bf0       0x24 modules/hal_nordic/nrfx/libmodules__hal_nordic__nrfx.a(system_nrf52.c.obj)
 .text.nrf52_errata_32
                0x00002c14       0x2c modules/hal_nordic/nrfx/libmodules__hal_nordic__nrfx.a(system_nrf52.c.obj)
 .text.nrf52_errata_36
                0x00002c40       0x24 modules/hal_nordic/nrfx/libmodules__hal_nordic__nrfx.a(system_nrf52.c.obj)
 .text.nrf52_errata_37
                0x00002c64       0x2c modules/hal_nordic/nrfx/libmodules__hal_nordic__nrfx.a(system_nrf52.c.obj)
 .text.nrf52_errata_57
                0x00002c90       0x2c modules/hal_nordic/nrfx/libmodules__hal_nordic__nrfx.a(system_nrf52.c.obj)
 .text.nrf52_errata_66
                0x00002cbc       0x44 modules/hal_nordic/nrfx/libmodules__hal_nordic__nrfx.a(system_nrf52.c.obj)
 .text.nrf52_errata_108
                0x00002d00       0x24 modules/hal_nordic/nrfx/libmodules__hal_nordic__nrfx.a(system_nrf52.c.obj)
 .text.nrf52_errata_136
                0x00002d24       0x24 modules/hal_nordic/nrfx/libmodules__hal_nordic__nrfx.a(system_nrf52.c.obj)
 .text.nrf52_errata_182
                0x00002d48       0x2c modules/hal_nordic/nrfx/libmodules__hal_nordic__nrfx.a(system_nrf52.c.obj)
 .text.nrf52_errata_249
                0x00002d74       0x2c modules/hal_nordic/nrfx/libmodules__hal_nordic__nrfx.a(system_nrf52.c.obj)
 .text.nvmc_wait
                0x00002da0       0x10 modules/hal_nordic/nrfx/libmodules__hal_nordic__nrfx.a(system_nrf52.c.obj)
                0x00002da0                nvmc_wait
 .text.nvmc_config
                0x00002db0       0x14 modules/hal_nordic/nrfx/libmodules__hal_nordic__nrfx.a(system_nrf52.c.obj)
                0x00002db0                nvmc_config
 .text.SystemCoreClockUpdate
                0x00002dc4       0x10 modules/hal_nordic/nrfx/libmodules__hal_nordic__nrfx.a(system_nrf52.c.obj)
                0x00002dc4                SystemCoreClockUpdate
 .text.SystemInit
                0x00002dd4      0x208 modules/hal_nordic/nrfx/libmodules__hal_nordic__nrfx.a(system_nrf52.c.obj)
                0x00002dd4                SystemInit
 .text.nrfx_clock_anomaly_132
                0x00002fdc       0x38 modules/hal_nordic/nrfx/libmodules__hal_nordic__nrfx.a(nrfx_clock.c.obj)
 .text.nrfx_clock_init
                0x00003014       0x28 modules/hal_nordic/nrfx/libmodules__hal_nordic__nrfx.a(nrfx_clock.c.obj)
                0x00003014                nrfx_clock_init
 .text.nrfx_clock_start
                0x0000303c       0x7c modules/hal_nordic/nrfx/libmodules__hal_nordic__nrfx.a(nrfx_clock.c.obj)
                0x0000303c                nrfx_clock_start
 .text.nrfx_clock_stop
                0x000030b8      0x118 modules/hal_nordic/nrfx/libmodules__hal_nordic__nrfx.a(nrfx_clock.c.obj)
                0x000030b8                nrfx_clock_stop
 .text.nrfx_power_clock_irq_handler
                0x000031d0       0x7c modules/hal_nordic/nrfx/libmodules__hal_nordic__nrfx.a(nrfx_clock.c.obj)
                0x000031d0                nrfx_power_clock_irq_handler
 .text.is_allocated_channel
                0x0000324c       0x18 modules/hal_nordic/nrfx/libmodules__hal_nordic__nrfx.a(nrfx_gpiote.c.obj)
 .text.channel_allocated_set
                0x00003264       0x14 modules/hal_nordic/nrfx/libmodules__hal_nordic__nrfx.a(nrfx_gpiote.c.obj)
 .text.channel_allocated_clr
                0x00003278       0x18 modules/hal_nordic/nrfx/libmodules__hal_nordic__nrfx.a(nrfx_gpiote.c.obj)
 .text.nrfx_gpiote_channel_free
                0x00003290       0x38 modules/hal_nordic/nrfx/libmodules__hal_nordic__nrfx.a(nrfx_gpiote.c.obj)
                0x00003290                nrfx_gpiote_channel_free
 .text.nrfx_gpiote_channel_alloc
                0x000032c8       0x70 modules/hal_nordic/nrfx/libmodules__hal_nordic__nrfx.a(nrfx_gpiote.c.obj)
                0x000032c8                nrfx_gpiote_channel_alloc
 .text.is_allocated_channel
                0x00003338       0x18 modules/hal_nordic/nrfx/libmodules__hal_nordic__nrfx.a(nrfx_ppi.c.obj)
 .text.channel_allocated_set
                0x00003350       0x14 modules/hal_nordic/nrfx/libmodules__hal_nordic__nrfx.a(nrfx_ppi.c.obj)
 .text.nrfx_ppi_channel_alloc
                0x00003364       0x6c modules/hal_nordic/nrfx/libmodules__hal_nordic__nrfx.a(nrfx_ppi.c.obj)
                0x00003364                nrfx_ppi_channel_alloc
 .text.twi_process_error
                0x000033d0       0x34 modules/hal_nordic/nrfx/libmodules__hal_nordic__nrfx.a(nrfx_twim.c.obj)
 .text.twim_xfer
                0x00003404      0x2b0 modules/hal_nordic/nrfx/libmodules__hal_nordic__nrfx.a(nrfx_twim.c.obj)
 .text.twim_irq_handler
                0x000036b4      0x1c8 modules/hal_nordic/nrfx/libmodules__hal_nordic__nrfx.a(nrfx_twim.c.obj)
 .text.nrfx_twim_init
                0x0000387c       0x88 modules/hal_nordic/nrfx/libmodules__hal_nordic__nrfx.a(nrfx_twim.c.obj)
                0x0000387c                nrfx_twim_init
 .text.nrfx_twim_enable
                0x00003904       0x20 modules/hal_nordic/nrfx/libmodules__hal_nordic__nrfx.a(nrfx_twim.c.obj)
                0x00003904                nrfx_twim_enable
 .text.nrfx_twim_disable
                0x00003924       0x3c modules/hal_nordic/nrfx/libmodules__hal_nordic__nrfx.a(nrfx_twim.c.obj)
                0x00003924                nrfx_twim_disable
 .text.nrfx_twim_xfer
                0x00003960       0x1c modules/hal_nordic/nrfx/libmodules__hal_nordic__nrfx.a(nrfx_twim.c.obj)
                0x00003960                nrfx_twim_xfer
 .text.nrfx_twim_0_irq_handler
                0x0000397c       0x14 modules/hal_nordic/nrfx/libmodules__hal_nordic__nrfx.a(nrfx_twim.c.obj)
                0x0000397c                nrfx_twim_0_irq_handler
 .text.nrfx_twim_1_irq_handler
                0x00003990       0x14 modules/hal_nordic/nrfx/libmodules__hal_nordic__nrfx.a(nrfx_twim.c.obj)
                0x00003990                nrfx_twim_1_irq_handler
 .text.nrfx_twi_twim_bus_recover
                0x000039a4       0xac modules/hal_nordic/nrfx/libmodules__hal_nordic__nrfx.a(nrfx_twi_twim.c.obj)
                0x000039a4                nrfx_twi_twim_bus_recover
 .text._DoInit  0x00003a50       0x6c modules/segger/libmodules__segger.a(SEGGER_RTT.c.obj)
 .text.z_device_state_init
                0x00003abc       0x18 zephyr/kernel/libkernel.a(device.c.obj)
                0x00003abc                z_device_state_init
 .text.z_sys_init_run_level
                0x00003ad4       0x50 zephyr/kernel/libkernel.a(device.c.obj)
                0x00003ad4                z_sys_init_run_level
 .text.z_impl_device_get_binding
                0x00003b24       0x64 zephyr/kernel/libkernel.a(device.c.obj)
                0x00003b24                z_impl_device_get_binding
 .text.init_idle_thread
                0x00003b88       0x70 zephyr/kernel/libkernel.a(init.c.obj)
 .text.prepare_multithreading
                0x00003bf8       0x94 zephyr/kernel/libkernel.a(init.c.obj)
 .text.bg_thread_main
                0x00003c8c       0x34 zephyr/kernel/libkernel.a(init.c.obj)
 .text.switch_to_main_thread
                0x00003cc0       0x14 zephyr/kernel/libkernel.a(init.c.obj)
 .text.z_bss_zero
                0x00003cd4       0x18 zephyr/kernel/libkernel.a(init.c.obj)
                0x00003cd4                z_bss_zero
 .text.z_cstart
                0x00003cec       0x84 zephyr/kernel/libkernel.a(init.c.obj)
                0x00003cec                z_cstart
 .text.z_thread_monitor_exit
                0x00003d70       0x40 zephyr/kernel/libkernel.a(thread.c.obj)
                0x00003d70                z_thread_monitor_exit
 .text.schedule_new_thread
                0x00003db0       0x24 zephyr/kernel/libkernel.a(thread.c.obj)
 .text.z_setup_new_thread
                0x00003dd4       0xc8 zephyr/kernel/libkernel.a(thread.c.obj)
                0x00003dd4                z_setup_new_thread
 .text.z_init_static_threads
                0x00003e9c       0x9c zephyr/kernel/libkernel.a(thread.c.obj)
                0x00003e9c                z_init_static_threads
 .text.pm_save_idle
                0x00003f38       0x1c zephyr/kernel/libkernel.a(idle.c.obj)
 .text.z_impl_k_sem_give
                0x00003f54       0x48 zephyr/kernel/libkernel.a(sem.c.obj)
                0x00003f54                z_impl_k_sem_give
 .text.z_impl_k_sem_take
                0x00003f9c       0x54 zephyr/kernel/libkernel.a(sem.c.obj)
                0x00003f9c                z_impl_k_sem_take
 .text.add_thread_timeout
                0x00003ff0       0x20 zephyr/kernel/libkernel.a(sched.c.obj)
 .text.z_reset_time_slice
                0x00004010       0x2c zephyr/kernel/libkernel.a(sched.c.obj)
                0x00004010                z_reset_time_slice
 .text.k_sched_time_slice_set
                0x0000403c       0x78 zephyr/kernel/libkernel.a(sched.c.obj)
                0x0000403c                k_sched_time_slice_set
 .text.z_reschedule
                0x000040b4       0x38 zephyr/kernel/libkernel.a(sched.c.obj)
                0x000040b4                z_reschedule
 .text.k_sched_lock
                0x000040ec       0x30 zephyr/kernel/libkernel.a(sched.c.obj)
                0x000040ec                k_sched_lock
 .text.update_cache
                0x0000411c       0x4c zephyr/kernel/libkernel.a(sched.c.obj)
 .text.move_thread_to_end_of_prio_q
                0x00004168       0x88 zephyr/kernel/libkernel.a(sched.c.obj)
 .text.z_time_slice
                0x000041f0       0x98 zephyr/kernel/libkernel.a(sched.c.obj)
                0x000041f0                z_time_slice
 .text.ready_thread
                0x00004288       0x80 zephyr/kernel/libkernel.a(sched.c.obj)
 .text.z_sched_start
                0x00004308       0x3c zephyr/kernel/libkernel.a(sched.c.obj)
                0x00004308                z_sched_start
 .text.unready_thread
                0x00004344       0x38 zephyr/kernel/libkernel.a(sched.c.obj)
 .text.z_pend_curr
                0x0000437c       0x28 zephyr/kernel/libkernel.a(sched.c.obj)
                0x0000437c                z_pend_curr
 .text.z_impl_k_thread_suspend
                0x000043a4       0x84 zephyr/kernel/libkernel.a(sched.c.obj)
                0x000043a4                z_impl_k_thread_suspend
 .text.k_sched_unlock
                0x00004428       0x4c zephyr/kernel/libkernel.a(sched.c.obj)
                0x00004428                k_sched_unlock
 .text.end_thread
                0x00004474       0x9c zephyr/kernel/libkernel.a(sched.c.obj)
 .text.z_sched_init
                0x00004510       0x1c zephyr/kernel/libkernel.a(sched.c.obj)
                0x00004510                z_sched_init
 .text.z_impl_k_yield
                0x0000452c       0x88 zephyr/kernel/libkernel.a(sched.c.obj)
                0x0000452c                z_impl_k_yield
 .text.z_tick_sleep
                0x000045b4       0xa0 zephyr/kernel/libkernel.a(sched.c.obj)
 .text.z_impl_k_sleep
                0x00004654       0x58 zephyr/kernel/libkernel.a(sched.c.obj)
                0x00004654                z_impl_k_sleep
 .text.z_impl_z_current_get
                0x000046ac        0xc zephyr/kernel/libkernel.a(sched.c.obj)
                0x000046ac                z_impl_z_current_get
 .text.z_thread_abort
                0x000046b8       0x50 zephyr/kernel/libkernel.a(sched.c.obj)
                0x000046b8                z_thread_abort
 .text.z_data_copy
                0x00004708       0x34 zephyr/kernel/libkernel.a(xip.c.obj)
                0x00004708                z_data_copy
 .text.first    0x0000473c       0x14 zephyr/kernel/libkernel.a(timeout.c.obj)
 .text.next     0x00004750       0x18 zephyr/kernel/libkernel.a(timeout.c.obj)
 .text.elapsed  0x00004768       0x18 zephyr/kernel/libkernel.a(timeout.c.obj)
 .text.next_timeout
                0x00004780       0x4c zephyr/kernel/libkernel.a(timeout.c.obj)
 .text.z_add_timeout
                0x000047cc      0x154 zephyr/kernel/libkernel.a(timeout.c.obj)
                0x000047cc                z_add_timeout
 .text.sys_clock_announce
                0x00004920       0xc4 zephyr/kernel/libkernel.a(timeout.c.obj)
                0x00004920                sys_clock_announce
 .text.sys_clock_tick_get
                0x000049e4       0x40 zephyr/kernel/libkernel.a(timeout.c.obj)
                0x000049e4                sys_clock_tick_get
 .text.boot_banner
                0x00004a24       0x1c zephyr/kernel/libkernel.a(banner.c.obj)
                0x00004a24                boot_banner
 .text.statics_init
                0x00004a40       0x24 zephyr/kernel/libkernel.a(kheap.c.obj)
 .text.z_impl_gpio_pin_configure
                0x00004a64       0x4a app/libapp.a(main.c.obj)
 .text.StateMachine_Handler
                0x00004aae       0x34 app/libapp.a(main.c.obj)
                0x00004aae                StateMachine_Handler
 .text.Event_dispatcher
                0x00004ae2       0x38 app/libapp.a(main.c.obj)
                0x00004ae2                Event_dispatcher
 .text.sys_notify_validate
                0x00004b1a       0x2e zephyr/libzephyr.a(notify.c.obj)
                0x00004b1a                sys_notify_validate
 .text.sys_notify_finalize
                0x00004b48       0x1a zephyr/libzephyr.a(notify.c.obj)
                0x00004b48                sys_notify_finalize
 .text.arch_printk_char_out
                0x00004b62        0x4 zephyr/libzephyr.a(printk.c.obj)
                0x00004b62                arch_printk_char_out
 .text.str_out  0x00004b66       0x30 zephyr/libzephyr.a(printk.c.obj)
 .text.printk   0x00004b96       0x1c zephyr/libzephyr.a(printk.c.obj)
                0x00004b96                printk
 .text.snprintk
                0x00004bb2       0x1c zephyr/libzephyr.a(printk.c.obj)
                0x00004bb2                snprintk
 .text.set_state
                0x00004bce       0x10 zephyr/libzephyr.a(onoff.c.obj)
 .text.notify_monitors
                0x00004bde       0x3e zephyr/libzephyr.a(onoff.c.obj)
 .text.process_recheck
                0x00004c1c       0x32 zephyr/libzephyr.a(onoff.c.obj)
 .text.process_complete
                0x00004c4e       0x9a zephyr/libzephyr.a(onoff.c.obj)
 .text.validate_args
                0x00004ce8       0x2c zephyr/libzephyr.a(onoff.c.obj)
 .text.notify_one
                0x00004d14       0x26 zephyr/libzephyr.a(onoff.c.obj)
 .text.notify_all
                0x00004d3a       0x2e zephyr/libzephyr.a(onoff.c.obj)
 .text.transition_complete
                0x00004d68       0x1c zephyr/libzephyr.a(onoff.c.obj)
 .text.onoff_manager_init
                0x00004d84       0x38 zephyr/libzephyr.a(onoff.c.obj)
                0x00004d84                onoff_manager_init
 .text.onoff_request
                0x00004dbc       0xb8 zephyr/libzephyr.a(onoff.c.obj)
                0x00004dbc                onoff_request
 .text.z_thread_entry
                0x00004e74       0x14 zephyr/libzephyr.a(thread_entry.c.obj)
                0x00004e74                z_thread_entry
 .text.free_list_add_bidx
                0x00004e88       0x92 zephyr/libzephyr.a(heap.c.obj)
 .text.free_list_add
                0x00004f1a       0x52 zephyr/libzephyr.a(heap.c.obj)
 .text.sys_heap_init
                0x00004f6c      0x108 zephyr/libzephyr.a(heap.c.obj)
                0x00004f6c                sys_heap_init
 .text.extract_decimal
                0x00005074       0x26 zephyr/libzephyr.a(cbprintf_complete.c.obj)
 .text.encode_uint
                0x0000509a       0xd4 zephyr/libzephyr.a(cbprintf_complete.c.obj)
 .text.outs     0x0000516e       0x34 zephyr/libzephyr.a(cbprintf_complete.c.obj)
 .text._ConfigAbsSyms
                0x000051a2        0x2 zephyr/libzephyr.a(configs.c.obj)
                0x000051a2                _ConfigAbsSyms
 .text.pm_policy_next_state
                0x000051a4        0xa zephyr/libzephyr.a(policy_residency.c.obj)
                0x000051a4                pm_policy_next_state
 .text.z_arm_fatal_error
                0x000051ae        0x8 zephyr/arch/arch/arm/core/aarch32/libarch__arm__core__aarch32.a(fatal.c.obj)
                0x000051ae                z_arm_fatal_error
 .text.z_do_kernel_oops
                0x000051b6        0xc zephyr/arch/arch/arm/core/aarch32/libarch__arm__core__aarch32.a(fatal.c.obj)
                0x000051b6                z_do_kernel_oops
 .text.z_irq_spurious
                0x000051c2        0xc zephyr/arch/arch/arm/core/aarch32/libarch__arm__core__aarch32.a(irq_manage.c.obj)
                0x000051c2                z_irq_spurious
 .text.z_arm_nmi
                0x000051ce        0xc zephyr/arch/arch/arm/core/aarch32/libarch__arm__core__aarch32.a(nmi.c.obj)
                0x000051ce                z_arm_nmi
 .text.memory_fault_recoverable
                0x000051da        0x4 zephyr/arch/arch/arm/core/aarch32/cortex_m/libarch__arm__core__aarch32__cortex_m.a(fault.c.obj)
 .text.debug_monitor
                0x000051de        0x6 zephyr/arch/arch/arm/core/aarch32/cortex_m/libarch__arm__core__aarch32__cortex_m.a(fault.c.obj)
 .text.fault_handle
                0x000051e4       0x46 zephyr/arch/arch/arm/core/aarch32/cortex_m/libarch__arm__core__aarch32__cortex_m.a(fault.c.obj)
 .text.mpu_partition_is_valid
                0x0000522a       0x22 zephyr/arch/arch/arm/core/aarch32/mpu/libarch__arm__core__aarch32__mpu.a(arm_mpu.c.obj)
 .text.region_allocate_and_init
                0x0000524c       0x16 zephyr/arch/arch/arm/core/aarch32/mpu/libarch__arm__core__aarch32__mpu.a(arm_mpu.c.obj)
 .text.mpu_configure_region
                0x00005262       0x3e zephyr/arch/arch/arm/core/aarch32/mpu/libarch__arm__core__aarch32__mpu.a(arm_mpu.c.obj)
 .text.mpu_configure_regions
                0x000052a0       0x50 zephyr/arch/arch/arm/core/aarch32/mpu/libarch__arm__core__aarch32__mpu.a(arm_mpu.c.obj)
 .text.arm_core_mpu_configure_static_mpu_regions
                0x000052f0        0x8 zephyr/arch/arch/arm/core/aarch32/mpu/libarch__arm__core__aarch32__mpu.a(arm_mpu.c.obj)
                0x000052f0                arm_core_mpu_configure_static_mpu_regions
 .text.arm_core_mpu_configure_dynamic_mpu_regions
                0x000052f8        0x8 zephyr/arch/arch/arm/core/aarch32/mpu/libarch__arm__core__aarch32__mpu.a(arm_mpu.c.obj)
                0x000052f8                arm_core_mpu_configure_dynamic_mpu_regions
 .text.strcpy   0x00005300       0x12 zephyr/lib/libc/minimal/liblib__libc__minimal.a(string.c.obj)
                0x00005300                strcpy
 .text.strncpy  0x00005312       0x34 zephyr/lib/libc/minimal/liblib__libc__minimal.a(string.c.obj)
                0x00005312                strncpy
 .text.strlen   0x00005346       0x10 zephyr/lib/libc/minimal/liblib__libc__minimal.a(string.c.obj)
                0x00005346                strlen
 .text.strnlen  0x00005356       0x14 zephyr/lib/libc/minimal/liblib__libc__minimal.a(string.c.obj)
                0x00005356                strnlen
 .text.strcmp   0x0000536a       0x14 zephyr/lib/libc/minimal/liblib__libc__minimal.a(string.c.obj)
                0x0000536a                strcmp
 .text.memcpy   0x0000537e       0x48 zephyr/lib/libc/minimal/liblib__libc__minimal.a(string.c.obj)
                0x0000537e                memcpy
 .text.memset   0x000053c6       0x3a zephyr/lib/libc/minimal/liblib__libc__minimal.a(string.c.obj)
                0x000053c6                memset
 .text._stdout_hook_default
                0x00005400        0x6 zephyr/lib/libc/minimal/liblib__libc__minimal.a(stdout_console.c.obj)
 .text.pm_power_state_set
                0x00005406       0x26 zephyr/soc/arm/nordic_nrf/nrf52/libsoc__arm__nordic_nrf__nrf52.a(power.c.obj)
                0x00005406                pm_power_state_set
 .text.pm_power_state_exit_post_ops
                0x0000542c       0x16 zephyr/soc/arm/nordic_nrf/nrf52/libsoc__arm__nordic_nrf__nrf52.a(power.c.obj)
                0x0000542c                pm_power_state_exit_post_ops
 .text.get_sub_data
                0x00005442        0xe zephyr/drivers/clock_control/libdrivers__clock_control.a(clock_control_nrf.c.obj)
 .text.get_sub_config
                0x00005450        0x8 zephyr/drivers/clock_control/libdrivers__clock_control.a(clock_control_nrf.c.obj)
 .text.get_onoff_manager
                0x00005458        0xc zephyr/drivers/clock_control/libdrivers__clock_control.a(clock_control_nrf.c.obj)
 .text.get_status
                0x00005464       0x10 zephyr/drivers/clock_control/libdrivers__clock_control.a(clock_control_nrf.c.obj)
 .text.set_off_state
                0x00005474       0x32 zephyr/drivers/clock_control/libdrivers__clock_control.a(clock_control_nrf.c.obj)
 .text.set_starting_state
                0x000054a6       0x40 zephyr/drivers/clock_control/libdrivers__clock_control.a(clock_control_nrf.c.obj)
 .text.set_on_state
                0x000054e6       0x26 zephyr/drivers/clock_control/libdrivers__clock_control.a(clock_control_nrf.c.obj)
 .text.clkstarted_handle
                0x0000550c       0x24 zephyr/drivers/clock_control/libdrivers__clock_control.a(clock_control_nrf.c.obj)
 .text.stop     0x00005530       0x2a zephyr/drivers/clock_control/libdrivers__clock_control.a(clock_control_nrf.c.obj)
 .text.api_stop
                0x0000555a        0xa zephyr/drivers/clock_control/libdrivers__clock_control.a(clock_control_nrf.c.obj)
 .text.async_start
                0x00005564       0x38 zephyr/drivers/clock_control/libdrivers__clock_control.a(clock_control_nrf.c.obj)
 .text.api_start
                0x0000559c       0x10 zephyr/drivers/clock_control/libdrivers__clock_control.a(clock_control_nrf.c.obj)
 .text.onoff_started_callback
                0x000055ac       0x10 zephyr/drivers/clock_control/libdrivers__clock_control.a(clock_control_nrf.c.obj)
 .text.hfclk_start
                0x000055bc        0xa zephyr/drivers/clock_control/libdrivers__clock_control.a(clock_control_nrf.c.obj)
 .text.hfclk_stop
                0x000055c6        0xa zephyr/drivers/clock_control/libdrivers__clock_control.a(clock_control_nrf.c.obj)
 .text.lfclk_stop
                0x000055d0        0xa zephyr/drivers/clock_control/libdrivers__clock_control.a(clock_control_nrf.c.obj)
 .text.blocking_start_callback
                0x000055da        0xa zephyr/drivers/clock_control/libdrivers__clock_control.a(clock_control_nrf.c.obj)
 .text.debug_hook_out_nop
                0x000055e4        0x4 zephyr/drivers/console/libdrivers__console.a(uart_console.c.obj)
 .text.gpio_nrfx_port_get_raw
                0x000055e8        0xe zephyr/drivers/gpio/libdrivers__gpio.a(gpio_nrfx.c.obj)
 .text.gpio_nrfx_port_set_masked_raw
                0x000055f6       0x16 zephyr/drivers/gpio/libdrivers__gpio.a(gpio_nrfx.c.obj)
 .text.gpio_nrfx_port_set_bits_raw
                0x0000560c        0xc zephyr/drivers/gpio/libdrivers__gpio.a(gpio_nrfx.c.obj)
 .text.gpio_nrfx_port_clear_bits_raw
                0x00005618        0xc zephyr/drivers/gpio/libdrivers__gpio.a(gpio_nrfx.c.obj)
 .text.gpio_nrfx_port_toggle_bits
                0x00005624       0x12 zephyr/drivers/gpio/libdrivers__gpio.a(gpio_nrfx.c.obj)
 .text.gpio_nrfx_manage_callback
                0x00005636       0x64 zephyr/drivers/gpio/libdrivers__gpio.a(gpio_nrfx.c.obj)
 .text.cfg_level_pins
                0x0000569a       0x64 zephyr/drivers/gpio/libdrivers__gpio.a(gpio_nrfx.c.obj)
 .text.check_level_trigger_pins
                0x000056fe       0x86 zephyr/drivers/gpio/libdrivers__gpio.a(gpio_nrfx.c.obj)
 .text.gpiote_pin_int_cfg
                0x00005784       0x9e zephyr/drivers/gpio/libdrivers__gpio.a(gpio_nrfx.c.obj)
 .text.gpio_nrfx_pin_interrupt_configure
                0x00005822       0xa8 zephyr/drivers/gpio/libdrivers__gpio.a(gpio_nrfx.c.obj)
 .text.i2c_nrfx_twim_configure
                0x000058ca       0x3e zephyr/drivers/i2c/libdrivers__i2c.a(i2c_nrfx_twim.c.obj)
 .text.twim_0_init
                0x00005908       0x16 zephyr/drivers/i2c/libdrivers__i2c.a(i2c_nrfx_twim.c.obj)
 .text.twim_1_init
                0x0000591e       0x16 zephyr/drivers/i2c/libdrivers__i2c.a(i2c_nrfx_twim.c.obj)
 .text.endtx_isr
                0x00005934       0x32 zephyr/drivers/serial/libdrivers__serial.a(uart_nrfx_uarte.c.obj)
 .text.uarte_nrfx_isr_int
                0x00005966       0xa2 zephyr/drivers/serial/libdrivers__serial.a(uart_nrfx_uarte.c.obj)
 .text.uarte_nrfx_configure
                0x00005a08       0xa6 zephyr/drivers/serial/libdrivers__serial.a(uart_nrfx_uarte.c.obj)
 .text.uarte_nrfx_config_get
                0x00005aae       0x10 zephyr/drivers/serial/libdrivers__serial.a(uart_nrfx_uarte.c.obj)
 .text.uarte_nrfx_err_check
                0x00005abe        0xe zephyr/drivers/serial/libdrivers__serial.a(uart_nrfx_uarte.c.obj)
 .text.is_tx_ready
                0x00005acc       0x28 zephyr/drivers/serial/libdrivers__serial.a(uart_nrfx_uarte.c.obj)
 .text.uarte_enable
                0x00005af4        0xc zephyr/drivers/serial/libdrivers__serial.a(uart_nrfx_uarte.c.obj)
 .text.tx_start
                0x00005b00       0x40 zephyr/drivers/serial/libdrivers__serial.a(uart_nrfx_uarte.c.obj)
 .text.uarte_nrfx_poll_in
                0x00005b40       0x2a zephyr/drivers/serial/libdrivers__serial.a(uart_nrfx_uarte.c.obj)
 .text.uarte_nrfx_fifo_fill
                0x00005b6a       0x80 zephyr/drivers/serial/libdrivers__serial.a(uart_nrfx_uarte.c.obj)
 .text.uarte_nrfx_fifo_read
                0x00005bea       0x2c zephyr/drivers/serial/libdrivers__serial.a(uart_nrfx_uarte.c.obj)
 .text.uarte_nrfx_irq_tx_enable
                0x00005c16       0x2e zephyr/drivers/serial/libdrivers__serial.a(uart_nrfx_uarte.c.obj)
 .text.uarte_nrfx_irq_tx_disable
                0x00005c44        0xa zephyr/drivers/serial/libdrivers__serial.a(uart_nrfx_uarte.c.obj)
 .text.uarte_nrfx_irq_tx_ready_complete
                0x00005c4e       0x32 zephyr/drivers/serial/libdrivers__serial.a(uart_nrfx_uarte.c.obj)
 .text.uarte_nrfx_irq_rx_ready
                0x00005c80       0x10 zephyr/drivers/serial/libdrivers__serial.a(uart_nrfx_uarte.c.obj)
 .text.uarte_nrfx_irq_rx_enable
                0x00005c90        0xc zephyr/drivers/serial/libdrivers__serial.a(uart_nrfx_uarte.c.obj)
 .text.uarte_nrfx_irq_rx_disable
                0x00005c9c        0xc zephyr/drivers/serial/libdrivers__serial.a(uart_nrfx_uarte.c.obj)
 .text.uarte_nrfx_irq_err_enable
                0x00005ca8        0xe zephyr/drivers/serial/libdrivers__serial.a(uart_nrfx_uarte.c.obj)
 .text.uarte_nrfx_irq_err_disable
                0x00005cb6        0xe zephyr/drivers/serial/libdrivers__serial.a(uart_nrfx_uarte.c.obj)
 .text.uarte_nrfx_irq_is_pending
                0x00005cc4       0x3a zephyr/drivers/serial/libdrivers__serial.a(uart_nrfx_uarte.c.obj)
 .text.uarte_nrfx_irq_update
                0x00005cfe        0x4 zephyr/drivers/serial/libdrivers__serial.a(uart_nrfx_uarte.c.obj)
 .text.uarte_nrfx_irq_callback_set
                0x00005d02        0xc zephyr/drivers/serial/libdrivers__serial.a(uart_nrfx_uarte.c.obj)
 .text.wait_tx_ready
                0x00005d0e       0x4e zephyr/drivers/serial/libdrivers__serial.a(uart_nrfx_uarte.c.obj)
 .text.uarte_instance_init
                0x00005d5c      0x12e zephyr/drivers/serial/libdrivers__serial.a(uart_nrfx_uarte.c.obj)
 .text.uarte_0_init
                0x00005e8a       0x1e zephyr/drivers/serial/libdrivers__serial.a(uart_nrfx_uarte.c.obj)
 .text.sys_clock_isr
                0x00005ea8        0x2 zephyr/drivers/timer/libdrivers__timer.a(sys_clock_init.c.obj)
                0x00005ea8                sys_clock_isr
 .text.sys_clock_idle_exit
                0x00005eaa        0x2 zephyr/drivers/timer/libdrivers__timer.a(sys_clock_init.c.obj)
                0x00005eaa                sys_clock_idle_exit
 .text.counter_sub
                0x00005eac        0x8 zephyr/drivers/timer/libdrivers__timer.a(nrf_rtc_timer.c.obj)
 .text.event_clear
                0x00005eb4       0x18 zephyr/drivers/timer/libdrivers__timer.a(nrf_rtc_timer.c.obj)
 .text.absolute_time_to_cc
                0x00005ecc        0x6 zephyr/drivers/timer/libdrivers__timer.a(nrf_rtc_timer.c.obj)
 .text.full_int_lock
                0x00005ed2       0x12 zephyr/drivers/timer/libdrivers__timer.a(nrf_rtc_timer.c.obj)
 .text.full_int_unlock
                0x00005ee4        0xa zephyr/drivers/timer/libdrivers__timer.a(nrf_rtc_timer.c.obj)
 .text.set_absolute_alarm
                0x00005eee       0x76 zephyr/drivers/timer/libdrivers__timer.a(nrf_rtc_timer.c.obj)
 .text.compare_set
                0x00005f64       0x32 zephyr/drivers/timer/libdrivers__timer.a(nrf_rtc_timer.c.obj)
 .text.k_sys_fatal_error_handler
                0x00005f96        0x8 modules/nrf/lib/fatal_error/lib..__nrf__lib__fatal_error.a(fatal_error.c.obj)
                0x00005f96                k_sys_fatal_error_handler
 .text.nrfx_isr
                0x00005f9e        0x6 modules/hal_nordic/nrfx/libmodules__hal_nordic__nrfx.a(nrfx_glue.c.obj)
                0x00005f9e                nrfx_isr
 .text.nrfx_busy_wait
                0x00005fa4        0x8 modules/hal_nordic/nrfx/libmodules__hal_nordic__nrfx.a(nrfx_glue.c.obj)
                0x00005fa4                nrfx_busy_wait
 .text.nrfx_clock_enable
                0x00005fac       0x12 modules/hal_nordic/nrfx/libmodules__hal_nordic__nrfx.a(nrfx_clock.c.obj)
                0x00005fac                nrfx_clock_enable
 .text.is_app_channel
                0x00005fbe       0x10 modules/hal_nordic/nrfx/libmodules__hal_nordic__nrfx.a(nrfx_gpiote.c.obj)
 .text.xfer_completeness_check
                0x00005fce       0x82 modules/hal_nordic/nrfx/libmodules__hal_nordic__nrfx.a(nrfx_twim.c.obj)
 .text.twim_pins_configure
                0x00006050       0x38 modules/hal_nordic/nrfx/libmodules__hal_nordic__nrfx.a(nrfx_twim.c.obj)
 .text.twim_list_enable_handle
                0x00006088       0x2a modules/hal_nordic/nrfx/libmodules__hal_nordic__nrfx.a(nrfx_twim.c.obj)
 .text.SEGGER_RTT_Init
                0x000060b2        0x8 modules/segger/libmodules__segger.a(SEGGER_RTT.c.obj)
                0x000060b2                SEGGER_RTT_Init
 .text.rtt_init
                0x000060ba        0xa modules/segger/libmodules__segger.a(SEGGER_RTT_zephyr.c.obj)
 .text.z_device_ready
                0x000060c4       0x1a zephyr/kernel/libkernel.a(device.c.obj)
                0x000060c4                z_device_ready
 .text.z_fatal_error
                0x000060de       0x34 zephyr/kernel/libkernel.a(fatal.c.obj)
                0x000060de                z_fatal_error
 .text.setup_thread_stack
                0x00006112       0x24 zephyr/kernel/libkernel.a(thread.c.obj)
 .text.k_is_in_isr
                0x00006136        0xc zephyr/kernel/libkernel.a(thread.c.obj)
                0x00006136                k_is_in_isr
 .text.z_impl_k_thread_start
                0x00006142        0x8 zephyr/kernel/libkernel.a(thread.c.obj)
                0x00006142                z_impl_k_thread_start
 .text.z_init_thread_base
                0x0000614a       0x16 zephyr/kernel/libkernel.a(thread.c.obj)
                0x0000614a                z_init_thread_base
 .text.z_pm_save_idle_exit
                0x00006160        0xc zephyr/kernel/libkernel.a(idle.c.obj)
                0x00006160                z_pm_save_idle_exit
 .text.idle     0x0000616c       0x18 zephyr/kernel/libkernel.a(idle.c.obj)
                0x0000616c                idle
 .text.thread_active_elsewhere
                0x00006184        0x4 zephyr/kernel/libkernel.a(sched.c.obj)
 .text.pended_on_thread
                0x00006188        0x4 zephyr/kernel/libkernel.a(sched.c.obj)
 .text.z_sched_prio_cmp
                0x0000618c       0x14 zephyr/kernel/libkernel.a(sched.c.obj)
                0x0000618c                z_sched_prio_cmp
 .text.z_reschedule_irqlock
                0x000061a0       0x2a zephyr/kernel/libkernel.a(sched.c.obj)
                0x000061a0                z_reschedule_irqlock
 .text.z_priq_dumb_remove
                0x000061ca       0x10 zephyr/kernel/libkernel.a(sched.c.obj)
                0x000061ca                z_priq_dumb_remove
 .text.z_priq_dumb_best
                0x000061da        0xe zephyr/kernel/libkernel.a(sched.c.obj)
                0x000061da                z_priq_dumb_best
 .text.z_ready_thread
                0x000061e8       0x38 zephyr/kernel/libkernel.a(sched.c.obj)
                0x000061e8                z_ready_thread
 .text.z_thread_timeout
                0x00006220       0x68 zephyr/kernel/libkernel.a(sched.c.obj)
                0x00006220                z_thread_timeout
 .text.add_to_waitq_locked
                0x00006288       0x54 zephyr/kernel/libkernel.a(sched.c.obj)
 .text.pend     0x000062dc       0x42 zephyr/kernel/libkernel.a(sched.c.obj)
 .text.z_unpend_first_thread
                0x0000631e       0x56 zephyr/kernel/libkernel.a(sched.c.obj)
                0x0000631e                z_unpend_first_thread
 .text.remove_timeout
                0x00006374       0x2e zephyr/kernel/libkernel.a(timeout.c.obj)
 .text.z_abort_timeout
                0x000063a2       0x3c zephyr/kernel/libkernel.a(timeout.c.obj)
                0x000063a2                z_abort_timeout
 .text.z_get_next_timeout_expiry
                0x000063de       0x2c zephyr/kernel/libkernel.a(timeout.c.obj)
                0x000063de                z_get_next_timeout_expiry
 .text.z_set_timeout_expiry
                0x0000640a       0x56 zephyr/kernel/libkernel.a(timeout.c.obj)
                0x0000640a                z_set_timeout_expiry
 .text.sys_clock_tick_get_32
                0x00006460        0x8 zephyr/kernel/libkernel.a(timeout.c.obj)
                0x00006460                sys_clock_tick_get_32
 .text.z_impl_k_uptime_ticks
                0x00006468        0x8 zephyr/kernel/libkernel.a(timeout.c.obj)
                0x00006468                z_impl_k_uptime_ticks
 .text.z_impl_k_busy_wait
                0x00006470        0xc zephyr/kernel/libkernel.a(timeout.c.obj)
                0x00006470                z_impl_k_busy_wait
 .text.k_heap_init
                0x0000647c       0x10 zephyr/kernel/libkernel.a(kheap.c.obj)
                0x0000647c                k_heap_init
 .text._OffsetAbsSyms
                0x0000648c        0x2 zephyr/CMakeFiles/offsets.dir/./arch/arm/core/offsets/offsets.c.obj
                0x0000648c                _OffsetAbsSyms
 *(SORT_BY_ALIGNMENT(.TEXT.*))
 *fill*         0x0000648e        0x2 
 .TEXT.z_arm_platform_init
                0x00006490        0x4 zephyr/libzephyr.a(soc_nrf_common.S.obj)
                0x00006490                z_arm_platform_init
 *(SORT_BY_ALIGNMENT(.gnu.linkonce.t.*))
 *(SORT_BY_ALIGNMENT(.glue_7t))
 .glue_7t       0x00006494        0x0 linker stubs
 *(SORT_BY_ALIGNMENT(.glue_7))
 .glue_7        0x00006494        0x0 linker stubs
 *(SORT_BY_ALIGNMENT(.vfp11_veneer))
 .vfp11_veneer  0x00006494        0x0 linker stubs
 *(SORT_BY_ALIGNMENT(.v4_bx))
 .v4_bx         0x00006494        0x0 linker stubs
                0x00006494                __text_region_end = .

.ARM.exidx      0x00006494        0x8
                0x00006494                __exidx_start = .
 *(SORT_BY_ALIGNMENT(.ARM.exidx*) SORT_BY_ALIGNMENT(gnu.linkonce.armexidx.*))
 .ARM.exidx     0x00006494        0x8 c:/nrf/v1.8.0/toolchain/opt/bin/../lib/gcc/arm-none-eabi/9.2.1/thumb/v7e-m/nofp\libgcc.a(_udivmoddi4.o)
                0x0000649c                __exidx_end = .
                0x0000649c                __rodata_region_start = .

initlevel       0x0000649c       0x50
                0x0000649c                __init_start = .
                0x0000649c                __init_PRE_KERNEL_1_start = .
 *(SORT_BY_NAME(SORT_BY_ALIGNMENT(.z_init_PRE_KERNEL_1[0-9]_*)))
 .z_init_PRE_KERNEL_10_
                0x0000649c        0x8 zephyr/soc/arm/nordic_nrf/nrf52/libsoc__arm__nordic_nrf__nrf52.a(soc.c.obj)
 *(SORT_BY_NAME(SORT_BY_ALIGNMENT(.z_init_PRE_KERNEL_1[1-9][0-9]_*)))
 .z_init_PRE_KERNEL_130_
                0x000064a4        0x8 modules/segger/libmodules__segger.a(SEGGER_RTT_zephyr.c.obj)
 .z_init_PRE_KERNEL_130_
                0x000064ac        0x8 zephyr/kernel/libkernel.a(kheap.c.obj)
 .z_init_PRE_KERNEL_150_
                0x000064b4        0x8 zephyr/drivers/clock_control/libdrivers__clock_control.a(clock_control_nrf.c.obj)
 .z_init_PRE_KERNEL_150_
                0x000064bc        0x8 zephyr/drivers/serial/libdrivers__serial.a(uart_nrfx_uarte.c.obj)
 .z_init_PRE_KERNEL_160_
                0x000064c4        0x8 zephyr/drivers/console/libdrivers__console.a(uart_console.c.obj)
                0x000064cc                __init_PRE_KERNEL_2_start = .
 *(SORT_BY_NAME(SORT_BY_ALIGNMENT(.z_init_PRE_KERNEL_2[0-9]_*)))
 .z_init_PRE_KERNEL_20_
                0x000064cc        0x8 zephyr/drivers/timer/libdrivers__timer.a(sys_clock_init.c.obj)
 *(SORT_BY_NAME(SORT_BY_ALIGNMENT(.z_init_PRE_KERNEL_2[1-9][0-9]_*)))
                0x000064d4                __init_POST_KERNEL_start = .
 *(SORT_BY_NAME(SORT_BY_ALIGNMENT(.z_init_POST_KERNEL[0-9]_*)))
 *(SORT_BY_NAME(SORT_BY_ALIGNMENT(.z_init_POST_KERNEL[1-9][0-9]_*)))
 .z_init_POST_KERNEL40_
                0x000064d4        0x8 zephyr/drivers/gpio/libdrivers__gpio.a(gpio_nrfx.c.obj)
 .z_init_POST_KERNEL60_
                0x000064dc       0x10 zephyr/drivers/i2c/libdrivers__i2c.a(i2c_nrfx_twim.c.obj)
                0x000064ec                __init_APPLICATION_start = .
 *(SORT_BY_NAME(SORT_BY_ALIGNMENT(.z_init_APPLICATION[0-9]_*)))
 *(SORT_BY_NAME(SORT_BY_ALIGNMENT(.z_init_APPLICATION[1-9][0-9]_*)))
                0x000064ec                __init_SMP_start = .
 *(SORT_BY_NAME(SORT_BY_ALIGNMENT(.z_init_SMP[0-9]_*)))
 *(SORT_BY_NAME(SORT_BY_ALIGNMENT(.z_init_SMP[1-9][0-9]_*)))
                0x000064ec                __init_end = .

devices         0x000064ec       0x90
                0x000064ec                __device_start = .
                0x000064ec                __device_PRE_KERNEL_1_start = .
 *(SORT_BY_NAME(SORT_BY_ALIGNMENT(.z_device_PRE_KERNEL_1[0-9]_*)))
 *(SORT_BY_NAME(SORT_BY_ALIGNMENT(.z_device_PRE_KERNEL_1[1-9][0-9]_*)))
 .z_device_PRE_KERNEL_150_
                0x000064ec       0x18 zephyr/drivers/clock_control/libdrivers__clock_control.a(clock_control_nrf.c.obj)
                0x000064ec                __device_dts_ord_17
 .z_device_PRE_KERNEL_150_
                0x00006504       0x18 zephyr/drivers/serial/libdrivers__serial.a(uart_nrfx_uarte.c.obj)
                0x00006504                __device_dts_ord_50
                0x0000651c                __device_PRE_KERNEL_2_start = .
 *(SORT_BY_NAME(SORT_BY_ALIGNMENT(.z_device_PRE_KERNEL_2[0-9]_*)))
 .z_device_PRE_KERNEL_20_
                0x0000651c       0x18 zephyr/drivers/timer/libdrivers__timer.a(sys_clock_init.c.obj)
 *(SORT_BY_NAME(SORT_BY_ALIGNMENT(.z_device_PRE_KERNEL_2[1-9][0-9]_*)))
                0x00006534                __device_POST_KERNEL_start = .
 *(SORT_BY_NAME(SORT_BY_ALIGNMENT(.z_device_POST_KERNEL[0-9]_*)))
 *(SORT_BY_NAME(SORT_BY_ALIGNMENT(.z_device_POST_KERNEL[1-9][0-9]_*)))
 .z_device_POST_KERNEL40_
                0x00006534       0x18 zephyr/drivers/gpio/libdrivers__gpio.a(gpio_nrfx.c.obj)
                0x00006534                __device_dts_ord_8
 .z_device_POST_KERNEL60_
                0x0000654c       0x30 zephyr/drivers/i2c/libdrivers__i2c.a(i2c_nrfx_twim.c.obj)
                0x0000654c                __device_dts_ord_28
                0x00006564                __device_dts_ord_27
                0x0000657c                __device_APPLICATION_start = .
 *(SORT_BY_NAME(SORT_BY_ALIGNMENT(.z_device_APPLICATION[0-9]_*)))
 *(SORT_BY_NAME(SORT_BY_ALIGNMENT(.z_device_APPLICATION[1-9][0-9]_*)))
                0x0000657c                __device_SMP_start = .
 *(SORT_BY_NAME(SORT_BY_ALIGNMENT(.z_device_SMP[0-9]_*)))
 *(SORT_BY_NAME(SORT_BY_ALIGNMENT(.z_device_SMP[1-9][0-9]_*)))
                0x0000657c                __device_end = .

sw_isr_table    0x0000657c      0x138
                0x0000657c                . = ALIGN (0x0)
 *(SORT_BY_ALIGNMENT(.gnu.linkonce.sw_isr_table*))
 .gnu.linkonce.sw_isr_table
                0x0000657c      0x138 zephyr/arch/common/libisr_tables.a(isr_tables.c.obj)
                0x0000657c                _sw_isr_table

initlevel_error
                0x0000649c        0x0
 *(SORT_BY_NAME(SORT_BY_ALIGNMENT(.z_init_[_A-Z0-9]*)))
                0x00000001                ASSERT ((SIZEOF (initlevel_error) == 0x0), Undefined initialization levels used.)

app_shmem_regions
                0x000066b4        0x0
                0x000066b4                __app_shmem_regions_start = .
 *(SORT_BY_NAME(SORT_BY_ALIGNMENT(.app_regions.*)))
                0x000066b4                __app_shmem_regions_end = .

bt_l2cap_fixed_chan_area
                0x000066b4        0x0
                0x000066b4                _bt_l2cap_fixed_chan_list_start = .
 *(SORT_BY_NAME(SORT_BY_ALIGNMENT(._bt_l2cap_fixed_chan.static.*)))
                0x000066b4                _bt_l2cap_fixed_chan_list_end = .

bt_gatt_service_static_area
                0x000066b4        0x0
                0x000066b4                _bt_gatt_service_static_list_start = .
 *(SORT_BY_NAME(SORT_BY_ALIGNMENT(._bt_gatt_service_static.static.*)))
                0x000066b4                _bt_gatt_service_static_list_end = .

k_p4wq_initparam_area
                0x000066b4        0x0
                0x000066b4                _k_p4wq_initparam_list_start = .
 *(SORT_BY_NAME(SORT_BY_ALIGNMENT(._k_p4wq_initparam.static.*)))
                0x000066b4                _k_p4wq_initparam_list_end = .

log_strings_sections
                0x000066b4        0x0
                0x000066b4                __log_strings_start = .
 *(SORT_BY_NAME(SORT_BY_ALIGNMENT(.log_strings*)))
                0x000066b4                __log_strings_end = .

log_const_sections
                0x000066b4        0x0
                0x000066b4                __log_const_start = .
 *(SORT_BY_NAME(SORT_BY_ALIGNMENT(.log_const_*)))
                0x000066b4                __log_const_end = .

log_backends_sections
                0x000066b4        0x0
                0x000066b4                __log_backends_start = .
 *(SORT_BY_ALIGNMENT(._log_backend.*))
                0x000066b4                __log_backends_end = .

shell_area      0x000066b4        0x0
                0x000066b4                _shell_list_start = .
 *(SORT_BY_NAME(SORT_BY_ALIGNMENT(._shell.static.*)))
                0x000066b4                _shell_list_end = .

shell_root_cmds_sections
                0x000066b4        0x0
                0x000066b4                __shell_root_cmds_start = .
 *(SORT_BY_NAME(SORT_BY_ALIGNMENT(.shell_root_cmd_*)))
                0x000066b4                __shell_root_cmds_end = .

font_entry_sections
                0x000066b4        0x0
                0x000066b4                __font_entry_start = .
 *(SORT_BY_NAME(SORT_BY_ALIGNMENT(._cfb_font.*)))
                0x000066b4                __font_entry_end = .

tracing_backend_area
                0x000066b4        0x0
                0x000066b4                _tracing_backend_list_start = .
 *(SORT_BY_NAME(SORT_BY_ALIGNMENT(._tracing_backend.static.*)))
                0x000066b4                _tracing_backend_list_end = .

zephyr_dbg_info
                0x000066b4       0x3c
 *(SORT_BY_ALIGNMENT(.dbg_thread_info))
 .dbg_thread_info
                0x000066b4       0x3c zephyr/libzephyr.a(thread_info.c.obj)
                0x000066b4                _kernel_openocd_size_t_size
                0x000066b4                _kernel_thread_info_size_t_size
                0x000066b8                _kernel_openocd_num_offsets
                0x000066b8                _kernel_thread_info_num_offsets
                0x000066bc                _kernel_openocd_offsets
                0x000066bc                _kernel_thread_info_offsets

device_handles  0x000066f0       0x2a
                0x000066f0                __device_handles_start = .
 *(SORT_BY_NAME(SORT_BY_ALIGNMENT(.__device_handles_pass1*)))
 .__device_handles_pass1
                0x000066f0        0x8 zephyr/drivers/clock_control/libdrivers__clock_control.a(clock_control_nrf.c.obj)
                0x000066f0                __devicehdl_DT_N_S_soc_S_clock_40000000
 .__device_handles_pass1
                0x000066f8        0x6 zephyr/drivers/gpio/libdrivers__gpio.a(gpio_nrfx.c.obj)
                0x000066f8                __devicehdl_DT_N_S_soc_S_gpio_50000000
 .__device_handles_pass1
                0x000066fe       0x10 zephyr/drivers/i2c/libdrivers__i2c.a(i2c_nrfx_twim.c.obj)
                0x000066fe                __devicehdl_DT_N_S_soc_S_i2c_40004000
                0x00006706                __devicehdl_DT_N_S_soc_S_i2c_40003000
 .__device_handles_pass1
                0x0000670e        0x8 zephyr/drivers/serial/libdrivers__serial.a(uart_nrfx_uarte.c.obj)
                0x0000670e                __devicehdl_DT_N_S_soc_S_uart_40002000
 .__device_handles_pass1
                0x00006716        0x4 zephyr/drivers/timer/libdrivers__timer.a(sys_clock_init.c.obj)
                0x00006716                __devicehdl_sys_init_sys_clock_driver_init0
                0x0000671a                __device_handles_end = .

rodata          0x00006720      0x524
 *(SORT_BY_ALIGNMENT(.rodata))
 *(SORT_BY_ALIGNMENT(.rodata.*))
 .rodata.delay_machine_code.11809
                0x00006720        0x6 zephyr/soc/arm/nordic_nrf/nrf52/libsoc__arm__nordic_nrf__nrf52.a(soc.c.obj)
 *fill*         0x00006726        0x2 
 .rodata.ALARM_Handler.str1.4
                0x00006728       0x5c app/libapp.a(main.c.obj)
 .rodata.COUNTDOWN_Handler.str1.4
                0x00006784       0xab app/libapp.a(main.c.obj)
 *fill*         0x0000682f        0x1 
 .rodata.PAUSE_Handler.str1.4
                0x00006830       0xbe app/libapp.a(main.c.obj)
 *fill*         0x000068ee        0x2 
 .rodata.IDLE_Handler.str1.4
                0x000068f0       0x65 app/libapp.a(main.c.obj)
 *fill*         0x00006955        0x3 
 .rodata.SET_TIME_Handler.str1.4
                0x00006958       0xe6 app/libapp.a(main.c.obj)
 *fill*         0x00006a3e        0x2 
 .rodata.main.str1.4
                0x00006a40        0x7 app/libapp.a(main.c.obj)
 *fill*         0x00006a47        0x1 
 .rodata.cbvprintf.str1.4
                0x00006a48        0x6 zephyr/libzephyr.a(cbprintf_complete.c.obj)
 *fill*         0x00006a4e        0x2 
 .rodata.static_regions
                0x00006a50        0xc zephyr/arch/arch/arm/core/aarch32/mpu/libarch__arm__core__aarch32__mpu.a(arm_core_mpu.c.obj)
 .rodata.str1.4
                0x00006a5c        0xf zephyr/soc/arm/common/cortex_m/libsoc__arm__common__cortex_m.a(arm_mpu_regions.c.obj)
 *fill*         0x00006a6b        0x1 
 .rodata.mpu_config
                0x00006a6c        0x8 zephyr/soc/arm/common/cortex_m/libsoc__arm__common__cortex_m.a(arm_mpu_regions.c.obj)
                0x00006a6c                mpu_config
 .rodata.mpu_regions
                0x00006a74       0x18 zephyr/soc/arm/common/cortex_m/libsoc__arm__common__cortex_m.a(arm_mpu_regions.c.obj)
 .rodata.str1.4
                0x00006a8c        0x6 zephyr/drivers/clock_control/libdrivers__clock_control.a(clock_control_nrf.c.obj)
 *fill*         0x00006a92        0x2 
 .rodata.clock_control_api
                0x00006a94       0x14 zephyr/drivers/clock_control/libdrivers__clock_control.a(clock_control_nrf.c.obj)
 .rodata.config
                0x00006aa8       0x10 zephyr/drivers/clock_control/libdrivers__clock_control.a(clock_control_nrf.c.obj)
 .rodata.transitions.10865
                0x00006ab8        0xc zephyr/drivers/clock_control/libdrivers__clock_control.a(clock_control_nrf.c.obj)
 .rodata.str1.4
                0x00006ac4        0x7 zephyr/drivers/gpio/libdrivers__gpio.a(gpio_nrfx.c.obj)
 .rodata.gpio_nrfx_drv_api_funcs
                0x00006ac4       0x24 zephyr/drivers/gpio/libdrivers__gpio.a(gpio_nrfx.c.obj)
 .rodata.gpio_nrfx_p0_cfg
                0x00006ae8        0xc zephyr/drivers/gpio/libdrivers__gpio.a(gpio_nrfx.c.obj)
 .rodata.str1.4
                0x00006af4        0xe zephyr/drivers/i2c/libdrivers__i2c.a(i2c_nrfx_twim.c.obj)
 *fill*         0x00006b02        0x2 
 .rodata.i2c_nrfx_twim_driver_api
                0x00006b04       0x14 zephyr/drivers/i2c/libdrivers__i2c.a(i2c_nrfx_twim.c.obj)
 .rodata.twim_0z_config
                0x00006b18       0x1c zephyr/drivers/i2c/libdrivers__i2c.a(i2c_nrfx_twim.c.obj)
 .rodata.twim_1z_config
                0x00006b34       0x1c zephyr/drivers/i2c/libdrivers__i2c.a(i2c_nrfx_twim.c.obj)
 .rodata.str1.4
                0x00006b50        0x7 zephyr/drivers/serial/libdrivers__serial.a(uart_nrfx_uarte.c.obj)
 *fill*         0x00006b57        0x1 
 .rodata.uart_nrfx_uarte_driver_api
                0x00006b58       0x4c zephyr/drivers/serial/libdrivers__serial.a(uart_nrfx_uarte.c.obj)
 .rodata.uarte_0z_config
                0x00006ba4       0x1c zephyr/drivers/serial/libdrivers__serial.a(uart_nrfx_uarte.c.obj)
 .rodata.str1.4
                0x00006bc0        0xa zephyr/drivers/timer/libdrivers__timer.a(sys_clock_init.c.obj)
 *fill*         0x00006bca        0x2 
 .rodata._DoInit.str1.4
                0x00006bcc       0x17 modules/segger/libmodules__segger.a(SEGGER_RTT.c.obj)
 *fill*         0x00006be3        0x1 
 .rodata.levels.9095
                0x00006be4       0x14 zephyr/kernel/libkernel.a(device.c.obj)
 .rodata._k_neg_eagain
                0x00006bf8        0x4 zephyr/kernel/libkernel.a(errno.c.obj)
                0x00006bf8                _k_neg_eagain
 .rodata.init_idle_thread.str1.4
                0x00006bfc        0xa zephyr/kernel/libkernel.a(init.c.obj)
 *fill*         0x00006c06        0x2 
 .rodata.prepare_multithreading.str1.4
                0x00006c08        0x5 zephyr/kernel/libkernel.a(init.c.obj)
 *fill*         0x00006c0d        0x3 
 .rodata.boot_banner.str1.4
                0x00006c10       0x33 zephyr/kernel/libkernel.a(banner.c.obj)
                                 0x37 (size before relaxing)
 *(SORT_BY_ALIGNMENT(.gnu.linkonce.r.*))
                0x00006c44                . = ALIGN (0x4)
 *fill*         0x00006c43        0x1 
                0x00006c44                __rodata_region_end = .
                0x00006c60                . = ALIGN (_region_min_align)
                0x00008000                . = ALIGN ((0x1 << ((__rodata_region_end - __rom_region_start) <= 0x4)?0x2:((__rodata_region_end - __rom_region_start) <= 0x8)?0x3:((__rodata_region_end - __rom_region_start) <= 0x10)?0x4:((__rodata_region_end - __rom_region_start) <= 0x20)?0x5:((__rodata_region_end - __rom_region_start) <= 0x40)?0x6:((__rodata_region_end - __rom_region_start) <= 0x80)?0x7:((__rodata_region_end - __rom_region_start) <= 0x100)?0x8:((__rodata_region_end - __rom_region_start) <= 0x200)?0x9:((__rodata_region_end - __rom_region_start) <= 0x400)?0xa:((__rodata_region_end - __rom_region_start) <= 0x800)?0xb:((__rodata_region_end - __rom_region_start) <= 0x1000)?0xc:((__rodata_region_end - __rom_region_start) <= 0x2000)?0xd:((__rodata_region_end - __rom_region_start) <= 0x4000)?0xe:((__rodata_region_end - __rom_region_start) <= 0x8000)?0xf:((__rodata_region_end - __rom_region_start) <= 0x10000)?0x10:((__rodata_region_end - __rom_region_start) <= 0x20000)?0x11:((__rodata_region_end - __rom_region_start) <= 0x40000)?0x12:((__rodata_region_end - __rom_region_start) <= 0x80000)?0x13:((__rodata_region_end - __rom_region_start) <= 0x100000)?0x14:((__rodata_region_end - __rom_region_start) <= 0x200000)?0x15:((__rodata_region_end - __rom_region_start) <= 0x400000)?0x16:((__rodata_region_end - __rom_region_start) <= 0x800000)?0x17:((__rodata_region_end - __rom_region_start) <= 0x1000000)?0x18:((__rodata_region_end - __rom_region_start) <= 0x2000000)?0x19:((__rodata_region_end - __rom_region_start) <= 0x4000000)?0x1a:((__rodata_region_end - __rom_region_start) <= 0x8000000)?0x1b:((__rodata_region_end - __rom_region_start) <= 0x10000000)?0x1c:((__rodata_region_end - __rom_region_start) <= 0x20000000)?0x1d:((__rodata_region_end - __rom_region_start) <= 0x40000000)?0x1e:((__rodata_region_end - __rom_region_start) <= 0x80000000)?0x1f:0x20))
                0x00008000                __rom_region_end = .
                0x20000000                . = 0x20000000
                0x20000000                . = ALIGN (_region_min_align)
                0x20000000                _image_ram_start = .

.ramfunc        0x20000000        0x0 load address 0x00006c44
                0x20000000                . = ALIGN (_region_min_align)
                0x20000000                . = ALIGN ((0x1 << (__ramfunc_size <= 0x4)?0x2:(__ramfunc_size <= 0x8)?0x3:(__ramfunc_size <= 0x10)?0x4:(__ramfunc_size <= 0x20)?0x5:(__ramfunc_size <= 0x40)?0x6:(__ramfunc_size <= 0x80)?0x7:(__ramfunc_size <= 0x100)?0x8:(__ramfunc_size <= 0x200)?0x9:(__ramfunc_size <= 0x400)?0xa:(__ramfunc_size <= 0x800)?0xb:(__ramfunc_size <= 0x1000)?0xc:(__ramfunc_size <= 0x2000)?0xd:(__ramfunc_size <= 0x4000)?0xe:(__ramfunc_size <= 0x8000)?0xf:(__ramfunc_size <= 0x10000)?0x10:(__ramfunc_size <= 0x20000)?0x11:(__ramfunc_size <= 0x40000)?0x12:(__ramfunc_size <= 0x80000)?0x13:(__ramfunc_size <= 0x100000)?0x14:(__ramfunc_size <= 0x200000)?0x15:(__ramfunc_size <= 0x400000)?0x16:(__ramfunc_size <= 0x800000)?0x17:(__ramfunc_size <= 0x1000000)?0x18:(__ramfunc_size <= 0x2000000)?0x19:(__ramfunc_size <= 0x4000000)?0x1a:(__ramfunc_size <= 0x8000000)?0x1b:(__ramfunc_size <= 0x10000000)?0x1c:(__ramfunc_size <= 0x20000000)?0x1d:(__ramfunc_size <= 0x40000000)?0x1e:(__ramfunc_size <= 0x80000000)?0x1f:0x20))
                0x20000000                __ramfunc_start = .
 *(SORT_BY_ALIGNMENT(.ramfunc))
 *(SORT_BY_ALIGNMENT(.ramfunc.*))
                0x20000000                . = ALIGN (_region_min_align)
                0x20000000                . = ALIGN ((0x1 << (__ramfunc_size <= 0x4)?0x2:(__ramfunc_size <= 0x8)?0x3:(__ramfunc_size <= 0x10)?0x4:(__ramfunc_size <= 0x20)?0x5:(__ramfunc_size <= 0x40)?0x6:(__ramfunc_size <= 0x80)?0x7:(__ramfunc_size <= 0x100)?0x8:(__ramfunc_size <= 0x200)?0x9:(__ramfunc_size <= 0x400)?0xa:(__ramfunc_size <= 0x800)?0xb:(__ramfunc_size <= 0x1000)?0xc:(__ramfunc_size <= 0x2000)?0xd:(__ramfunc_size <= 0x4000)?0xe:(__ramfunc_size <= 0x8000)?0xf:(__ramfunc_size <= 0x10000)?0x10:(__ramfunc_size <= 0x20000)?0x11:(__ramfunc_size <= 0x40000)?0x12:(__ramfunc_size <= 0x80000)?0x13:(__ramfunc_size <= 0x100000)?0x14:(__ramfunc_size <= 0x200000)?0x15:(__ramfunc_size <= 0x400000)?0x16:(__ramfunc_size <= 0x800000)?0x17:(__ramfunc_size <= 0x1000000)?0x18:(__ramfunc_size <= 0x2000000)?0x19:(__ramfunc_size <= 0x4000000)?0x1a:(__ramfunc_size <= 0x8000000)?0x1b:(__ramfunc_size <= 0x10000000)?0x1c:(__ramfunc_size <= 0x20000000)?0x1d:(__ramfunc_size <= 0x40000000)?0x1e:(__ramfunc_size <= 0x80000000)?0x1f:0x20))
                0x20000000                __ramfunc_end = .
                0x00000000                __ramfunc_size = (__ramfunc_end - __ramfunc_start)
                0x00006c44                __ramfunc_load_start = LOADADDR (.ramfunc)

datas           0x20000000       0xa0 load address 0x00006c44
                0x20000000                __data_region_start = .
                0x20000000                __data_start = .
 *(SORT_BY_ALIGNMENT(.data))
 *(SORT_BY_ALIGNMENT(.data.*))
 .data._char_out
                0x20000000        0x4 zephyr/libzephyr.a(printk.c.obj)
                0x20000000                _char_out
 .data.post_ops_done
                0x20000004        0x4 zephyr/libzephyr.a(power.c.obj)
 .data._stdout_hook
                0x20000008        0x4 zephyr/lib/libc/minimal/liblib__libc__minimal.a(stdout_console.c.obj)
 .data.debug_hook_out
                0x2000000c        0x4 zephyr/drivers/console/libdrivers__console.a(uart_console.c.obj)
 .data.twim_0_data
                0x20000010       0x2c zephyr/drivers/i2c/libdrivers__i2c.a(i2c_nrfx_twim.c.obj)
 .data.twim_1_data
                0x2000003c       0x2c zephyr/drivers/i2c/libdrivers__i2c.a(i2c_nrfx_twim.c.obj)
 .data.uarte0_int_driven
                0x20000068       0x14 zephyr/drivers/serial/libdrivers__serial.a(uart_nrfx_uarte.c.obj)
 .data.uarte_0_data
                0x2000007c       0x18 zephyr/drivers/serial/libdrivers__serial.a(uart_nrfx_uarte.c.obj)
 .data.SystemCoreClock
                0x20000094        0x4 modules/hal_nordic/nrfx/libmodules__hal_nordic__nrfx.a(system_nrf52.c.obj)
                0x20000094                SystemCoreClock
 .data.timeout_list
                0x20000098        0x8 zephyr/kernel/libkernel.a(timeout.c.obj)
 *(SORT_BY_ALIGNMENT(.kernel.*))
                0x200000a0                __data_end = .
                0x000000a0                __data_size = (__data_end - __data_start)
                0x00006c44                __data_load_start = LOADADDR (datas)
                0x00006c44                __data_region_load_start = LOADADDR (datas)

device_states   0x200000a0       0x18 load address 0x00006ce4
                0x200000a0                __device_states_start = .
 *(SORT_BY_ALIGNMENT(.z_devstate))
 .z_devstate    0x200000a0        0x4 zephyr/drivers/clock_control/libdrivers__clock_control.a(clock_control_nrf.c.obj)
 .z_devstate    0x200000a4        0x4 zephyr/drivers/gpio/libdrivers__gpio.a(gpio_nrfx.c.obj)
 .z_devstate    0x200000a8        0x8 zephyr/drivers/i2c/libdrivers__i2c.a(i2c_nrfx_twim.c.obj)
 .z_devstate    0x200000b0        0x4 zephyr/drivers/serial/libdrivers__serial.a(uart_nrfx_uarte.c.obj)
 .z_devstate    0x200000b4        0x4 zephyr/drivers/timer/libdrivers__timer.a(sys_clock_init.c.obj)
 *(SORT_BY_ALIGNMENT(.z_devstate.*))
                0x200000b8                __device_states_end = .

initshell       0x200000b8        0x0 load address 0x00006cfc
                0x200000b8                __shell_module_start = .
 *(SORT_BY_ALIGNMENT(.shell_module_*))
                0x200000b8                __shell_module_end = .
                0x200000b8                __shell_cmd_start = .
 *(SORT_BY_ALIGNMENT(.shell_cmd_*))
                0x200000b8                __shell_cmd_end = .

log_dynamic_sections
                0x200000b8        0x0 load address 0x00006cfc
                0x200000b8                __log_dynamic_start = .
 *(SORT_BY_NAME(SORT_BY_ALIGNMENT(.log_dynamic_*)))
                0x200000b8                __log_dynamic_end = .

_static_thread_data_area
                0x200000b8        0x0 load address 0x00006cfc
                0x200000b8                __static_thread_data_list_start = .
 *(SORT_BY_NAME(SORT_BY_ALIGNMENT(.__static_thread_data.static.*)))
                0x200000b8                __static_thread_data_list_end = .

k_timer_area    0x200000b8        0x0 load address 0x00006cfc
                0x200000b8                _k_timer_list_start = .
 *(SORT_BY_NAME(SORT_BY_ALIGNMENT(._k_timer.static.*)))
                0x200000b8                _k_timer_list_end = .

k_mem_slab_area
                0x200000b8        0x0 load address 0x00006cfc
                0x200000b8                _k_mem_slab_list_start = .
 *(SORT_BY_NAME(SORT_BY_ALIGNMENT(._k_mem_slab.static.*)))
                0x200000b8                _k_mem_slab_list_end = .

k_mem_pool_area
                0x200000b8        0x0 load address 0x00006cfc
                0x200000b8                _k_mem_pool_list_start = .
 *(SORT_BY_NAME(SORT_BY_ALIGNMENT(._k_mem_pool.static.*)))
                0x200000b8                _k_mem_pool_list_end = .

k_heap_area     0x200000b8        0x0 load address 0x00006cfc
                0x200000b8                _k_heap_list_start = .
 *(SORT_BY_NAME(SORT_BY_ALIGNMENT(._k_heap.static.*)))
                0x200000b8                _k_heap_list_end = .

k_mutex_area    0x200000b8        0x0 load address 0x00006cfc
                0x200000b8                _k_mutex_list_start = .
 *(SORT_BY_NAME(SORT_BY_ALIGNMENT(._k_mutex.static.*)))
                0x200000b8                _k_mutex_list_end = .

k_stack_area    0x200000b8        0x0 load address 0x00006cfc
                0x200000b8                _k_stack_list_start = .
 *(SORT_BY_NAME(SORT_BY_ALIGNMENT(._k_stack.static.*)))
                0x200000b8                _k_stack_list_end = .

k_msgq_area     0x200000b8        0x0 load address 0x00006cfc
                0x200000b8                _k_msgq_list_start = .
 *(SORT_BY_NAME(SORT_BY_ALIGNMENT(._k_msgq.static.*)))
                0x200000b8                _k_msgq_list_end = .

k_mbox_area     0x200000b8        0x0 load address 0x00006cfc
                0x200000b8                _k_mbox_list_start = .
 *(SORT_BY_NAME(SORT_BY_ALIGNMENT(._k_mbox.static.*)))
                0x200000b8                _k_mbox_list_end = .

k_pipe_area     0x200000b8        0x0 load address 0x00006cfc
                0x200000b8                _k_pipe_list_start = .
 *(SORT_BY_NAME(SORT_BY_ALIGNMENT(._k_pipe.static.*)))
                0x200000b8                _k_pipe_list_end = .

k_sem_area      0x200000b8        0x0 load address 0x00006cfc
                0x200000b8                _k_sem_list_start = .
 *(SORT_BY_NAME(SORT_BY_ALIGNMENT(._k_sem.static.*)))
                0x200000b8                _k_sem_list_end = .

k_queue_area    0x200000b8        0x0 load address 0x00006cfc
                0x200000b8                _k_queue_list_start = .
 *(SORT_BY_NAME(SORT_BY_ALIGNMENT(._k_queue.static.*)))
                0x200000b8                _k_queue_list_end = .

k_condvar_area  0x200000b8        0x0 load address 0x00006cfc
                0x200000b8                _k_condvar_list_start = .
 *(SORT_BY_NAME(SORT_BY_ALIGNMENT(._k_condvar.static.*)))
                0x200000b8                _k_condvar_list_end = .

_net_buf_pool_area
                0x200000b8        0x0 load address 0x00006cfc
                0x200000b8                _net_buf_pool_list = .
 *(SORT_BY_NAME(SORT_BY_ALIGNMENT(._net_buf_pool.static.*)))
                0x200000b8                __data_region_end = .

bss             0x200000b8      0x850
                0x200000b8                . = ALIGN (0x4)
                0x200000b8                __bss_start = .
                0x200000b8                __kernel_ram_start = .
 *(SORT_BY_ALIGNMENT(.bss))
 *(SORT_BY_ALIGNMENT(.bss.*))
 .bss.anchor    0x200000b8        0x8 zephyr/drivers/timer/libdrivers__timer.a(nrf_rtc_timer.c.obj)
 .bss.cc_data   0x200000c0       0x10 zephyr/drivers/timer/libdrivers__timer.a(nrf_rtc_timer.c.obj)
 .bss.last_count
                0x200000d0        0x8 zephyr/drivers/timer/libdrivers__timer.a(nrf_rtc_timer.c.obj)
 .bss.z_idle_threads
                0x200000d8       0xb0 zephyr/kernel/libkernel.a(init.c.obj)
                0x200000d8                z_idle_threads
 .bss.z_main_thread
                0x20000188       0xb0 zephyr/kernel/libkernel.a(init.c.obj)
                0x20000188                z_main_thread
 .bss.curr_tick
                0x20000238        0x8 zephyr/kernel/libkernel.a(timeout.c.obj)
 .bss.EventStatus
                0x20000240        0x1 app/libapp.a(main.c.obj)
 *fill*         0x20000241        0x3 
 .bss.Main_KitchenTimer
                0x20000244        0x8 app/libapp.a(main.c.obj)
 .bss.SystemTick.9466
                0x2000024c        0x2 app/libapp.a(main.c.obj)
 *fill*         0x2000024e        0x2 
 .bss.UserActivity.9467
                0x20000250        0x2 app/libapp.a(main.c.obj)
 *fill*         0x20000252        0x2 
 .bss.gpio0     0x20000254        0x4 app/libapp.a(main.c.obj)
                0x20000254                gpio0
 .bss.pm_notifiers
                0x20000258        0x8 zephyr/libzephyr.a(power.c.obj)
 .bss.z_power_state
                0x20000260        0xc zephyr/libzephyr.a(power.c.obj)
 .bss.dynamic_regions.9708
                0x2000026c        0xc zephyr/arch/arch/arm/core/aarch32/mpu/libarch__arm__core__aarch32__mpu.a(arm_core_mpu.c.obj)
 .bss.cli.10839
                0x20000278       0x10 zephyr/drivers/clock_control/libdrivers__clock_control.a(clock_control_nrf.c.obj)
 .bss.data      0x20000288       0x50 zephyr/drivers/clock_control/libdrivers__clock_control.a(clock_control_nrf.c.obj)
 .bss.hfclk_users
                0x200002d8        0x4 zephyr/drivers/clock_control/libdrivers__clock_control.a(clock_control_nrf.c.obj)
 .bss.on.10838  0x200002dc        0x4 zephyr/drivers/clock_control/libdrivers__clock_control.a(clock_control_nrf.c.obj)
 .bss.uart_console_dev
                0x200002e0        0x4 zephyr/drivers/console/libdrivers__console.a(uart_console.c.obj)
 .bss.gpio_nrfx_p0_data
                0x200002e4       0x1c zephyr/drivers/gpio/libdrivers__gpio.a(gpio_nrfx.c.obj)
 .bss.twim_0_msg_buf
                0x20000300       0x10 zephyr/drivers/i2c/libdrivers__i2c.a(i2c_nrfx_twim.c.obj)
 .bss.twim_1_msg_buf
                0x20000310       0x10 zephyr/drivers/i2c/libdrivers__i2c.a(i2c_nrfx_twim.c.obj)
 .bss.uarte0_tx_buffer
                0x20000320       0x20 zephyr/drivers/serial/libdrivers__serial.a(uart_nrfx_uarte.c.obj)
 .bss.force_isr_mask
                0x20000340        0x4 zephyr/drivers/timer/libdrivers__timer.a(nrf_rtc_timer.c.obj)
 .bss.int_mask  0x20000344        0x4 zephyr/drivers/timer/libdrivers__timer.a(nrf_rtc_timer.c.obj)
 .bss.overflow_cnt
                0x20000348        0x4 zephyr/drivers/timer/libdrivers__timer.a(nrf_rtc_timer.c.obj)
 .bss.m_clock_cb
                0x2000034c        0x8 modules/hal_nordic/nrfx/libmodules__hal_nordic__nrfx.a(nrfx_clock.c.obj)
 .bss.m_cb      0x20000354       0x50 modules/hal_nordic/nrfx/libmodules__hal_nordic__nrfx.a(nrfx_gpiote.c.obj)
 .bss.m_channels_allocated
                0x200003a4        0x4 modules/hal_nordic/nrfx/libmodules__hal_nordic__nrfx.a(nrfx_ppi.c.obj)
 .bss.m_cb      0x200003a8       0x68 modules/hal_nordic/nrfx/libmodules__hal_nordic__nrfx.a(nrfx_twim.c.obj)
 .bss._SEGGER_RTT
                0x20000410       0xa8 modules/segger/libmodules__segger.a(SEGGER_RTT.c.obj)
                0x20000410                _SEGGER_RTT
 .bss._acDownBuffer
                0x200004b8       0x10 modules/segger/libmodules__segger.a(SEGGER_RTT.c.obj)
 .bss._acUpBuffer
                0x200004c8      0x400 modules/segger/libmodules__segger.a(SEGGER_RTT.c.obj)
 .bss._kernel   0x200008c8       0x2c zephyr/kernel/libkernel.a(init.c.obj)
                0x200008c8                _kernel
 .bss.lock      0x200008f4        0x0 zephyr/kernel/libkernel.a(sem.c.obj)
 .bss.pending_current
                0x200008f4        0x4 zephyr/kernel/libkernel.a(sched.c.obj)
 .bss.sched_spinlock
                0x200008f8        0x0 zephyr/kernel/libkernel.a(sched.c.obj)
                0x200008f8                sched_spinlock
 .bss.slice_max_prio
                0x200008f8        0x4 zephyr/kernel/libkernel.a(sched.c.obj)
 .bss.slice_time
                0x200008fc        0x4 zephyr/kernel/libkernel.a(sched.c.obj)
 .bss.announce_remaining
                0x20000900        0x4 zephyr/kernel/libkernel.a(timeout.c.obj)
 .bss.static_regions_num
                0x20000904        0x1 zephyr/arch/arch/arm/core/aarch32/mpu/libarch__arm__core__aarch32__mpu.a(arm_mpu.c.obj)
 .bss.once.10728
                0x20000905        0x1 zephyr/drivers/clock_control/libdrivers__clock_control.a(clock_control_nrf.c.obj)
 .bss.gpio_initialized.10148
                0x20000906        0x1 zephyr/drivers/gpio/libdrivers__gpio.a(gpio_nrfx.c.obj)
 .bss.z_sys_post_kernel
                0x20000907        0x1 zephyr/kernel/libkernel.a(init.c.obj)
                0x20000907                z_sys_post_kernel
 *(SORT_BY_ALIGNMENT(COMMON))
 *(SORT_BY_ALIGNMENT(.kernel_bss.*))
                0x20000908                __bss_end = ALIGN (0x4)

noinit          0x20000920      0xda0
 *(SORT_BY_ALIGNMENT(.noinit))
 *(SORT_BY_ALIGNMENT(.noinit.*))
 .noinit."WEST_TOPDIR/zephyr/kernel/init.c".1
                0x20000920      0x420 zephyr/kernel/libkernel.a(init.c.obj)
                0x20000920                z_main_stack
 .noinit."WEST_TOPDIR/zephyr/kernel/init.c".2
                0x20000d40      0x160 zephyr/kernel/libkernel.a(init.c.obj)
 .noinit."WEST_TOPDIR/zephyr/kernel/init.c".3
                0x20000ea0      0x820 zephyr/kernel/libkernel.a(init.c.obj)
                0x20000ea0                z_interrupt_stacks
 *(SORT_BY_ALIGNMENT(.kernel_noinit.*))
                0x200016c0                _image_ram_end = .
                0x200016c0                _end = .
                0x20010000                __kernel_ram_end = 0x20010000
                0x0000ff48                __kernel_ram_size = (__kernel_ram_end - __kernel_ram_start)

.intList        0xfffff800       0x68
 *(SORT_BY_ALIGNMENT(.irq_info*))
 .irq_info      0xfffff800        0x8 zephyr/arch/common/libisr_tables.a(isr_tables.c.obj)
                0xfffff800                _iheader
 *(SORT_BY_ALIGNMENT(.intList*))
 .intList       0xfffff808       0x10 zephyr/drivers/clock_control/libdrivers__clock_control.a(clock_control_nrf.c.obj)
 .intList       0xfffff818       0x10 zephyr/drivers/gpio/libdrivers__gpio.a(gpio_nrfx.c.obj)
 .intList       0xfffff828       0x20 zephyr/drivers/i2c/libdrivers__i2c.a(i2c_nrfx_twim.c.obj)
 .intList       0xfffff848       0x10 zephyr/drivers/serial/libdrivers__serial.a(uart_nrfx_uarte.c.obj)
 .intList       0xfffff858       0x10 zephyr/drivers/timer/libdrivers__timer.a(nrf_rtc_timer.c.obj)

.stab
 *(SORT_BY_ALIGNMENT(.stab))

.stabstr
 *(SORT_BY_ALIGNMENT(.stabstr))

.stab.excl
 *(SORT_BY_ALIGNMENT(.stab.excl))

.stab.exclstr
 *(SORT_BY_ALIGNMENT(.stab.exclstr))

.stab.index
 *(SORT_BY_ALIGNMENT(.stab.index))

.stab.indexstr
 *(SORT_BY_ALIGNMENT(.stab.indexstr))

.gnu.build.attributes
 *(SORT_BY_ALIGNMENT(.gnu.build.attributes) SORT_BY_ALIGNMENT(.gnu.build.attributes.*))

.comment        0x00000000       0x79
 *(SORT_BY_ALIGNMENT(.comment))
 .comment       0x00000000       0x79 app/libapp.a(main.c.obj)
                                 0x7a (size before relaxing)
 .comment       0x00000079       0x7a zephyr/libzephyr.a(notify.c.obj)
 .comment       0x00000079       0x7a zephyr/libzephyr.a(printk.c.obj)
 .comment       0x00000079       0x7a zephyr/libzephyr.a(onoff.c.obj)
 .comment       0x00000079       0x7a zephyr/libzephyr.a(thread_entry.c.obj)
 .comment       0x00000079       0x7a zephyr/libzephyr.a(heap.c.obj)
 .comment       0x00000079       0x7a zephyr/libzephyr.a(cbprintf_complete.c.obj)
 .comment       0x00000079       0x7a zephyr/libzephyr.a(configs.c.obj)
 .comment       0x00000079       0x7a zephyr/libzephyr.a(thread_info.c.obj)
 .comment       0x00000079       0x7a zephyr/libzephyr.a(power.c.obj)
 .comment       0x00000079       0x7a zephyr/libzephyr.a(policy_residency.c.obj)
 .comment       0x00000079       0x7a zephyr/arch/arch/arm/core/aarch32/libarch__arm__core__aarch32.a(fatal.c.obj)
 .comment       0x00000079       0x7a zephyr/arch/arch/arm/core/aarch32/libarch__arm__core__aarch32.a(irq_manage.c.obj)
 .comment       0x00000079       0x7a zephyr/arch/arch/arm/core/aarch32/libarch__arm__core__aarch32.a(nmi.c.obj)
 .comment       0x00000079       0x7a zephyr/arch/arch/arm/core/aarch32/libarch__arm__core__aarch32.a(prep_c.c.obj)
 .comment       0x00000079       0x7a zephyr/arch/arch/arm/core/aarch32/libarch__arm__core__aarch32.a(swap.c.obj)
 .comment       0x00000079       0x7a zephyr/arch/arch/arm/core/aarch32/libarch__arm__core__aarch32.a(thread.c.obj)
 .comment       0x00000079       0x7a zephyr/arch/arch/arm/core/aarch32/cortex_m/libarch__arm__core__aarch32__cortex_m.a(fault.c.obj)
 .comment       0x00000079       0x7a zephyr/arch/arch/arm/core/aarch32/cortex_m/libarch__arm__core__aarch32__cortex_m.a(irq_init.c.obj)
 .comment       0x00000079       0x7a zephyr/arch/arch/arm/core/aarch32/cortex_m/libarch__arm__core__aarch32__cortex_m.a(scb.c.obj)
 .comment       0x00000079       0x7a zephyr/arch/arch/arm/core/aarch32/cortex_m/libarch__arm__core__aarch32__cortex_m.a(thread_abort.c.obj)
 .comment       0x00000079       0x7a zephyr/arch/arch/arm/core/aarch32/mpu/libarch__arm__core__aarch32__mpu.a(arm_core_mpu.c.obj)
 .comment       0x00000079       0x7a zephyr/arch/arch/arm/core/aarch32/mpu/libarch__arm__core__aarch32__mpu.a(arm_mpu.c.obj)
 .comment       0x00000079       0x7a zephyr/lib/libc/minimal/liblib__libc__minimal.a(string.c.obj)
 .comment       0x00000079       0x7a zephyr/lib/libc/minimal/liblib__libc__minimal.a(stdout_console.c.obj)
 .comment       0x00000079       0x7a zephyr/soc/arm/common/cortex_m/libsoc__arm__common__cortex_m.a(arm_mpu_regions.c.obj)
 .comment       0x00000079       0x7a zephyr/soc/arm/nordic_nrf/nrf52/libsoc__arm__nordic_nrf__nrf52.a(soc.c.obj)
 .comment       0x00000079       0x7a zephyr/soc/arm/nordic_nrf/nrf52/libsoc__arm__nordic_nrf__nrf52.a(power.c.obj)
 .comment       0x00000079       0x7a zephyr/drivers/clock_control/libdrivers__clock_control.a(clock_control_nrf.c.obj)
 .comment       0x00000079       0x7a zephyr/drivers/console/libdrivers__console.a(uart_console.c.obj)
 .comment       0x00000079       0x7a zephyr/drivers/gpio/libdrivers__gpio.a(gpio_nrfx.c.obj)
 .comment       0x00000079       0x7a zephyr/drivers/i2c/libdrivers__i2c.a(i2c_nrfx_twim.c.obj)
 .comment       0x00000079       0x7a zephyr/drivers/serial/libdrivers__serial.a(uart_nrfx_uarte.c.obj)
 .comment       0x00000079       0x7a zephyr/drivers/timer/libdrivers__timer.a(sys_clock_init.c.obj)
 .comment       0x00000079       0x7a zephyr/drivers/timer/libdrivers__timer.a(nrf_rtc_timer.c.obj)
 .comment       0x00000079       0x7a modules/nrf/lib/fatal_error/lib..__nrf__lib__fatal_error.a(fatal_error.c.obj)
 .comment       0x00000079       0x7a modules/hal_nordic/nrfx/libmodules__hal_nordic__nrfx.a(system_nrf52.c.obj)
 .comment       0x00000079       0x7a modules/hal_nordic/nrfx/libmodules__hal_nordic__nrfx.a(nrfx_glue.c.obj)
 .comment       0x00000079       0x7a modules/hal_nordic/nrfx/libmodules__hal_nordic__nrfx.a(nrfx_clock.c.obj)
 .comment       0x00000079       0x7a modules/hal_nordic/nrfx/libmodules__hal_nordic__nrfx.a(nrfx_gpiote.c.obj)
 .comment       0x00000079       0x7a modules/hal_nordic/nrfx/libmodules__hal_nordic__nrfx.a(nrfx_ppi.c.obj)
 .comment       0x00000079       0x7a modules/hal_nordic/nrfx/libmodules__hal_nordic__nrfx.a(nrfx_twim.c.obj)
 .comment       0x00000079       0x7a modules/hal_nordic/nrfx/libmodules__hal_nordic__nrfx.a(nrfx_twi_twim.c.obj)
 .comment       0x00000079       0x7a modules/segger/libmodules__segger.a(SEGGER_RTT.c.obj)
 .comment       0x00000079       0x7a modules/segger/libmodules__segger.a(SEGGER_RTT_zephyr.c.obj)
 .comment       0x00000079       0x7a zephyr/kernel/libkernel.a(device.c.obj)
 .comment       0x00000079       0x7a zephyr/kernel/libkernel.a(errno.c.obj)
 .comment       0x00000079       0x7a zephyr/kernel/libkernel.a(fatal.c.obj)
 .comment       0x00000079       0x7a zephyr/kernel/libkernel.a(init.c.obj)
 .comment       0x00000079       0x7a zephyr/kernel/libkernel.a(thread.c.obj)
 .comment       0x00000079       0x7a zephyr/kernel/libkernel.a(idle.c.obj)
 .comment       0x00000079       0x7a zephyr/kernel/libkernel.a(sem.c.obj)
 .comment       0x00000079       0x7a zephyr/kernel/libkernel.a(sched.c.obj)